Archive member included because of file (symbol)

./\libslsgui.a(simple_graphics.o)
                              obj/default/dc_motor_sync.o (LCD_init)
c:/altera/11.1sp1/nios2eds/bin/gnu/h-i686-mingw32/bin/../lib/gcc/nios2-elf/4.1.2/mno-hw-mul\libgcc.a(_fixunssfsi.o)
                              ./\libslsgui.a(simple_graphics.o) (__fixunssfsi)
c:/altera/11.1sp1/nios2eds/bin/gnu/h-i686-mingw32/bin/../lib/gcc/nios2-elf/4.1.2/mno-hw-mul\libgcc.a(_addsub_sf.o)
                              c:/altera/11.1sp1/nios2eds/bin/gnu/h-i686-mingw32/bin/../lib/gcc/nios2-elf/4.1.2/mno-hw-mul\libgcc.a(_fixunssfsi.o) (__subsf3)
c:/altera/11.1sp1/nios2eds/bin/gnu/h-i686-mingw32/bin/../lib/gcc/nios2-elf/4.1.2/mno-hw-mul\libgcc.a(_mul_sf.o)
                              ./\libslsgui.a(simple_graphics.o) (__mulsf3)
c:/altera/11.1sp1/nios2eds/bin/gnu/h-i686-mingw32/bin/../lib/gcc/nios2-elf/4.1.2/mno-hw-mul\libgcc.a(_div_sf.o)
                              ./\libslsgui.a(simple_graphics.o) (__divsf3)
c:/altera/11.1sp1/nios2eds/bin/gnu/h-i686-mingw32/bin/../lib/gcc/nios2-elf/4.1.2/mno-hw-mul\libgcc.a(_ge_sf.o)
                              c:/altera/11.1sp1/nios2eds/bin/gnu/h-i686-mingw32/bin/../lib/gcc/nios2-elf/4.1.2/mno-hw-mul\libgcc.a(_fixunssfsi.o) (__gesf2)
c:/altera/11.1sp1/nios2eds/bin/gnu/h-i686-mingw32/bin/../lib/gcc/nios2-elf/4.1.2/mno-hw-mul\libgcc.a(_sf_to_si.o)
                              c:/altera/11.1sp1/nios2eds/bin/gnu/h-i686-mingw32/bin/../lib/gcc/nios2-elf/4.1.2/mno-hw-mul\libgcc.a(_fixunssfsi.o) (__fixsfsi)
c:/altera/11.1sp1/nios2eds/bin/gnu/h-i686-mingw32/bin/../lib/gcc/nios2-elf/4.1.2/mno-hw-mul\libgcc.a(_thenan_sf.o)
                              c:/altera/11.1sp1/nios2eds/bin/gnu/h-i686-mingw32/bin/../lib/gcc/nios2-elf/4.1.2/mno-hw-mul\libgcc.a(_addsub_sf.o) (__thenan_sf)
c:/altera/11.1sp1/nios2eds/bin/gnu/h-i686-mingw32/bin/../lib/gcc/nios2-elf/4.1.2/mno-hw-mul\libgcc.a(_usi_to_sf.o)
                              ./\libslsgui.a(simple_graphics.o) (__floatunsisf)
c:/altera/11.1sp1/nios2eds/bin/gnu/h-i686-mingw32/bin/../lib/gcc/nios2-elf/4.1.2/mno-hw-mul\libgcc.a(_addsub_df.o)
                              obj/default/dc_motor_sync.o (__adddf3)
c:/altera/11.1sp1/nios2eds/bin/gnu/h-i686-mingw32/bin/../lib/gcc/nios2-elf/4.1.2/mno-hw-mul\libgcc.a(_mul_df.o)
                              obj/default/dc_motor_sync.o (__muldf3)
c:/altera/11.1sp1/nios2eds/bin/gnu/h-i686-mingw32/bin/../lib/gcc/nios2-elf/4.1.2/mno-hw-mul\libgcc.a(_si_to_df.o)
                              obj/default/dc_motor_sync.o (__floatsidf)
c:/altera/11.1sp1/nios2eds/bin/gnu/h-i686-mingw32/bin/../lib/gcc/nios2-elf/4.1.2/mno-hw-mul\libgcc.a(_df_to_si.o)
                              obj/default/dc_motor_sync.o (__fixdfsi)
c:/altera/11.1sp1/nios2eds/bin/gnu/h-i686-mingw32/bin/../lib/gcc/nios2-elf/4.1.2/mno-hw-mul\libgcc.a(_thenan_df.o)
                              c:/altera/11.1sp1/nios2eds/bin/gnu/h-i686-mingw32/bin/../lib/gcc/nios2-elf/4.1.2/mno-hw-mul\libgcc.a(_addsub_df.o) (__thenan_df)
c:/altera/11.1sp1/nios2eds/bin/gnu/h-i686-mingw32/bin/../lib/gcc/nios2-elf/4.1.2/mno-hw-mul\libgcc.a(lib2-mul.o)
                              obj/default/dc_motor_sync.o (__mulsi3)
c:/altera/11.1sp1/nios2eds/bin/gnu/h-i686-mingw32/bin/../lib/gcc/nios2-elf/4.1.2/mno-hw-mul\libgcc.a(_muldi3.o)
                              c:/altera/11.1sp1/nios2eds/bin/gnu/h-i686-mingw32/bin/../lib/gcc/nios2-elf/4.1.2/mno-hw-mul\libgcc.a(_mul_sf.o) (__muldi3)
c:/altera/11.1sp1/nios2eds/bin/gnu/h-i686-mingw32/bin/../lib/gcc/nios2-elf/4.1.2/mno-hw-mul\libgcc.a(_clzsi2.o)
                              c:/altera/11.1sp1/nios2eds/bin/gnu/h-i686-mingw32/bin/../lib/gcc/nios2-elf/4.1.2/mno-hw-mul\libgcc.a(_usi_to_sf.o) (__clzsi2)
c:/altera/11.1sp1/nios2eds/bin/gnu/h-i686-mingw32/bin/../lib/gcc/nios2-elf/4.1.2/mno-hw-mul\libgcc.a(_pack_sf.o)
                              c:/altera/11.1sp1/nios2eds/bin/gnu/h-i686-mingw32/bin/../lib/gcc/nios2-elf/4.1.2/mno-hw-mul\libgcc.a(_addsub_sf.o) (__pack_f)
c:/altera/11.1sp1/nios2eds/bin/gnu/h-i686-mingw32/bin/../lib/gcc/nios2-elf/4.1.2/mno-hw-mul\libgcc.a(_unpack_sf.o)
                              c:/altera/11.1sp1/nios2eds/bin/gnu/h-i686-mingw32/bin/../lib/gcc/nios2-elf/4.1.2/mno-hw-mul\libgcc.a(_addsub_sf.o) (__unpack_f)
c:/altera/11.1sp1/nios2eds/bin/gnu/h-i686-mingw32/bin/../lib/gcc/nios2-elf/4.1.2/mno-hw-mul\libgcc.a(_fpcmp_parts_sf.o)
                              c:/altera/11.1sp1/nios2eds/bin/gnu/h-i686-mingw32/bin/../lib/gcc/nios2-elf/4.1.2/mno-hw-mul\libgcc.a(_ge_sf.o) (__fpcmp_parts_f)
c:/altera/11.1sp1/nios2eds/bin/gnu/h-i686-mingw32/bin/../lib/gcc/nios2-elf/4.1.2/mno-hw-mul\libgcc.a(_pack_df.o)
                              c:/altera/11.1sp1/nios2eds/bin/gnu/h-i686-mingw32/bin/../lib/gcc/nios2-elf/4.1.2/mno-hw-mul\libgcc.a(_addsub_df.o) (__pack_d)
c:/altera/11.1sp1/nios2eds/bin/gnu/h-i686-mingw32/bin/../lib/gcc/nios2-elf/4.1.2/mno-hw-mul\libgcc.a(_unpack_df.o)
[...]
Memory Configuration

Name             Origin             Length             Attributes
onchip_ram_BEFORE_EXCEPTION 0x00010000         0x00000020
onchip_ram       0x00010020         0x00009420
interrupt_stack  0x00019440         0x00000400
exception_stack  0x00019840         0x00000400
reset            0x00021800         0x00000020
epcs             0x00021820         0x000007e0
*default*        0x00000000         0xffffffff

Linker script and memory map

LOAD ../BeInMotion_bsp//obj/HAL/src/crt0.o
LOAD obj/default/dc_motor_sync.o
LOAD obj/default/sls_fonts.o
LOAD ./\libslsgui.a
LOAD c:/altera/11.1sp1/nios2eds/bin/gnu/h-i686-mingw32/bin/../lib/gcc/nios2-elf/4.1.2/../../../../nios2-elf/lib/mno-hw-mul\libstdc++.a
LOAD c:/altera/11.1sp1/nios2eds/bin/gnu/h-i686-mingw32/bin/../lib/gcc/nios2-elf/4.1.2/../../../../nios2-elf/lib/mno-hw-mul\libm.a
LOAD c:/altera/11.1sp1/nios2eds/bin/gnu/h-i686-mingw32/bin/../lib/gcc/nios2-elf/4.1.2/mno-hw-mul\libgcc.a
START GROUP
LOAD c:/altera/11.1sp1/nios2eds/bin/gnu/h-i686-mingw32/bin/../lib/gcc/nios2-elf/4.1.2/../../../../nios2-elf/lib/mno-hw-mul\libsmallc.a
LOAD c:/altera/11.1sp1/nios2eds/bin/gnu/h-i686-mingw32/bin/../lib/gcc/nios2-elf/4.1.2/mno-hw-mul\libgcc.a
LOAD ../BeInMotion_bsp/\libhal_bsp.a
END GROUP
LOAD c:/altera/11.1sp1/nios2eds/bin/gnu/h-i686-mingw32/bin/../lib/gcc/nios2-elf/4.1.2/mno-hw-mul\libgcc.a
                0x00010000                __alt_mem_onchip_ram = 0x10000
                0x00021800                __alt_mem_epcs = 0x21800

.entry          0x00021800        0x0
 *(.entry)
 .entry         0x00021800        0x0 ../BeInMotion_bsp//obj/HAL/src/crt0.o
                0x00021800                __reset

.exceptions     0x00010020      0x1a0
                0x00010020                PROVIDE (__ram_exceptions_start, ABSOLUTE (.))
                0x00010020                . = ALIGN (0x20)
 *(.irq)
 *(.exceptions.entry.label)
 .exceptions.entry.label
                0x00010020        0x0 ../BeInMotion_bsp/\libhal_bsp.a(alt_irq_entry.o)
                0x00010020                alt_irq_entry
 .exceptions.entry.label
                0x00010020        0x0 ../BeInMotion_bsp/\libhal_bsp.a(alt_exception_entry.o)
                0x00010020                alt_exception
 *(.exceptions.entry.user)
 *(.exceptions.entry)
 .exceptions.entry
                0x00010020       0x60 ../BeInMotion_bsp/\libhal_bsp.a(alt_exception_entry.o)
 *(.exceptions.irqtest.user)
 *(.exceptions.irqtest)
 .exceptions.irqtest
                0x00010080       0x10 ../BeInMotion_bsp/\libhal_bsp.a(alt_irq_entry.o)
 *(.exceptions.irqhandler.user)
 *(.exceptions.irqhandler)
 .exceptions.irqhandler
                0x00010090        0x4 ../BeInMotion_bsp/\libhal_bsp.a(alt_irq_entry.o)
 *(.exceptions.irqreturn.user)
 *(.exceptions.irqreturn)
 .exceptions.irqreturn
                0x00010094        0x4 ../BeInMotion_bsp/\libhal_bsp.a(alt_irq_entry.o)
 *(.exceptions.notirq.label)
 .exceptions.notirq.label
                0x00010098        0x0 ../BeInMotion_bsp/\libhal_bsp.a(alt_irq_entry.o)
 *(.exceptions.notirq.user)
 *(.exceptions.notirq)
 .exceptions.notirq
                0x00010098        0x8 ../BeInMotion_bsp/\libhal_bsp.a(alt_exception_entry.o)
 *(.exceptions.soft.user)
 *(.exceptions.soft)
 *(.exceptions.unknown.user)
 *(.exceptions.unknown)
 .exceptions.unknown
                0x000100a0        0x4 ../BeInMotion_bsp/\libhal_bsp.a(alt_exception_entry.o)
 *(.exceptions.exit.label)
 .exceptions.exit.label
                0x000100a4        0x0 ../BeInMotion_bsp/\libhal_bsp.a(alt_irq_entry.o)
 .exceptions.exit.label
                0x000100a4        0x0 ../BeInMotion_bsp/\libhal_bsp.a(alt_exception_entry.o)
 *(.exceptions.exit.user)
 *(.exceptions.exit)
 .exceptions.exit
                0x000100a4       0x54 ../BeInMotion_bsp/\libhal_bsp.a(alt_exception_entry.o)
 *(.exceptions)
 .exceptions    0x000100f8       0xc8 ../BeInMotion_bsp/\libhal_bsp.a(alt_irq_handler.o)
                0x000100f8                alt_irq_handler
                0x000101c0                PROVIDE (__ram_exceptions_end, ABSOLUTE (.))
                0x00010020                PROVIDE (__flash_exceptions_start, LOADADDR (.exceptions))

.text           0x000101c0     0x7570
                0x000101c0                PROVIDE (stext, ABSOLUTE (.))
 *(.interp)
 *(.hash)
 *(.dynsym)
 *(.dynstr)
 *(.gnu.version)
 *(.gnu.version_d)
 *(.gnu.version_r)
 *(.rel.init)
 *(.rela.init)
 *(.rel.text .rel.text.* .rel.gnu.linkonce.t.*)
 *(.rela.text .rela.text.* .rela.gnu.linkonce.t.*)
 *(.rel.fini)
 *(.rela.fini)
 *(.rel.rodata .rel.rodata.* .rel.gnu.linkonce.r.*)
 *(.rela.rodata .rela.rodata.* .rela.gnu.linkonce.r.*)
 *(.rel.data .rel.data.* .rel.gnu.linkonce.d.*)
 *(.rela.data .rela.data.* .rela.gnu.linkonce.d.*)
 *(.rel.tdata .rel.tdata.* .rel.gnu.linkonce.td.*)
 *(.rela.tdata .rela.tdata.* .rela.gnu.linkonce.td.*)
 *(.rel.tbss .rel.tbss.* .rel.gnu.linkonce.tb.*)
 *(.rela.tbss .rela.tbss.* .rela.gnu.linkonce.tb.*)
 *(.rel.ctors)
 *(.rela.ctors)
 *(.rel.dtors)
 *(.rela.dtors)
 *(.rel.got)
 *(.rela.got)
 *(.rel.sdata .rel.sdata.* .rel.gnu.linkonce.s.*)
 *(.rela.sdata .rela.sdata.* .rela.gnu.linkonce.s.*)
 *(.rel.sbss .rel.sbss.* .rel.gnu.linkonce.sb.*)
 *(.rela.sbss .rela.sbss.* .rela.gnu.linkonce.sb.*)
 *(.rel.sdata2 .rel.sdata2.* .rel.gnu.linkonce.s2.*)
 *(.rela.sdata2 .rela.sdata2.* .rela.gnu.linkonce.s2.*)
 *(.rel.sbss2 .rel.sbss2.* .rel.gnu.linkonce.sb2.*)
 *(.rela.sbss2 .rela.sbss2.* .rela.gnu.linkonce.sb2.*)
 *(.rel.bss .rel.bss.* .rel.gnu.linkonce.b.*)
 *(.rela.bss .rela.bss.* .rela.gnu.linkonce.b.*)
 *(.rel.plt)
 *(.rela.plt)
 *(.rel.dyn)
 *(.init)
 *(.plt)
 *(.text .stub .text.* .gnu.linkonce.t.*)
 .text          0x000101c0       0x38 ../BeInMotion_bsp//obj/HAL/src/crt0.o
                0x000101c0                _start
 .text          0x000101f8     0x10a8 obj/default/dc_motor_sync.o
                0x000101f8                pid_controller_hw
                0x00010354                pid_controller_sw
                0x000105e0                isr_dc_m2
                0x0001062c                isr_dc_m1
                0x00010678                turn_left
                0x000108c8                turn_right
                0x00010b18                move_fwd
                0x00010d44                move_bwd
                0x00010fb0                main
 .text          0x000112a0        0x0 obj/default/sls_fonts.o
 .text          0x000112a0     0x1fec ./\libslsgui.a(simple_graphics.o)
                0x000112a0                LCD_init
                0x000116f0                LCD_draw_line
                0x0001179c                LCD_print_string
                0x00011908                LCD_draw_box
                0x00011a1c                LCD_print_char
                0x00011b04                LCD_set_pixel
                0x00011c24                LCD_get_pixel
                0x00011d70                LCD_paint_block
                0x00011ee8                LCD_draw_horiz_line
                0x00012048                LCD_merge_colors
                0x00012138                LCD_draw_sloped_line
                0x000123ac                LCD_draw_circle
                0x000124f4                LCD_circle_points
                0x00012938                LCD_draw_round_corner_box
                0x00012c94                LCD_round_corner_points
 .text          0x0001328c       0x70 c:/altera/11.1sp1/nios2eds/bin/gnu/h-i686-mingw32/bin/../lib/gcc/nios2-elf/4.1.2/mno-hw-mul\libgcc.a(_fixunssfsi.o)
                0x0001328c                __fixunssfsi
 .text          0x000132fc      0x2b8 c:/altera/11.1sp1/nios2eds/bin/gnu/h-i686-mingw32/bin/../lib/gcc/nios2-elf/4.1.2/mno-hw-mul\libgcc.a(_addsub_sf.o)
                0x000134e0                __subsf3
                0x00013550                __addsf3
 .text          0x000135b4      0x1e0 c:/altera/11.1sp1/nios2eds/bin/gnu/h-i686-mingw32/bin/../lib/gcc/nios2-elf/4.1.2/mno-hw-mul\libgcc.a(_mul_sf.o)
                0x000135b4                __mulsf3
 .text          0x00013794      0x174 c:/altera/11.1sp1/nios2eds/bin/gnu/h-i686-mingw32/bin/../lib/gcc/nios2-elf/4.1.2/mno-hw-mul\libgcc.a(_div_sf.o)
                0x00013794                __divsf3
 .text          0x00013908       0x78 c:/altera/11.1sp1/nios2eds/bin/gnu/h-i686-mingw32/bin/../lib/gcc/nios2-elf/4.1.2/mno-hw-mul\libgcc.a(_ge_sf.o)
                0x00013908                __gesf2
 .text          0x00013980       0x94 c:/altera/11.1sp1/nios2eds/bin/gnu/h-i686-mingw32/bin/../lib/gcc/nios2-elf/4.1.2/mno-hw-mul\libgcc.a(_sf_to_si.o)
                0x00013980                __fixsfsi
 .text          0x00013a14        0x0 c:/altera/11.1sp1/nios2eds/bin/gnu/h-i686-mingw32/bin/../lib/gcc/nios2-elf/4.1.2/mno-hw-mul\libgcc.a(_thenan_sf.o)
 .text          0x00013a14       0xc0 c:/altera/11.1sp1/nios2eds/bin/gnu/h-i686-mingw32/bin/../lib/gcc/nios2-elf/4.1.2/mno-hw-mul\libgcc.a(_usi_to_sf.o)
                0x00013a14                __floatunsisf
 .text          0x00013ad4      0x504 c:/altera/11.1sp1/nios2eds/bin/gnu/h-i686-mingw32/bin/../lib/gcc/nios2-elf/4.1.2/mno-hw-mul\libgcc.a(_addsub_df.o)
                0x00013ee4                __subdf3
                0x00013f64                __adddf3
 .text          0x00013fd8      0x3c4 c:/altera/11.1sp1/nios2eds/bin/gnu/h-i686-mingw32/bin/../lib/gcc/nios2-elf/4.1.2/mno-hw-mul\libgcc.a(_mul_df.o)
                0x00013fd8                __muldf3
 .text          0x0001439c       0xf8 c:/altera/11.1sp1/nios2eds/bin/gnu/h-i686-mingw32/bin/../lib/gcc/nios2-elf/4.1.2/mno-hw-mul\libgcc.a(_si_to_df.o)
                0x0001439c                __floatsidf
 .text          0x00014494       0xd8 c:/altera/11.1sp1/nios2eds/bin/gnu/h-i686-mingw32/bin/../lib/gcc/nios2-elf/4.1.2/mno-hw-mul\libgcc.a(_df_to_si.o)
                0x00014494                __fixdfsi
 .text          0x0001456c        0x0 c:/altera/11.1sp1/nios2eds/bin/gnu/h-i686-mingw32/bin/../lib/gcc/nios2-elf/4.1.2/mno-hw-mul\libgcc.a(_thenan_df.o)
 .text          0x0001456c       0x38 c:/altera/11.1sp1/nios2eds/bin/gnu/h-i686-mingw32/bin/../lib/gcc/nios2-elf/4.1.2/mno-hw-mul\libgcc.a(lib2-mul.o)
                0x0001456c                __mulsi3
 .text          0x000145a4      0x124 c:/altera/11.1sp1/nios2eds/bin/gnu/h-i686-mingw32/bin/../lib/gcc/nios2-elf/4.1.2/mno-hw-mul\libgcc.a(_muldi3.o)
                0x000145a4                __muldi3
 .text          0x000146c8       0x80 c:/altera/11.1sp1/nios2eds/bin/gnu/h-i686-mingw32/bin/../lib/gcc/nios2-elf/4.1.2/mno-hw-mul\libgcc.a(_clzsi2.o)
                0x000146c8                __clzsi2
 .text          0x00014748      0x160 c:/altera/11.1sp1/nios2eds/bin/gnu/h-i686-mingw32/bin/../lib/gcc/nios2-elf/4.1.2/mno-hw-mul\libgcc.a(_pack_sf.o)
                0x00014748                __pack_f
 .text          0x000148a8       0xc8 c:/altera/11.1sp1/nios2eds/bin/gnu/h-i686-mingw32/bin/../lib/gcc/nios2-elf/4.1.2/mno-hw-mul\libgcc.a(_unpack_sf.o)
                0x000148a8                __unpack_f
 .text          0x00014970       0xa8 c:/altera/11.1sp1/nios2eds/bin/gnu/h-i686-mingw32/bin/../lib/gcc/nios2-elf/4.1.2/mno-hw-mul\libgcc.a(_fpcmp_parts_sf.o)
                0x00014970                __fpcmp_parts_f
 .text          0x00014a18      0x314 c:/altera/11.1sp1/nios2eds/bin/gnu/h-i686-mingw32/bin/../lib/gcc/nios2-elf/4.1.2/mno-hw-mul\libgcc.a(_pack_df.o)
                0x00014a18                __pack_d
 .text          0x00014d2c      0x138 c:/altera/11.1sp1/nios2eds/bin/gnu/h-i686-mingw32/bin/../lib/gcc/nios2-elf/4.1.2/mno-hw-mul\libgcc.a(_unpack_df.o)
                0x00014d2c                __unpack_d
 .text          0x00014e64        0x0 c:/altera/11.1sp1/nios2eds/bin/gnu/h-i686-mingw32/bin/../lib/gcc/nios2-elf/4.1.2/mno-hw-mul\libgcc.a(_clz.o)
 .text          0x00014e64       0x2c c:/altera/11.1sp1/nios2eds/bin/gnu/h-i686-mingw32/bin/../lib/gcc/nios2-elf/4.1.2/../../../../nios2-elf/lib/mno-hw-mul\libsmallc.a(lib_a-memcpy.o)
                0x00014e64                memcpy
 .text          0x00014e90       0x98 c:/altera/11.1sp1/nios2eds/bin/gnu/h-i686-mingw32/bin/../lib/gcc/nios2-elf/4.1.2/../../../../nios2-elf/lib/mno-hw-mul\libsmallc.a(lib_a-printf.o)
                0x00014e90                printf
                0x00014ee4                _printf_r
 .text          0x00014f28       0x24 c:/altera/11.1sp1/nios2eds/bin/gnu/h-i686-mingw32/bin/../lib/gcc/nios2-elf/4.1.2/../../../../nios2-elf/lib/mno-hw-mul\libsmallc.a(lib_a-putchar.o)
                0x00014f28                putchar
                0x00014f44                _putchar_r
 .text          0x00014f4c       0xa4 c:/altera/11.1sp1/nios2eds/bin/gnu/h-i686-mingw32/bin/../lib/gcc/nios2-elf/4.1.2/../../../../nios2-elf/lib/mno-hw-mul\libsmallc.a(lib_a-puts.o)
                0x00014f4c                _puts_r
                0x00014fdc                puts
 .text          0x00014ff0       0x20 c:/altera/11.1sp1/nios2eds/bin/gnu/h-i686-mingw32/bin/../lib/gcc/nios2-elf/4.1.2/../../../../nios2-elf/lib/mno-hw-mul\libsmallc.a(lib_a-strlen.o)
                0x00014ff0                strlen
 .text          0x00015010      0x6a4 c:/altera/11.1sp1/nios2eds/bin/gnu/h-i686-mingw32/bin/../lib/gcc/nios2-elf/4.1.2/../../../../nios2-elf/lib/mno-hw-mul\libsmallc.a(lib_a-vfprintf.o)
                0x00015090                ___vfprintf_internal_r
                0x00015690                __vfprintf_internal
 .text          0x000156b4       0xbc c:/altera/11.1sp1/nios2eds/bin/gnu/h-i686-mingw32/bin/../lib/gcc/nios2-elf/4.1.2/../../../../nios2-elf/lib/mno-hw-mul\libsmallc.a(lib_a-fvwrite_small_dev.o)
                0x000156b4                __sfvwrite_small_dev
 .text          0x00015770        0x0 c:/altera/11.1sp1/nios2eds/bin/gnu/h-i686-mingw32/bin/../lib/gcc/nios2-elf/4.1.2/../../../../nios2-elf/lib/mno-hw-mul\libsmallc.a(lib_a-impure.o)
 .text          0x00015770       0xe4 c:/altera/11.1sp1/nios2eds/bin/gnu/h-i686-mingw32/bin/../lib/gcc/nios2-elf/4.1.2/../../../../nios2-elf/lib/mno-hw-mul\libsmallc.a(lib_a-putc.o)
                0x00015770                putc
                0x000157e0                _putc_r
 .text          0x00015854       0x78 c:/altera/11.1sp1/nios2eds/bin/gnu/h-i686-mingw32/bin/../lib/gcc/nios2-elf/4.1.2/../../../../nios2-elf/lib/mno-hw-mul\libsmallc.a(lib_a-writer.o)
                0x00015854                _write_r
 .text          0x000158cc        0x0 c:/altera/11.1sp1/nios2eds/bin/gnu/h-i686-mingw32/bin/../lib/gcc/nios2-elf/4.1.2/../../../../nios2-elf/lib/mno-hw-mul\libsmallc.a(lib_a-int_errno.o)
 .text          0x000158cc      0x14c c:/altera/11.1sp1/nios2eds/bin/gnu/h-i686-mingw32/bin/../lib/gcc/nios2-elf/4.1.2/mno-hw-mul\libgcc.a(lib2-divmod.o)
                0x00015948                __divsi3
                0x000159a8                __modsi3
                0x00015a08                __udivsi3
                0x00015a10                __umodsi3
 .text          0x00015a18       0x5c ../BeInMotion_bsp/\libhal_bsp.a(alt_main.o)
                0x00015a18                alt_main
 .text          0x00015a74      0x2e4 ../BeInMotion_bsp/\libhal_bsp.a(alt_open.o)
                0x00015b6c                open
 .text          0x00015d58      0x184 ../BeInMotion_bsp/\libhal_bsp.a(alt_read.o)
                0x00015d58                read
 .text          0x00015edc       0x78 ../BeInMotion_bsp/\libhal_bsp.a(alt_release_fd.o)
                0x00015edc                alt_release_fd
 .text          0x00015f54       0x30 ../BeInMotion_bsp/\libhal_bsp.a(alt_usleep.o)
                0x00015f54                usleep
 .text          0x00015f84      0x184 ../BeInMotion_bsp/\libhal_bsp.a(alt_write.o)
                0x00015f84                write
 .text          0x00016108       0xc0 ../BeInMotion_bsp/\libhal_bsp.a(alt_sys_init.o)
                0x00016108                alt_irq_init
                0x0001613c                alt_sys_init
 .text          0x000161c8       0xb0 ../BeInMotion_bsp/\libhal_bsp.a(altera_avalon_jtag_uart_fd.o)
                0x000161c8                altera_avalon_jtag_uart_read_fd
                0x00016220                altera_avalon_jtag_uart_write_fd
 .text          0x00016278      0x104 ../BeInMotion_bsp/\libhal_bsp.a(altera_avalon_jtag_uart_read.o)
                0x00016278                altera_avalon_jtag_uart_read
 .text          0x0001637c       0xa4 ../BeInMotion_bsp/\libhal_bsp.a(altera_avalon_jtag_uart_write.o)
                0x0001637c                altera_avalon_jtag_uart_write
 .text          0x00016420      0x100 ../BeInMotion_bsp/\libhal_bsp.a(altera_avalon_timer_sc.o)
                0x00016490                alt_avalon_timer_sc_init
 .text          0x00016520       0xb0 ../BeInMotion_bsp/\libhal_bsp.a(altera_avalon_uart_fd.o)
                0x00016520                altera_avalon_uart_read_fd
                0x00016578                altera_avalon_uart_write_fd
 .text          0x000165d0      0x130 ../BeInMotion_bsp/\libhal_bsp.a(altera_avalon_uart_read.o)
                0x000165d0                altera_avalon_uart_read
 .text          0x00016700      0x150 ../BeInMotion_bsp/\libhal_bsp.a(altera_avalon_uart_write.o)
                0x00016700                altera_avalon_uart_write
 .text          0x00016850      0x15c ../BeInMotion_bsp/\libhal_bsp.a(alt_busy_sleep.o)
                0x00016850                alt_busy_sleep
 .text          0x000169ac      0x160 ../BeInMotion_bsp/\libhal_bsp.a(alt_close.o)
                0x000169ac                close
 .text          0x00016b0c       0x2c ../BeInMotion_bsp/\libhal_bsp.a(alt_dev.o)
 .text          0x00016b38      0x114 ../BeInMotion_bsp/\libhal_bsp.a(alt_dev_llist_insert.o)
                0x00016b38                alt_dev_llist_insert
 .text          0x00016c4c        0x0 ../BeInMotion_bsp/\libhal_bsp.a(alt_errno.o)
 .text          0x00016c4c       0x94 ../BeInMotion_bsp/\libhal_bsp.a(alt_find_dev.o)
                0x00016c4c                alt_find_dev
 .text          0x00016ce0      0x120 ../BeInMotion_bsp/\libhal_bsp.a(alt_find_file.o)
                0x00016ce0                alt_find_file
 .text          0x00016e00       0xd0 ../BeInMotion_bsp/\libhal_bsp.a(alt_get_fd.o)
                0x00016e00                alt_get_fd
 .text          0x00016ed0      0x1d4 ../BeInMotion_bsp/\libhal_bsp.a(alt_iic.o)
                0x00016ed0                alt_ic_isr_register
                0x00016f20                alt_ic_irq_enable
                0x00016fbc                alt_ic_irq_disable
                0x0001705c                alt_ic_irq_enabled
 .text          0x000170a4       0xf8 ../BeInMotion_bsp/\libhal_bsp.a(alt_iic_isr_register.o)
                0x000170a4                alt_iic_isr_register
 .text          0x0001719c      0x150 ../BeInMotion_bsp/\libhal_bsp.a(alt_io_redirect.o)
                0x00017274                alt_io_redirect
 .text          0x000172ec        0x0 ../BeInMotion_bsp/\libhal_bsp.a(alt_irq_entry.o)
 .text          0x000172ec        0x0 ../BeInMotion_bsp/\libhal_bsp.a(alt_irq_handler.o)
 .text          0x000172ec        0x0 ../BeInMotion_bsp/\libhal_bsp.a(alt_irq_vars.o)
 .text          0x000172ec      0x1a4 ../BeInMotion_bsp/\libhal_bsp.a(alt_tick.o)
                0x000172ec                alt_alarm_stop
                0x00017384                alt_tick
 .text          0x00017490       0x20 ../BeInMotion_bsp/\libhal_bsp.a(altera_nios2_qsys_irq.o)
                0x00017490                altera_nios2_qsys_irq_init
 .text          0x000174b0        0x0 ../BeInMotion_bsp/\libhal_bsp.a(alt_exception_entry.o)
 .text          0x000174b0       0x20 c:/altera/11.1sp1/nios2eds/bin/gnu/h-i686-mingw32/bin/../lib/gcc/nios2-elf/4.1.2/../../../../nios2-elf/lib/mno-hw-mul\libsmallc.a(lib_a-exit.o)
                0x000174b0                exit
 .text          0x000174d0       0x3c c:/altera/11.1sp1/nios2eds/bin/gnu/h-i686-mingw32/bin/../lib/gcc/nios2-elf/4.1.2/../../../../nios2-elf/lib/mno-hw-mul\libsmallc.a(lib_a-memcmp.o)
                0x000174d0                memcmp
 .text          0x0001750c      0x1c0 c:/altera/11.1sp1/nios2eds/bin/gnu/h-i686-mingw32/bin/../lib/gcc/nios2-elf/4.1.2/../../../../nios2-elf/lib/mno-hw-mul\libsmallc.a(lib_a-__call_atexit.o)
                0x00017510                __call_exitprocs
 .text          0x000176cc       0x60 ../BeInMotion_bsp/\libhal_bsp.a(alt_exit.o)
                0x0001770c                _exit
 *(.gnu.warning.*)
 *(.fini)
                0x0001772c                PROVIDE (__etext, ABSOLUTE (.))
                0x0001772c                PROVIDE (_etext, ABSOLUTE (.))
                0x0001772c                PROVIDE (etext, ABSOLUTE (.))
 *(.eh_frame_hdr)
                0x0001772c                . = ALIGN (0x4)
                0x0001772c                PROVIDE (__preinit_array_start, ABSOLUTE (.))
 *(.preinit_array)
                0x0001772c                PROVIDE (__preinit_array_end, ABSOLUTE (.))
                0x0001772c                PROVIDE (__init_array_start, ABSOLUTE (.))
 *(.init_array)
                0x0001772c                PROVIDE (__init_array_end, ABSOLUTE (.))
                0x0001772c                PROVIDE (__fini_array_start, ABSOLUTE (.))
 *(.fini_array)
                0x0001772c                PROVIDE (__fini_array_end, ABSOLUTE (.))
 *(.eh_frame)
 *(.gcc_except_table)
 *(.dynamic)
                0x0001772c                PROVIDE (__CTOR_LIST__, ABSOLUTE (.))
 *(.ctors)
 *(SORT(.ctors.*))
 .ctors.65535   0x0001772c        0x4 c:/altera/11.1sp1/nios2eds/bin/gnu/h-i686-mingw32/bin/../lib/gcc/nios2-elf/4.1.2/../../../../nios2-elf/lib/mno-hw-mul\libsmallc.a(lib_a-__call_atexit.o)
                0x00017730                PROVIDE (__CTOR_END__, ABSOLUTE (.))
                0x00017730                PROVIDE (__DTOR_LIST__, ABSOLUTE (.))
 *(.dtors)
 *(SORT(.dtors.*))
                0x00017730                PROVIDE (__DTOR_END__, ABSOLUTE (.))
 *(.jcr)
                0x00017730                . = ALIGN (0x4)

.rodata         0x00017730      0x254
                0x00017730                PROVIDE (__ram_rodata_start, ABSOLUTE (.))
                0x00017730                . = ALIGN (0x4)
 *(.rodata .rodata.* .gnu.linkonce.r.*)
 .rodata        0x00017730       0xf4 obj/default/dc_motor_sync.o
 .rodata        0x00017824       0x10 c:/altera/11.1sp1/nios2eds/bin/gnu/h-i686-mingw32/bin/../lib/gcc/nios2-elf/4.1.2/mno-hw-mul\libgcc.a(_thenan_sf.o)
                0x00017824                __thenan_sf
 .rodata        0x00017834       0x14 c:/altera/11.1sp1/nios2eds/bin/gnu/h-i686-mingw32/bin/../lib/gcc/nios2-elf/4.1.2/mno-hw-mul\libgcc.a(_thenan_df.o)
                0x00017834                __thenan_df
 .rodata        0x00017848      0x100 c:/altera/11.1sp1/nios2eds/bin/gnu/h-i686-mingw32/bin/../lib/gcc/nios2-elf/4.1.2/mno-hw-mul\libgcc.a(_clz.o)
                0x00017848                __clz_tab
 .rodata.str1.4
                0x00017948        0x4 c:/altera/11.1sp1/nios2eds/bin/gnu/h-i686-mingw32/bin/../lib/gcc/nios2-elf/4.1.2/../../../../nios2-elf/lib/mno-hw-mul\libsmallc.a(lib_a-puts.o)
 .rodata        0x0001794c       0x10 ../BeInMotion_bsp/\libhal_bsp.a(alt_main.o)
 .rodata        0x0001795c       0x1c ../BeInMotion_bsp/\libhal_bsp.a(alt_sys_init.o)
 .rodata        0x00017978        0xc ../BeInMotion_bsp/\libhal_bsp.a(alt_dev.o)
 *(.rodata1)
                0x00017984                . = ALIGN (0x4)
                0x00017984                PROVIDE (__ram_rodata_end, ABSOLUTE (.))
                0x00017730                PROVIDE (__flash_rodata_start, LOADADDR (.rodata))

.rwdata         0x00017984      0x72c
                0x00017984                PROVIDE (__ram_rwdata_start, ABSOLUTE (.))
                0x00017984                . = ALIGN (0x4)
 *(.got.plt)
 *(.got)
 *(.data1)
 *(.data .data.* .gnu.linkonce.d.*)
 .data          0x00017984        0x0 ../BeInMotion_bsp//obj/HAL/src/crt0.o
 .data          0x00017984        0x0 obj/default/dc_motor_sync.o
 .data          0x00017984      0x415 obj/default/sls_fonts.o
                0x00017984                cour10_font_array
 .data          0x00017d99        0x0 ./\libslsgui.a(simple_graphics.o)
 .data          0x00017d99        0x0 c:/altera/11.1sp1/nios2eds/bin/gnu/h-i686-mingw32/bin/../lib/gcc/nios2-elf/4.1.2/mno-hw-mul\libgcc.a(_fixunssfsi.o)
 .data          0x00017d99        0x0 c:/altera/11.1sp1/nios2eds/bin/gnu/h-i686-mingw32/bin/../lib/gcc/nios2-elf/4.1.2/mno-hw-mul\libgcc.a(_addsub_sf.o)
 .data          0x00017d99        0x0 c:/altera/11.1sp1/nios2eds/bin/gnu/h-i686-mingw32/bin/../lib/gcc/nios2-elf/4.1.2/mno-hw-mul\libgcc.a(_mul_sf.o)
 .data          0x00017d99        0x0 c:/altera/11.1sp1/nios2eds/bin/gnu/h-i686-mingw32/bin/../lib/gcc/nios2-elf/4.1.2/mno-hw-mul\libgcc.a(_div_sf.o)
 .data          0x00017d99        0x0 c:/altera/11.1sp1/nios2eds/bin/gnu/h-i686-mingw32/bin/../lib/gcc/nios2-elf/4.1.2/mno-hw-mul\libgcc.a(_ge_sf.o)
 .data          0x00017d99        0x0 c:/altera/11.1sp1/nios2eds/bin/gnu/h-i686-mingw32/bin/../lib/gcc/nios2-elf/4.1.2/mno-hw-mul\libgcc.a(_sf_to_si.o)
 .data          0x00017d99        0x0 c:/altera/11.1sp1/nios2eds/bin/gnu/h-i686-mingw32/bin/../lib/gcc/nios2-elf/4.1.2/mno-hw-mul\libgcc.a(_thenan_sf.o)
 .data          0x00017d99        0x0 c:/altera/11.1sp1/nios2eds/bin/gnu/h-i686-mingw32/bin/../lib/gcc/nios2-elf/4.1.2/mno-hw-mul\libgcc.a(_usi_to_sf.o)
 .data          0x00017d99        0x0 c:/altera/11.1sp1/nios2eds/bin/gnu/h-i686-mingw32/bin/../lib/gcc/nios2-elf/4.1.2/mno-hw-mul\libgcc.a(_addsub_df.o)
 .data          0x00017d99        0x0 c:/altera/11.1sp1/nios2eds/bin/gnu/h-i686-mingw32/bin/../lib/gcc/nios2-elf/4.1.2/mno-hw-mul\libgcc.a(_mul_df.o)
 .data          0x00017d99        0x0 c:/altera/11.1sp1/nios2eds/bin/gnu/h-i686-mingw32/bin/../lib/gcc/nios2-elf/4.1.2/mno-hw-mul\libgcc.a(_si_to_df.o)
 .data          0x00017d99        0x0 c:/altera/11.1sp1/nios2eds/bin/gnu/h-i686-mingw32/bin/../lib/gcc/nios2-elf/4.1.2/mno-hw-mul\libgcc.a(_df_to_si.o)
 .data          0x00017d99        0x0 c:/altera/11.1sp1/nios2eds/bin/gnu/h-i686-mingw32/bin/../lib/gcc/nios2-elf/4.1.2/mno-hw-mul\libgcc.a(_thenan_df.o)
 .data          0x00017d99        0x0 c:/altera/11.1sp1/nios2eds/bin/gnu/h-i686-mingw32/bin/../lib/gcc/nios2-elf/4.1.2/mno-hw-mul\libgcc.a(lib2-mul.o)
 .data          0x00017d99        0x0 c:/altera/11.1sp1/nios2eds/bin/gnu/h-i686-mingw32/bin/../lib/gcc/nios2-elf/4.1.2/mno-hw-mul\libgcc.a(_muldi3.o)
 .data          0x00017d99        0x0 c:/altera/11.1sp1/nios2eds/bin/gnu/h-i686-mingw32/bin/../lib/gcc/nios2-elf/4.1.2/mno-hw-mul\libgcc.a(_clzsi2.o)
 .data          0x00017d99        0x0 c:/altera/11.1sp1/nios2eds/bin/gnu/h-i686-mingw32/bin/../lib/gcc/nios2-elf/4.1.2/mno-hw-mul\libgcc.a(_pack_sf.o)
 .data          0x00017d99        0x0 c:/altera/11.1sp1/nios2eds/bin/gnu/h-i686-mingw32/bin/../lib/gcc/nios2-elf/4.1.2/mno-hw-mul\libgcc.a(_unpack_sf.o)
 .data          0x00017d99        0x0 c:/altera/11.1sp1/nios2eds/bin/gnu/h-i686-mingw32/bin/../lib/gcc/nios2-elf/4.1.2/mno-hw-mul\libgcc.a(_fpcmp_parts_sf.o)
 .data          0x00017d99        0x0 c:/altera/11.1sp1/nios2eds/bin/gnu/h-i686-mingw32/bin/../lib/gcc/nios2-elf/4.1.2/mno-hw-mul\libgcc.a(_pack_df.o)
 .data          0x00017d99        0x0 c:/altera/11.1sp1/nios2eds/bin/gnu/h-i686-mingw32/bin/../lib/gcc/nios2-elf/4.1.2/mno-hw-mul\libgcc.a(_unpack_df.o)
 .data          0x00017d99        0x0 c:/altera/11.1sp1/nios2eds/bin/gnu/h-i686-mingw32/bin/../lib/gcc/nios2-elf/4.1.2/mno-hw-mul\libgcc.a(_clz.o)
 .data          0x00017d99        0x0 c:/altera/11.1sp1/nios2eds/bin/gnu/h-i686-mingw32/bin/../lib/gcc/nios2-elf/4.1.2/../../../../nios2-elf/lib/mno-hw-mul\libsmallc.a(lib_a-memcpy.o)
 .data          0x00017d99        0x0 c:/altera/11.1sp1/nios2eds/bin/gnu/h-i686-mingw32/bin/../lib/gcc/nios2-elf/4.1.2/../../../../nios2-elf/lib/mno-hw-mul\libsmallc.a(lib_a-printf.o)
 .data          0x00017d99        0x0 c:/altera/11.1sp1/nios2eds/bin/gnu/h-i686-mingw32/bin/../lib/gcc/nios2-elf/4.1.2/../../../../nios2-elf/lib/mno-hw-mul\libsmallc.a(lib_a-putchar.o)
 .data          0x00017d99        0x0 c:/altera/11.1sp1/nios2eds/bin/gnu/h-i686-mingw32/bin/../lib/gcc/nios2-elf/4.1.2/../../../../nios2-elf/lib/mno-hw-mul\libsmallc.a(lib_a-puts.o)
 .data          0x00017d99        0x0 c:/altera/11.1sp1/nios2eds/bin/gnu/h-i686-mingw32/bin/../lib/gcc/nios2-elf/4.1.2/../../../../nios2-elf/lib/mno-hw-mul\libsmallc.a(lib_a-strlen.o)
 .data          0x00017d99        0x0 c:/altera/11.1sp1/nios2eds/bin/gnu/h-i686-mingw32/bin/../lib/gcc/nios2-elf/4.1.2/../../../../nios2-elf/lib/mno-hw-mul\libsmallc.a(lib_a-vfprintf.o)
 .data          0x00017d99        0x0 c:/altera/11.1sp1/nios2eds/bin/gnu/h-i686-mingw32/bin/../lib/gcc/nios2-elf/4.1.2/../../../../nios2-elf/lib/mno-hw-mul\libsmallc.a(lib_a-fvwrite_small_dev.o)
 *fill*         0x00017d99        0x3 00
 .data          0x00017d9c       0xe0 c:/altera/11.1sp1/nios2eds/bin/gnu/h-i686-mingw32/bin/../lib/gcc/nios2-elf/4.1.2/../../../../nios2-elf/lib/mno-hw-mul\libsmallc.a(lib_a-impure.o)
 .data          0x00017e7c        0x0 c:/altera/11.1sp1/nios2eds/bin/gnu/h-i686-mingw32/bin/../lib/gcc/nios2-elf/4.1.2/../../../../nios2-elf/lib/mno-hw-mul\libsmallc.a(lib_a-putc.o)
 .data          0x00017e7c        0x0 c:/altera/11.1sp1/nios2eds/bin/gnu/h-i686-mingw32/bin/../lib/gcc/nios2-elf/4.1.2/../../../../nios2-elf/lib/mno-hw-mul\libsmallc.a(lib_a-writer.o)
 .data          0x00017e7c        0x0 c:/altera/11.1sp1/nios2eds/bin/gnu/h-i686-mingw32/bin/../lib/gcc/nios2-elf/4.1.2/../../../../nios2-elf/lib/mno-hw-mul\libsmallc.a(lib_a-int_errno.o)
 .data          0x00017e7c        0x0 c:/altera/11.1sp1/nios2eds/bin/gnu/h-i686-mingw32/bin/../lib/gcc/nios2-elf/4.1.2/mno-hw-mul\libgcc.a(lib2-divmod.o)
 .data          0x00017e7c        0x0 ../BeInMotion_bsp/\libhal_bsp.a(alt_main.o)
 .data          0x00017e7c        0x0 ../BeInMotion_bsp/\libhal_bsp.a(alt_open.o)
 .data          0x00017e7c        0x0 ../BeInMotion_bsp/\libhal_bsp.a(alt_read.o)
 .data          0x00017e7c        0x0 ../BeInMotion_bsp/\libhal_bsp.a(alt_release_fd.o)
 .data          0x00017e7c        0x0 ../BeInMotion_bsp/\libhal_bsp.a(alt_usleep.o)
 .data          0x00017e7c        0x0 ../BeInMotion_bsp/\libhal_bsp.a(alt_write.o)
 .data          0x00017e7c       0x58 ../BeInMotion_bsp/\libhal_bsp.a(alt_sys_init.o)
 .data          0x00017ed4        0x0 ../BeInMotion_bsp/\libhal_bsp.a(altera_avalon_jtag_uart_fd.o)
 .data          0x00017ed4        0x0 ../BeInMotion_bsp/\libhal_bsp.a(altera_avalon_jtag_uart_read.o)
 .data          0x00017ed4        0x0 ../BeInMotion_bsp/\libhal_bsp.a(altera_avalon_jtag_uart_write.o)
 .data          0x00017ed4        0x0 ../BeInMotion_bsp/\libhal_bsp.a(altera_avalon_timer_sc.o)
 .data          0x00017ed4        0x0 ../BeInMotion_bsp/\libhal_bsp.a(altera_avalon_uart_fd.o)
 .data          0x00017ed4        0x0 ../BeInMotion_bsp/\libhal_bsp.a(altera_avalon_uart_read.o)
 .data          0x00017ed4        0x0 ../BeInMotion_bsp/\libhal_bsp.a(altera_avalon_uart_write.o)
 .data          0x00017ed4        0x0 ../BeInMotion_bsp/\libhal_bsp.a(alt_busy_sleep.o)
 .data          0x00017ed4        0x0 ../BeInMotion_bsp/\libhal_bsp.a(alt_close.o)
 .data          0x00017ed4      0x1a8 ../BeInMotion_bsp/\libhal_bsp.a(alt_dev.o)
                0x00017ed4                alt_dev_null
                0x00017efc                alt_fd_list
 .data          0x0001807c        0x0 ../BeInMotion_bsp/\libhal_bsp.a(alt_dev_llist_insert.o)
 .data          0x0001807c        0x0 ../BeInMotion_bsp/\libhal_bsp.a(alt_errno.o)
 .data          0x0001807c        0x0 ../BeInMotion_bsp/\libhal_bsp.a(alt_find_dev.o)
 .data          0x0001807c        0x0 ../BeInMotion_bsp/\libhal_bsp.a(alt_find_file.o)
 .data          0x0001807c        0x0 ../BeInMotion_bsp/\libhal_bsp.a(alt_get_fd.o)
 .data          0x0001807c        0x0 ../BeInMotion_bsp/\libhal_bsp.a(alt_iic.o)
 .data          0x0001807c        0x0 ../BeInMotion_bsp/\libhal_bsp.a(alt_iic_isr_register.o)
 .data          0x0001807c        0x0 ../BeInMotion_bsp/\libhal_bsp.a(alt_io_redirect.o)
 .data          0x0001807c        0x0 ../BeInMotion_bsp/\libhal_bsp.a(alt_irq_entry.o)
 .data          0x0001807c        0x0 ../BeInMotion_bsp/\libhal_bsp.a(alt_irq_handler.o)
 .data          0x0001807c        0x0 ../BeInMotion_bsp/\libhal_bsp.a(alt_irq_vars.o)
 .data          0x0001807c        0x0 ../BeInMotion_bsp/\libhal_bsp.a(alt_tick.o)
 .data          0x0001807c        0x0 ../BeInMotion_bsp/\libhal_bsp.a(altera_nios2_qsys_irq.o)
 .data          0x0001807c        0x0 ../BeInMotion_bsp/\libhal_bsp.a(alt_exception_entry.o)
 .data          0x0001807c        0x0 c:/altera/11.1sp1/nios2eds/bin/gnu/h-i686-mingw32/bin/../lib/gcc/nios2-elf/4.1.2/../../../../nios2-elf/lib/mno-hw-mul\libsmallc.a(lib_a-exit.o)
 .data          0x0001807c        0x0 c:/altera/11.1sp1/nios2eds/bin/gnu/h-i686-mingw32/bin/../lib/gcc/nios2-elf/4.1.2/../../../../nios2-elf/lib/mno-hw-mul\libsmallc.a(lib_a-memcmp.o)
 .data          0x0001807c        0x0 c:/altera/11.1sp1/nios2eds/bin/gnu/h-i686-mingw32/bin/../lib/gcc/nios2-elf/4.1.2/../../../../nios2-elf/lib/mno-hw-mul\libsmallc.a(lib_a-__call_atexit.o)
 .data          0x0001807c        0x0 ../BeInMotion_bsp/\libhal_bsp.a(alt_exit.o)
                0x0002007c                _gp = ABSOLUTE ((. + 0x8000))
                0x0002007c                PROVIDE (gp, _gp)
 *(.rwdata .rwdata.*)
 *(.sdata .sdata.* .gnu.linkonce.s.*)
 .sdata         0x0001807c        0x8 obj/default/dc_motor_sync.o
                0x0001807c                dc_m1_pwm_freq
                0x00018080                dc_m2_pwm_freq
 .sdata         0x00018084        0x4 obj/default/sls_fonts.o
                0x00018084                cour10_font
 .sdata         0x00018088        0x8 c:/altera/11.1sp1/nios2eds/bin/gnu/h-i686-mingw32/bin/../lib/gcc/nios2-elf/4.1.2/../../../../nios2-elf/lib/mno-hw-mul\libsmallc.a(lib_a-impure.o)
                0x00018088                _impure_ptr
                0x0001808c                _global_impure_ptr
 .sdata         0x00018090       0x14 ../BeInMotion_bsp/\libhal_bsp.a(alt_dev.o)
                0x00018090                alt_fs_list
                0x00018098                alt_dev_list
                0x000180a0                alt_max_fd
 .sdata         0x000180a4        0x4 ../BeInMotion_bsp/\libhal_bsp.a(alt_errno.o)
                0x000180a4                alt_errno
 .sdata         0x000180a8        0x8 ../BeInMotion_bsp/\libhal_bsp.a(alt_tick.o)
                0x000180a8                alt_alarm_list
 *(.sdata2 .sdata2.* .gnu.linkonce.s2.*)
                0x000180b0                . = ALIGN (0x4)
                0x000180b0                _edata = ABSOLUTE (.)
                0x000180b0                PROVIDE (edata, ABSOLUTE (.))
                0x000180b0                PROVIDE (__ram_rwdata_end, ABSOLUTE (.))
                0x00017984                PROVIDE (__flash_rwdata_start, LOADADDR (.rwdata))

.bss            0x000180b0      0x18c
                0x000180b0                __bss_start = ABSOLUTE (.)
                0x000180b0                PROVIDE (__sbss_start, ABSOLUTE (.))
                0x000180b0                PROVIDE (___sbss_start, ABSOLUTE (.))
 *(.dynsbss)
 *(.sbss .sbss.* .gnu.linkonce.sb.*)
 .sbss          0x000180b0       0x18 obj/default/dc_motor_sync.o
                0x000180b0                OutPreSat_m1
                0x000180b8                OutPreSat_m2
                0x000180c0                Ui_m1
                0x000180c4                Ui_m2
 .sbss          0x000180c8       0x51 obj/default/dc_motor_sync.o
                0x000180c8                j
                0x000180cc                Err_m1
                0x000180d0                Up1_m2
                0x000180d4                dc_m1_pwm_duty
                0x000180d8                Ud_m2
                0x000180dc                i
                0x000180e0                Up_m2
                0x000180e4                wall_detect
                0x000180e8                dc2_cmp
                0x000180ec                Err_m2
                0x000180f0                dc_m1
                0x000180f4                Up_m1
                0x000180f8                dc_m2_pwm_duty
                0x000180fc                edge
                0x00018100                Ud_m1
                0x00018104                Out_pwm2
                0x00018108                dc1_cmp
                0x0001810c                Up1_m1
                0x00018110                Out_pwm1
                0x00018114                dc_m2
                0x00018118                table_edge
 *fill*         0x00018119        0x3 00
 .sbss          0x0001811c        0x4 ./\libslsgui.a(simple_graphics.o)
 .sbss          0x00018120        0x4 c:/altera/11.1sp1/nios2eds/bin/gnu/h-i686-mingw32/bin/../lib/gcc/nios2-elf/4.1.2/../../../../nios2-elf/lib/mno-hw-mul\libsmallc.a(lib_a-int_errno.o)
                0x00018120                errno
 .sbss          0x00018124        0xc ../BeInMotion_bsp/\libhal_bsp.a(alt_main.o)
                0x00018124                alt_argc
                0x00018128                alt_argv
                0x0001812c                alt_envp
 .sbss          0x00018130        0x4 ../BeInMotion_bsp/\libhal_bsp.a(alt_irq_vars.o)
                0x00018130                alt_irq_active
 .sbss          0x00018134        0x8 ../BeInMotion_bsp/\libhal_bsp.a(alt_tick.o)
                0x00018134                _alt_tick_rate
                0x00018138                _alt_nticks
 *(.sbss2 .sbss2.* .gnu.linkonce.sb2.*)
 *(.scommon)
                0x0001813c                PROVIDE (__sbss_end, ABSOLUTE (.))
                0x0001813c                PROVIDE (___sbss_end, ABSOLUTE (.))
 *(.dynbss)
 *(.bss .bss.* .gnu.linkonce.b.*)
 .bss           0x0001813c        0x0 ../BeInMotion_bsp//obj/HAL/src/crt0.o
 .bss           0x0001813c        0x0 obj/default/dc_motor_sync.o
 .bss           0x0001813c        0x0 obj/default/sls_fonts.o
 .bss           0x0001813c        0x0 ./\libslsgui.a(simple_graphics.o)
 .bss           0x0001813c        0x0 c:/altera/11.1sp1/nios2eds/bin/gnu/h-i686-mingw32/bin/../lib/gcc/nios2-elf/4.1.2/mno-hw-mul\libgcc.a(_fixunssfsi.o)
 .bss           0x0001813c        0x0 c:/altera/11.1sp1/nios2eds/bin/gnu/h-i686-mingw32/bin/../lib/gcc/nios2-elf/4.1.2/mno-hw-mul\libgcc.a(_addsub_sf.o)
 .bss           0x0001813c        0x0 c:/altera/11.1sp1/nios2eds/bin/gnu/h-i686-mingw32/bin/../lib/gcc/nios2-elf/4.1.2/mno-hw-mul\libgcc.a(_mul_sf.o)
 .bss           0x0001813c        0x0 c:/altera/11.1sp1/nios2eds/bin/gnu/h-i686-mingw32/bin/../lib/gcc/nios2-elf/4.1.2/mno-hw-mul\libgcc.a(_div_sf.o)
 .bss           0x0001813c        0x0 c:/altera/11.1sp1/nios2eds/bin/gnu/h-i686-mingw32/bin/../lib/gcc/nios2-elf/4.1.2/mno-hw-mul\libgcc.a(_ge_sf.o)
 .bss           0x0001813c        0x0 c:/altera/11.1sp1/nios2eds/bin/gnu/h-i686-mingw32/bin/../lib/gcc/nios2-elf/4.1.2/mno-hw-mul\libgcc.a(_sf_to_si.o)
 .bss           0x0001813c        0x0 c:/altera/11.1sp1/nios2eds/bin/gnu/h-i686-mingw32/bin/../lib/gcc/nios2-elf/4.1.2/mno-hw-mul\libgcc.a(_thenan_sf.o)
 .bss           0x0001813c        0x0 c:/altera/11.1sp1/nios2eds/bin/gnu/h-i686-mingw32/bin/../lib/gcc/nios2-elf/4.1.2/mno-hw-mul\libgcc.a(_usi_to_sf.o)
 .bss           0x0001813c        0x0 c:/altera/11.1sp1/nios2eds/bin/gnu/h-i686-mingw32/bin/../lib/gcc/nios2-elf/4.1.2/mno-hw-mul\libgcc.a(_addsub_df.o)
 .bss           0x0001813c        0x0 c:/altera/11.1sp1/nios2eds/bin/gnu/h-i686-mingw32/bin/../lib/gcc/nios2-elf/4.1.2/mno-hw-mul\libgcc.a(_mul_df.o)
 .bss           0x0001813c        0x0 c:/altera/11.1sp1/nios2eds/bin/gnu/h-i686-mingw32/bin/../lib/gcc/nios2-elf/4.1.2/mno-hw-mul\libgcc.a(_si_to_df.o)
 .bss           0x0001813c        0x0 c:/altera/11.1sp1/nios2eds/bin/gnu/h-i686-mingw32/bin/../lib/gcc/nios2-elf/4.1.2/mno-hw-mul\libgcc.a(_df_to_si.o)
 .bss           0x0001813c        0x0 c:/altera/11.1sp1/nios2eds/bin/gnu/h-i686-mingw32/bin/../lib/gcc/nios2-elf/4.1.2/mno-hw-mul\libgcc.a(_thenan_df.o)
 .bss           0x0001813c        0x0 c:/altera/11.1sp1/nios2eds/bin/gnu/h-i686-mingw32/bin/../lib/gcc/nios2-elf/4.1.2/mno-hw-mul\libgcc.a(lib2-mul.o)
 .bss           0x0001813c        0x0 c:/altera/11.1sp1/nios2eds/bin/gnu/h-i686-mingw32/bin/../lib/gcc/nios2-elf/4.1.2/mno-hw-mul\libgcc.a(_muldi3.o)
 .bss           0x0001813c        0x0 c:/altera/11.1sp1/nios2eds/bin/gnu/h-i686-mingw32/bin/../lib/gcc/nios2-elf/4.1.2/mno-hw-mul\libgcc.a(_clzsi2.o)
 .bss           0x0001813c        0x0 c:/altera/11.1sp1/nios2eds/bin/gnu/h-i686-mingw32/bin/../lib/gcc/nios2-elf/4.1.2/mno-hw-mul\libgcc.a(_pack_sf.o)
 .bss           0x0001813c        0x0 c:/altera/11.1sp1/nios2eds/bin/gnu/h-i686-mingw32/bin/../lib/gcc/nios2-elf/4.1.2/mno-hw-mul\libgcc.a(_unpack_sf.o)
 .bss           0x0001813c        0x0 c:/altera/11.1sp1/nios2eds/bin/gnu/h-i686-mingw32/bin/../lib/gcc/nios2-elf/4.1.2/mno-hw-mul\libgcc.a(_fpcmp_parts_sf.o)
 .bss           0x0001813c        0x0 c:/altera/11.1sp1/nios2eds/bin/gnu/h-i686-mingw32/bin/../lib/gcc/nios2-elf/4.1.2/mno-hw-mul\libgcc.a(_pack_df.o)
 .bss           0x0001813c        0x0 c:/altera/11.1sp1/nios2eds/bin/gnu/h-i686-mingw32/bin/../lib/gcc/nios2-elf/4.1.2/mno-hw-mul\libgcc.a(_unpack_df.o)
 .bss           0x0001813c        0x0 c:/altera/11.1sp1/nios2eds/bin/gnu/h-i686-mingw32/bin/../lib/gcc/nios2-elf/4.1.2/mno-hw-mul\libgcc.a(_clz.o)
 .bss           0x0001813c        0x0 c:/altera/11.1sp1/nios2eds/bin/gnu/h-i686-mingw32/bin/../lib/gcc/nios2-elf/4.1.2/../../../../nios2-elf/lib/mno-hw-mul\libsmallc.a(lib_a-memcpy.o)
 .bss           0x0001813c        0x0 c:/altera/11.1sp1/nios2eds/bin/gnu/h-i686-mingw32/bin/../lib/gcc/nios2-elf/4.1.2/../../../../nios2-elf/lib/mno-hw-mul\libsmallc.a(lib_a-printf.o)
 .bss           0x0001813c        0x0 c:/altera/11.1sp1/nios2eds/bin/gnu/h-i686-mingw32/bin/../lib/gcc/nios2-elf/4.1.2/../../../../nios2-elf/lib/mno-hw-mul\libsmallc.a(lib_a-putchar.o)
 .bss           0x0001813c        0x0 c:/altera/11.1sp1/nios2eds/bin/gnu/h-i686-mingw32/bin/../lib/gcc/nios2-elf/4.1.2/../../../../nios2-elf/lib/mno-hw-mul\libsmallc.a(lib_a-puts.o)
 .bss           0x0001813c        0x0 c:/altera/11.1sp1/nios2eds/bin/gnu/h-i686-mingw32/bin/../lib/gcc/nios2-elf/4.1.2/../../../../nios2-elf/lib/mno-hw-mul\libsmallc.a(lib_a-strlen.o)
 .bss           0x0001813c        0x0 c:/altera/11.1sp1/nios2eds/bin/gnu/h-i686-mingw32/bin/../lib/gcc/nios2-elf/4.1.2/../../../../nios2-elf/lib/mno-hw-mul\libsmallc.a(lib_a-vfprintf.o)
 .bss           0x0001813c        0x0 c:/altera/11.1sp1/nios2eds/bin/gnu/h-i686-mingw32/bin/../lib/gcc/nios2-elf/4.1.2/../../../../nios2-elf/lib/mno-hw-mul\libsmallc.a(lib_a-fvwrite_small_dev.o)
 .bss           0x0001813c        0x0 c:/altera/11.1sp1/nios2eds/bin/gnu/h-i686-mingw32/bin/../lib/gcc/nios2-elf/4.1.2/../../../../nios2-elf/lib/mno-hw-mul\libsmallc.a(lib_a-impure.o)
 .bss           0x0001813c        0x0 c:/altera/11.1sp1/nios2eds/bin/gnu/h-i686-mingw32/bin/../lib/gcc/nios2-elf/4.1.2/../../../../nios2-elf/lib/mno-hw-mul\libsmallc.a(lib_a-putc.o)
 .bss           0x0001813c        0x0 c:/altera/11.1sp1/nios2eds/bin/gnu/h-i686-mingw32/bin/../lib/gcc/nios2-elf/4.1.2/../../../../nios2-elf/lib/mno-hw-mul\libsmallc.a(lib_a-writer.o)
 .bss           0x0001813c        0x0 c:/altera/11.1sp1/nios2eds/bin/gnu/h-i686-mingw32/bin/../lib/gcc/nios2-elf/4.1.2/../../../../nios2-elf/lib/mno-hw-mul\libsmallc.a(lib_a-int_errno.o)
 .bss           0x0001813c        0x0 c:/altera/11.1sp1/nios2eds/bin/gnu/h-i686-mingw32/bin/../lib/gcc/nios2-elf/4.1.2/mno-hw-mul\libgcc.a(lib2-divmod.o)
 .bss           0x0001813c        0x0 ../BeInMotion_bsp/\libhal_bsp.a(alt_main.o)
 .bss           0x0001813c        0x0 ../BeInMotion_bsp/\libhal_bsp.a(alt_open.o)
 .bss           0x0001813c        0x0 ../BeInMotion_bsp/\libhal_bsp.a(alt_read.o)
 .bss           0x0001813c        0x0 ../BeInMotion_bsp/\libhal_bsp.a(alt_release_fd.o)
 .bss           0x0001813c        0x0 ../BeInMotion_bsp/\libhal_bsp.a(alt_usleep.o)
 .bss           0x0001813c        0x0 ../BeInMotion_bsp/\libhal_bsp.a(alt_write.o)
 .bss           0x0001813c        0x0 ../BeInMotion_bsp/\libhal_bsp.a(alt_sys_init.o)
 .bss           0x0001813c        0x0 ../BeInMotion_bsp/\libhal_bsp.a(altera_avalon_jtag_uart_fd.o)
 .bss           0x0001813c        0x0 ../BeInMotion_bsp/\libhal_bsp.a(altera_avalon_jtag_uart_read.o)
 .bss           0x0001813c        0x0 ../BeInMotion_bsp/\libhal_bsp.a(altera_avalon_jtag_uart_write.o)
 .bss           0x0001813c        0x0 ../BeInMotion_bsp/\libhal_bsp.a(altera_avalon_timer_sc.o)
 .bss           0x0001813c        0x0 ../BeInMotion_bsp/\libhal_bsp.a(altera_avalon_uart_fd.o)
 .bss           0x0001813c        0x0 ../BeInMotion_bsp/\libhal_bsp.a(altera_avalon_uart_read.o)
 .bss           0x0001813c        0x0 ../BeInMotion_bsp/\libhal_bsp.a(altera_avalon_uart_write.o)
 .bss           0x0001813c        0x0 ../BeInMotion_bsp/\libhal_bsp.a(alt_busy_sleep.o)
 .bss           0x0001813c        0x0 ../BeInMotion_bsp/\libhal_bsp.a(alt_close.o)
 .bss           0x0001813c        0x0 ../BeInMotion_bsp/\libhal_bsp.a(alt_dev.o)
 .bss           0x0001813c        0x0 ../BeInMotion_bsp/\libhal_bsp.a(alt_dev_llist_insert.o)
 .bss           0x0001813c        0x0 ../BeInMotion_bsp/\libhal_bsp.a(alt_errno.o)
 .bss           0x0001813c        0x0 ../BeInMotion_bsp/\libhal_bsp.a(alt_find_dev.o)
 .bss           0x0001813c        0x0 ../BeInMotion_bsp/\libhal_bsp.a(alt_find_file.o)
 .bss           0x0001813c        0x0 ../BeInMotion_bsp/\libhal_bsp.a(alt_get_fd.o)
 .bss           0x0001813c        0x0 ../BeInMotion_bsp/\libhal_bsp.a(alt_iic.o)
 .bss           0x0001813c        0x0 ../BeInMotion_bsp/\libhal_bsp.a(alt_iic_isr_register.o)
 .bss           0x0001813c        0x0 ../BeInMotion_bsp/\libhal_bsp.a(alt_io_redirect.o)
 .bss           0x0001813c        0x0 ../BeInMotion_bsp/\libhal_bsp.a(alt_irq_entry.o)
 .bss           0x0001813c        0x0 ../BeInMotion_bsp/\libhal_bsp.a(alt_irq_handler.o)
 .bss           0x0001813c        0x0 ../BeInMotion_bsp/\libhal_bsp.a(alt_irq_vars.o)
 .bss           0x0001813c        0x0 ../BeInMotion_bsp/\libhal_bsp.a(alt_tick.o)
 .bss           0x0001813c        0x0 ../BeInMotion_bsp/\libhal_bsp.a(altera_nios2_qsys_irq.o)
 .bss           0x0001813c        0x0 ../BeInMotion_bsp/\libhal_bsp.a(alt_exception_entry.o)
 .bss           0x0001813c        0x0 c:/altera/11.1sp1/nios2eds/bin/gnu/h-i686-mingw32/bin/../lib/gcc/nios2-elf/4.1.2/../../../../nios2-elf/lib/mno-hw-mul\libsmallc.a(lib_a-exit.o)
 .bss           0x0001813c        0x0 c:/altera/11.1sp1/nios2eds/bin/gnu/h-i686-mingw32/bin/../lib/gcc/nios2-elf/4.1.2/../../../../nios2-elf/lib/mno-hw-mul\libsmallc.a(lib_a-memcmp.o)
 .bss           0x0001813c        0x0 c:/altera/11.1sp1/nios2eds/bin/gnu/h-i686-mingw32/bin/../lib/gcc/nios2-elf/4.1.2/../../../../nios2-elf/lib/mno-hw-mul\libsmallc.a(lib_a-__call_atexit.o)
 .bss           0x0001813c        0x0 ../BeInMotion_bsp/\libhal_bsp.a(alt_exit.o)
 *(COMMON)
 COMMON         0x0001813c      0x100 ../BeInMotion_bsp/\libhal_bsp.a(alt_irq_handler.o)
                0x0001813c                alt_irq
                0x0001823c                . = ALIGN (0x4)
                0x0001823c                __bss_end = ABSOLUTE (.)

.onchip_ram     0x0001823c        0x0
                0x0001823c                PROVIDE (_alt_partition_onchip_ram_start, ABSOLUTE (.))
 *(.onchip_ram. onchip_ram.*)
                0x0001823c                . = ALIGN (0x4)
                0x0001823c                PROVIDE (_alt_partition_onchip_ram_end, ABSOLUTE (.))
                0x0001823c                _end = ABSOLUTE (.)
                0x0001823c                end = ABSOLUTE (.)
                0x0001823c                __alt_stack_base = ABSOLUTE (.)
                0x0001823c                PROVIDE (_alt_partition_onchip_ram_load_addr, LOADADDR (.onchip_ram))

.epcs           0x00021820        0x0
                0x00021820                PROVIDE (_alt_partition_epcs_start, ABSOLUTE (.))
 *(.epcs. epcs.*)
                0x00021820                . = ALIGN (0x4)
                0x00021820                PROVIDE (_alt_partition_epcs_end, ABSOLUTE (.))
                0x00021820                PROVIDE (_alt_partition_epcs_load_addr, LOADADDR (.epcs))

.stab
 *(.stab)

.stabstr
 *(.stabstr)

.stab.excl
 *(.stab.excl)

.stab.exclstr
 *(.stab.exclstr)

.stab.index
 *(.stab.index)

.stab.indexstr
 *(.stab.indexstr)

.comment        0x00000000       0x49
 *(.comment)
 .comment       0x00000000       0x26 obj/default/dc_motor_sync.o
                                 0x27 (size before relaxing)
 .comment       0x00000000       0x27 obj/default/sls_fonts.o
 .comment       0x00000026       0x23 ./\libslsgui.a(simple_graphics.o)
                                 0x24 (size before relaxing)
 .comment       0x00000000       0x27 c:/altera/11.1sp1/nios2eds/bin/gnu/h-i686-mingw32/bin/../lib/gcc/nios2-elf/4.1.2/mno-hw-mul\libgcc.a(_fixunssfsi.o)
 .comment       0x00000000       0x27 c:/altera/11.1sp1/nios2eds/bin/gnu/h-i686-mingw32/bin/../lib/gcc/nios2-elf/4.1.2/mno-hw-mul\libgcc.a(_addsub_sf.o)
 .comment       0x00000000       0x27 c:/altera/11.1sp1/nios2eds/bin/gnu/h-i686-mingw32/bin/../lib/gcc/nios2-elf/4.1.2/mno-hw-mul\libgcc.a(_mul_sf.o)
 .comment       0x00000000       0x27 c:/altera/11.1sp1/nios2eds/bin/gnu/h-i686-mingw32/bin/../lib/gcc/nios2-elf/4.1.2/mno-hw-mul\libgcc.a(_div_sf.o)
 .comment       0x00000000       0x27 c:/altera/11.1sp1/nios2eds/bin/gnu/h-i686-mingw32/bin/../lib/gcc/nios2-elf/4.1.2/mno-hw-mul\libgcc.a(_ge_sf.o)
 .comment       0x00000000       0x27 c:/altera/11.1sp1/nios2eds/bin/gnu/h-i686-mingw32/bin/../lib/gcc/nios2-elf/4.1.2/mno-hw-mul\libgcc.a(_sf_to_si.o)
 .comment       0x00000000       0x27 c:/altera/11.1sp1/nios2eds/bin/gnu/h-i686-mingw32/bin/../lib/gcc/nios2-elf/4.1.2/mno-hw-mul\libgcc.a(_thenan_sf.o)
 .comment       0x00000000       0x27 c:/altera/11.1sp1/nios2eds/bin/gnu/h-i686-mingw32/bin/../lib/gcc/nios2-elf/4.1.2/mno-hw-mul\libgcc.a(_usi_to_sf.o)
 .comment       0x00000000       0x27 c:/altera/11.1sp1/nios2eds/bin/gnu/h-i686-mingw32/bin/../lib/gcc/nios2-elf/4.1.2/mno-hw-mul\libgcc.a(_addsub_df.o)
 .comment       0x00000000       0x27 c:/altera/11.1sp1/nios2eds/bin/gnu/h-i686-mingw32/bin/../lib/gcc/nios2-elf/4.1.2/mno-hw-mul\libgcc.a(_mul_df.o)
 .comment       0x00000000       0x27 c:/altera/11.1sp1/nios2eds/bin/gnu/h-i686-mingw32/bin/../lib/gcc/nios2-elf/4.1.2/mno-hw-mul\libgcc.a(_si_to_df.o)
 .comment       0x00000000       0x27 c:/altera/11.1sp1/nios2eds/bin/gnu/h-i686-mingw32/bin/../lib/gcc/nios2-elf/4.1.2/mno-hw-mul\libgcc.a(_df_to_si.o)
 .comment       0x00000000       0x27 c:/altera/11.1sp1/nios2eds/bin/gnu/h-i686-mingw32/bin/../lib/gcc/nios2-elf/4.1.2/mno-hw-mul\libgcc.a(_thenan_df.o)
 .comment       0x00000000       0x27 c:/altera/11.1sp1/nios2eds/bin/gnu/h-i686-mingw32/bin/../lib/gcc/nios2-elf/4.1.2/mno-hw-mul\libgcc.a(lib2-mul.o)
 .comment       0x00000000       0x27 c:/altera/11.1sp1/nios2eds/bin/gnu/h-i686-mingw32/bin/../lib/gcc/nios2-elf/4.1.2/mno-hw-mul\libgcc.a(_muldi3.o)
 .comment       0x00000000       0x27 c:/altera/11.1sp1/nios2eds/bin/gnu/h-i686-mingw32/bin/../lib/gcc/nios2-elf/4.1.2/mno-hw-mul\libgcc.a(_clzsi2.o)
 .comment       0x00000000       0x27 c:/altera/11.1sp1/nios2eds/bin/gnu/h-i686-mingw32/bin/../lib/gcc/nios2-elf/4.1.2/mno-hw-mul\libgcc.a(_pack_sf.o)
 .comment       0x00000000       0x27 c:/altera/11.1sp1/nios2eds/bin/gnu/h-i686-mingw32/bin/../lib/gcc/nios2-elf/4.1.2/mno-hw-mul\libgcc.a(_unpack_sf.o)
 .comment       0x00000000       0x27 c:/altera/11.1sp1/nios2eds/bin/gnu/h-i686-mingw32/bin/../lib/gcc/nios2-elf/4.1.2/mno-hw-mul\libgcc.a(_fpcmp_parts_sf.o)
 .comment       0x00000000       0x27 c:/altera/11.1sp1/nios2eds/bin/gnu/h-i686-mingw32/bin/../lib/gcc/nios2-elf/4.1.2/mno-hw-mul\libgcc.a(_pack_df.o)
 .comment       0x00000000       0x27 c:/altera/11.1sp1/nios2eds/bin/gnu/h-i686-mingw32/bin/../lib/gcc/nios2-elf/4.1.2/mno-hw-mul\libgcc.a(_unpack_df.o)
 .comment       0x00000000       0x27 c:/altera/11.1sp1/nios2eds/bin/gnu/h-i686-mingw32/bin/../lib/gcc/nios2-elf/4.1.2/mno-hw-mul\libgcc.a(_clz.o)
 .comment       0x00000000       0x27 c:/altera/11.1sp1/nios2eds/bin/gnu/h-i686-mingw32/bin/../lib/gcc/nios2-elf/4.1.2/../../../../nios2-elf/lib/mno-hw-mul\libsmallc.a(lib_a-memcpy.o)
 .comment       0x00000000       0x27 c:/altera/11.1sp1/nios2eds/bin/gnu/h-i686-mingw32/bin/../lib/gcc/nios2-elf/4.1.2/../../../../nios2-elf/lib/mno-hw-mul\libsmallc.a(lib_a-printf.o)
 .comment       0x00000000       0x27 c:/altera/11.1sp1/nios2eds/bin/gnu/h-i686-mingw32/bin/../lib/gcc/nios2-elf/4.1.2/../../../../nios2-elf/lib/mno-hw-mul\libsmallc.a(lib_a-putchar.o)
 .comment       0x00000000       0x27 c:/altera/11.1sp1/nios2eds/bin/gnu/h-i686-mingw32/bin/../lib/gcc/nios2-elf/4.1.2/../../../../nios2-elf/lib/mno-hw-mul\libsmallc.a(lib_a-puts.o)
 .comment       0x00000000       0x27 c:/altera/11.1sp1/nios2eds/bin/gnu/h-i686-mingw32/bin/../lib/gcc/nios2-elf/4.1.2/../../../../nios2-elf/lib/mno-hw-mul\libsmallc.a(lib_a-strlen.o)
 .comment       0x00000000       0x27 c:/altera/11.1sp1/nios2eds/bin/gnu/h-i686-mingw32/bin/../lib/gcc/nios2-elf/4.1.2/../../../../nios2-elf/lib/mno-hw-mul\libsmallc.a(lib_a-vfprintf.o)
 .comment       0x00000000       0x27 c:/altera/11.1sp1/nios2eds/bin/gnu/h-i686-mingw32/bin/../lib/gcc/nios2-elf/4.1.2/../../../../nios2-elf/lib/mno-hw-mul\libsmallc.a(lib_a-fvwrite_small_dev.o)
 .comment       0x00000000       0x27 c:/altera/11.1sp1/nios2eds/bin/gnu/h-i686-mingw32/bin/../lib/gcc/nios2-elf/4.1.2/../../../../nios2-elf/lib/mno-hw-mul\libsmallc.a(lib_a-impure.o)
 .comment       0x00000000       0x27 c:/altera/11.1sp1/nios2eds/bin/gnu/h-i686-mingw32/bin/../lib/gcc/nios2-elf/4.1.2/../../../../nios2-elf/lib/mno-hw-mul\libsmallc.a(lib_a-putc.o)
 .comment       0x00000000       0x27 c:/altera/11.1sp1/nios2eds/bin/gnu/h-i686-mingw32/bin/../lib/gcc/nios2-elf/4.1.2/../../../../nios2-elf/lib/mno-hw-mul\libsmallc.a(lib_a-writer.o)
 .comment       0x00000000       0x27 c:/altera/11.1sp1/nios2eds/bin/gnu/h-i686-mingw32/bin/../lib/gcc/nios2-elf/4.1.2/../../../../nios2-elf/lib/mno-hw-mul\libsmallc.a(lib_a-int_errno.o)
 .comment       0x00000000       0x27 c:/altera/11.1sp1/nios2eds/bin/gnu/h-i686-mingw32/bin/../lib/gcc/nios2-elf/4.1.2/mno-hw-mul\libgcc.a(lib2-divmod.o)
 .comment       0x00000000       0x27 ../BeInMotion_bsp/\libhal_bsp.a(alt_main.o)
 .comment       0x00000000       0x27 ../BeInMotion_bsp/\libhal_bsp.a(alt_open.o)
 .comment       0x00000000       0x27 ../BeInMotion_bsp/\libhal_bsp.a(alt_read.o)
 .comment       0x00000000       0x27 ../BeInMotion_bsp/\libhal_bsp.a(alt_release_fd.o)
 .comment       0x00000000       0x27 ../BeInMotion_bsp/\libhal_bsp.a(alt_usleep.o)
 .comment       0x00000000       0x27 ../BeInMotion_bsp/\libhal_bsp.a(alt_write.o)
 .comment       0x00000000       0x27 ../BeInMotion_bsp/\libhal_bsp.a(alt_sys_init.o)
 .comment       0x00000000       0x27 ../BeInMotion_bsp/\libhal_bsp.a(altera_avalon_jtag_uart_fd.o)
 .comment       0x00000000       0x27 ../BeInMotion_bsp/\libhal_bsp.a(altera_avalon_jtag_uart_read.o)
 .comment       0x00000000       0x27 ../BeInMotion_bsp/\libhal_bsp.a(altera_avalon_jtag_uart_write.o)
 .comment       0x00000000       0x27 ../BeInMotion_bsp/\libhal_bsp.a(altera_avalon_timer_sc.o)
 .comment       0x00000000       0x27 ../BeInMotion_bsp/\libhal_bsp.a(altera_avalon_uart_fd.o)
 .comment       0x00000000       0x27 ../BeInMotion_bsp/\libhal_bsp.a(altera_avalon_uart_read.o)
 .comment       0x00000000       0x27 ../BeInMotion_bsp/\libhal_bsp.a(altera_avalon_uart_write.o)
 .comment       0x00000000       0x27 ../BeInMotion_bsp/\libhal_bsp.a(alt_busy_sleep.o)
 .comment       0x00000000       0x27 ../BeInMotion_bsp/\libhal_bsp.a(alt_close.o)
 .comment       0x00000000       0x27 ../BeInMotion_bsp/\libhal_bsp.a(alt_dev.o)
 .comment       0x00000000       0x27 ../BeInMotion_bsp/\libhal_bsp.a(alt_dev_llist_insert.o)
 .comment       0x00000000       0x27 ../BeInMotion_bsp/\libhal_bsp.a(alt_errno.o)
 .comment       0x00000000       0x27 ../BeInMotion_bsp/\libhal_bsp.a(alt_find_dev.o)
 .comment       0x00000000       0x27 ../BeInMotion_bsp/\libhal_bsp.a(alt_find_file.o)
 .comment       0x00000000       0x27 ../BeInMotion_bsp/\libhal_bsp.a(alt_get_fd.o)
 .comment       0x00000000       0x27 ../BeInMotion_bsp/\libhal_bsp.a(alt_iic.o)
 .comment       0x00000000       0x27 ../BeInMotion_bsp/\libhal_bsp.a(alt_iic_isr_register.o)
 .comment       0x00000000       0x27 ../BeInMotion_bsp/\libhal_bsp.a(alt_io_redirect.o)
 .comment       0x00000000       0x27 ../BeInMotion_bsp/\libhal_bsp.a(alt_irq_handler.o)
 .comment       0x00000000       0x27 ../BeInMotion_bsp/\libhal_bsp.a(alt_irq_vars.o)
 .comment       0x00000000       0x27 ../BeInMotion_bsp/\libhal_bsp.a(alt_tick.o)
 .comment       0x00000000       0x27 ../BeInMotion_bsp/\libhal_bsp.a(altera_nios2_qsys_irq.o)
 .comment       0x00000000       0x27 c:/altera/11.1sp1/nios2eds/bin/gnu/h-i686-mingw32/bin/../lib/gcc/nios2-elf/4.1.2/../../../../nios2-elf/lib/mno-hw-mul\libsmallc.a(lib_a-exit.o)
 .comment       0x00000000       0x27 c:/altera/11.1sp1/nios2eds/bin/gnu/h-i686-mingw32/bin/../lib/gcc/nios2-elf/4.1.2/../../../../nios2-elf/lib/mno-hw-mul\libsmallc.a(lib_a-memcmp.o)
 .comment       0x00000000       0x27 c:/altera/11.1sp1/nios2eds/bin/gnu/h-i686-mingw32/bin/../lib/gcc/nios2-elf/4.1.2/../../../../nios2-elf/lib/mno-hw-mul\libsmallc.a(lib_a-__call_atexit.o)
 .comment       0x00000000       0x27 ../BeInMotion_bsp/\libhal_bsp.a(alt_exit.o)

.debug
 *(.debug)

.line
 *(.line)

.debug_srcinfo
 *(.debug_srcinfo)

.debug_sfnames
 *(.debug_sfnames)

.debug_aranges  0x00000000      0x850
 *(.debug_aranges)
 .debug_aranges
                0x00000000       0x20 ../BeInMotion_bsp//obj/HAL/src/crt0.o
 .debug_aranges
                0x00000020       0x20 obj/default/dc_motor_sync.o
 .debug_aranges
                0x00000040       0x20 ./\libslsgui.a(simple_graphics.o)
 .debug_aranges
                0x00000060       0x20 c:/altera/11.1sp1/nios2eds/bin/gnu/h-i686-mingw32/bin/../lib/gcc/nios2-elf/4.1.2/mno-hw-mul\libgcc.a(_fixunssfsi.o)
 .debug_aranges
                0x00000080       0x20 c:/altera/11.1sp1/nios2eds/bin/gnu/h-i686-mingw32/bin/../lib/gcc/nios2-elf/4.1.2/mno-hw-mul\libgcc.a(_addsub_sf.o)
 .debug_aranges
                0x000000a0       0x20 c:/altera/11.1sp1/nios2eds/bin/gnu/h-i686-mingw32/bin/../lib/gcc/nios2-elf/4.1.2/mno-hw-mul\libgcc.a(_mul_sf.o)
 .debug_aranges
                0x000000c0       0x20 c:/altera/11.1sp1/nios2eds/bin/gnu/h-i686-mingw32/bin/../lib/gcc/nios2-elf/4.1.2/mno-hw-mul\libgcc.a(_div_sf.o)
 .debug_aranges
                0x000000e0       0x20 c:/altera/11.1sp1/nios2eds/bin/gnu/h-i686-mingw32/bin/../lib/gcc/nios2-elf/4.1.2/mno-hw-mul\libgcc.a(_ge_sf.o)
 .debug_aranges
                0x00000100       0x20 c:/altera/11.1sp1/nios2eds/bin/gnu/h-i686-mingw32/bin/../lib/gcc/nios2-elf/4.1.2/mno-hw-mul\libgcc.a(_sf_to_si.o)
 .debug_aranges
                0x00000120       0x20 c:/altera/11.1sp1/nios2eds/bin/gnu/h-i686-mingw32/bin/../lib/gcc/nios2-elf/4.1.2/mno-hw-mul\libgcc.a(_usi_to_sf.o)
 .debug_aranges
                0x00000140       0x20 c:/altera/11.1sp1/nios2eds/bin/gnu/h-i686-mingw32/bin/../lib/gcc/nios2-elf/4.1.2/mno-hw-mul\libgcc.a(_addsub_df.o)
 .debug_aranges
                0x00000160       0x20 c:/altera/11.1sp1/nios2eds/bin/gnu/h-i686-mingw32/bin/../lib/gcc/nios2-elf/4.1.2/mno-hw-mul\libgcc.a(_mul_df.o)
 .debug_aranges
                0x00000180       0x20 c:/altera/11.1sp1/nios2eds/bin/gnu/h-i686-mingw32/bin/../lib/gcc/nios2-elf/4.1.2/mno-hw-mul\libgcc.a(_si_to_df.o)
 .debug_aranges
                0x000001a0       0x20 c:/altera/11.1sp1/nios2eds/bin/gnu/h-i686-mingw32/bin/../lib/gcc/nios2-elf/4.1.2/mno-hw-mul\libgcc.a(_df_to_si.o)
 .debug_aranges
                0x000001c0       0x20 c:/altera/11.1sp1/nios2eds/bin/gnu/h-i686-mingw32/bin/../lib/gcc/nios2-elf/4.1.2/mno-hw-mul\libgcc.a(lib2-mul.o)
 .debug_aranges
                0x000001e0       0x20 c:/altera/11.1sp1/nios2eds/bin/gnu/h-i686-mingw32/bin/../lib/gcc/nios2-elf/4.1.2/mno-hw-mul\libgcc.a(_muldi3.o)
 .debug_aranges
                0x00000200       0x20 c:/altera/11.1sp1/nios2eds/bin/gnu/h-i686-mingw32/bin/../lib/gcc/nios2-elf/4.1.2/mno-hw-mul\libgcc.a(_clzsi2.o)
 .debug_aranges
                0x00000220       0x20 c:/altera/11.1sp1/nios2eds/bin/gnu/h-i686-mingw32/bin/../lib/gcc/nios2-elf/4.1.2/mno-hw-mul\libgcc.a(_pack_sf.o)
 .debug_aranges
                0x00000240       0x20 c:/altera/11.1sp1/nios2eds/bin/gnu/h-i686-mingw32/bin/../lib/gcc/nios2-elf/4.1.2/mno-hw-mul\libgcc.a(_unpack_sf.o)
 .debug_aranges
                0x00000260       0x20 c:/altera/11.1sp1/nios2eds/bin/gnu/h-i686-mingw32/bin/../lib/gcc/nios2-elf/4.1.2/mno-hw-mul\libgcc.a(_fpcmp_parts_sf.o)
 .debug_aranges
                0x00000280       0x20 c:/altera/11.1sp1/nios2eds/bin/gnu/h-i686-mingw32/bin/../lib/gcc/nios2-elf/4.1.2/mno-hw-mul\libgcc.a(_pack_df.o)
 .debug_aranges
                0x000002a0       0x20 c:/altera/11.1sp1/nios2eds/bin/gnu/h-i686-mingw32/bin/../lib/gcc/nios2-elf/4.1.2/mno-hw-mul\libgcc.a(_unpack_df.o)
 .debug_aranges
                0x000002c0       0x20 c:/altera/11.1sp1/nios2eds/bin/gnu/h-i686-mingw32/bin/../lib/gcc/nios2-elf/4.1.2/../../../../nios2-elf/lib/mno-hw-mul\libsmallc.a(lib_a-memcpy.o)
 .debug_aranges
                0x000002e0       0x20 c:/altera/11.1sp1/nios2eds/bin/gnu/h-i686-mingw32/bin/../lib/gcc/nios2-elf/4.1.2/../../../../nios2-elf/lib/mno-hw-mul\libsmallc.a(lib_a-printf.o)
 .debug_aranges
                0x00000300       0x20 c:/altera/11.1sp1/nios2eds/bin/gnu/h-i686-mingw32/bin/../lib/gcc/nios2-elf/4.1.2/../../../../nios2-elf/lib/mno-hw-mul\libsmallc.a(lib_a-putchar.o)
 .debug_aranges
                0x00000320       0x20 c:/altera/11.1sp1/nios2eds/bin/gnu/h-i686-mingw32/bin/../lib/gcc/nios2-elf/4.1.2/../../../../nios2-elf/lib/mno-hw-mul\libsmallc.a(lib_a-puts.o)
 .debug_aranges
                0x00000340       0x20 c:/altera/11.1sp1/nios2eds/bin/gnu/h-i686-mingw32/bin/../lib/gcc/nios2-elf/4.1.2/../../../../nios2-elf/lib/mno-hw-mul\libsmallc.a(lib_a-strlen.o)
 .debug_aranges
                0x00000360       0x20 c:/altera/11.1sp1/nios2eds/bin/gnu/h-i686-mingw32/bin/../lib/gcc/nios2-elf/4.1.2/../../../../nios2-elf/lib/mno-hw-mul\libsmallc.a(lib_a-vfprintf.o)
 .debug_aranges
                0x00000380       0x20 c:/altera/11.1sp1/nios2eds/bin/gnu/h-i686-mingw32/bin/../lib/gcc/nios2-elf/4.1.2/../../../../nios2-elf/lib/mno-hw-mul\libsmallc.a(lib_a-fvwrite_small_dev.o)
 .debug_aranges
                0x000003a0       0x20 c:/altera/11.1sp1/nios2eds/bin/gnu/h-i686-mingw32/bin/../lib/gcc/nios2-elf/4.1.2/../../../../nios2-elf/lib/mno-hw-mul\libsmallc.a(lib_a-putc.o)
 .debug_aranges
                0x000003c0       0x20 c:/altera/11.1sp1/nios2eds/bin/gnu/h-i686-mingw32/bin/../lib/gcc/nios2-elf/4.1.2/../../../../nios2-elf/lib/mno-hw-mul\libsmallc.a(lib_a-writer.o)
 .debug_aranges
                0x000003e0       0x20 c:/altera/11.1sp1/nios2eds/bin/gnu/h-i686-mingw32/bin/../lib/gcc/nios2-elf/4.1.2/mno-hw-mul\libgcc.a(lib2-divmod.o)
 .debug_aranges
                0x00000400       0x20 ../BeInMotion_bsp/\libhal_bsp.a(alt_main.o)
 .debug_aranges
                0x00000420       0x20 ../BeInMotion_bsp/\libhal_bsp.a(alt_open.o)
 .debug_aranges
                0x00000440       0x20 ../BeInMotion_bsp/\libhal_bsp.a(alt_read.o)
 .debug_aranges
                0x00000460       0x20 ../BeInMotion_bsp/\libhal_bsp.a(alt_release_fd.o)
 .debug_aranges
                0x00000480       0x20 ../BeInMotion_bsp/\libhal_bsp.a(alt_usleep.o)
 .debug_aranges
                0x000004a0       0x20 ../BeInMotion_bsp/\libhal_bsp.a(alt_write.o)
 .debug_aranges
                0x000004c0       0x20 ../BeInMotion_bsp/\libhal_bsp.a(alt_sys_init.o)
 .debug_aranges
                0x000004e0       0x20 ../BeInMotion_bsp/\libhal_bsp.a(altera_avalon_jtag_uart_fd.o)
 .debug_aranges
                0x00000500       0x20 ../BeInMotion_bsp/\libhal_bsp.a(altera_avalon_jtag_uart_read.o)
 .debug_aranges
                0x00000520       0x20 ../BeInMotion_bsp/\libhal_bsp.a(altera_avalon_jtag_uart_write.o)
 .debug_aranges
                0x00000540       0x20 ../BeInMotion_bsp/\libhal_bsp.a(altera_avalon_timer_sc.o)
 .debug_aranges
                0x00000560       0x20 ../BeInMotion_bsp/\libhal_bsp.a(altera_avalon_uart_fd.o)
 .debug_aranges
                0x00000580       0x20 ../BeInMotion_bsp/\libhal_bsp.a(altera_avalon_uart_read.o)
 .debug_aranges
                0x000005a0       0x20 ../BeInMotion_bsp/\libhal_bsp.a(altera_avalon_uart_write.o)
 .debug_aranges
                0x000005c0       0x20 ../BeInMotion_bsp/\libhal_bsp.a(alt_busy_sleep.o)
 .debug_aranges
                0x000005e0       0x20 ../BeInMotion_bsp/\libhal_bsp.a(alt_close.o)
 .debug_aranges
                0x00000600       0x20 ../BeInMotion_bsp/\libhal_bsp.a(alt_dev.o)
 .debug_aranges
                0x00000620       0x20 ../BeInMotion_bsp/\libhal_bsp.a(alt_dev_llist_insert.o)
 .debug_aranges
                0x00000640       0x20 ../BeInMotion_bsp/\libhal_bsp.a(alt_find_dev.o)
 .debug_aranges
                0x00000660       0x20 ../BeInMotion_bsp/\libhal_bsp.a(alt_find_file.o)
 .debug_aranges
                0x00000680       0x20 ../BeInMotion_bsp/\libhal_bsp.a(alt_get_fd.o)
 .debug_aranges
                0x000006a0       0x20 ../BeInMotion_bsp/\libhal_bsp.a(alt_iic.o)
 .debug_aranges
                0x000006c0       0x20 ../BeInMotion_bsp/\libhal_bsp.a(alt_iic_isr_register.o)
 .debug_aranges
                0x000006e0       0x20 ../BeInMotion_bsp/\libhal_bsp.a(alt_io_redirect.o)
 .debug_aranges
                0x00000700       0x30 ../BeInMotion_bsp/\libhal_bsp.a(alt_irq_entry.o)
 .debug_aranges
                0x00000730       0x28 ../BeInMotion_bsp/\libhal_bsp.a(alt_irq_handler.o)
 .debug_aranges
                0x00000758       0x20 ../BeInMotion_bsp/\libhal_bsp.a(alt_tick.o)
 .debug_aranges
                0x00000778       0x20 ../BeInMotion_bsp/\libhal_bsp.a(altera_nios2_qsys_irq.o)
 .debug_aranges
                0x00000798       0x38 ../BeInMotion_bsp/\libhal_bsp.a(alt_exception_entry.o)
 .debug_aranges
                0x000007d0       0x20 c:/altera/11.1sp1/nios2eds/bin/gnu/h-i686-mingw32/bin/../lib/gcc/nios2-elf/4.1.2/../../../../nios2-elf/lib/mno-hw-mul\libsmallc.a(lib_a-exit.o)
 .debug_aranges
                0x000007f0       0x20 c:/altera/11.1sp1/nios2eds/bin/gnu/h-i686-mingw32/bin/../lib/gcc/nios2-elf/4.1.2/../../../../nios2-elf/lib/mno-hw-mul\libsmallc.a(lib_a-memcmp.o)
 .debug_aranges
                0x00000810       0x20 c:/altera/11.1sp1/nios2eds/bin/gnu/h-i686-mingw32/bin/../lib/gcc/nios2-elf/4.1.2/../../../../nios2-elf/lib/mno-hw-mul\libsmallc.a(lib_a-__call_atexit.o)
 .debug_aranges
                0x00000830       0x20 ../BeInMotion_bsp/\libhal_bsp.a(alt_exit.o)

.debug_pubnames
                0x00000000      0xe8b
 *(.debug_pubnames)
 .debug_pubnames
                0x00000000      0x1ea obj/default/dc_motor_sync.o
 .debug_pubnames
                0x000001ea       0x38 obj/default/sls_fonts.o
 .debug_pubnames
                0x00000222      0x14c ./\libslsgui.a(simple_graphics.o)
 .debug_pubnames
                0x0000036e       0x23 c:/altera/11.1sp1/nios2eds/bin/gnu/h-i686-mingw32/bin/../lib/gcc/nios2-elf/4.1.2/mno-hw-mul\libgcc.a(_fixunssfsi.o)
 .debug_pubnames
                0x00000391       0x2c c:/altera/11.1sp1/nios2eds/bin/gnu/h-i686-mingw32/bin/../lib/gcc/nios2-elf/4.1.2/mno-hw-mul\libgcc.a(_addsub_sf.o)
 .debug_pubnames
                0x000003bd       0x1f c:/altera/11.1sp1/nios2eds/bin/gnu/h-i686-mingw32/bin/../lib/gcc/nios2-elf/4.1.2/mno-hw-mul\libgcc.a(_mul_sf.o)
 .debug_pubnames
                0x000003dc       0x1f c:/altera/11.1sp1/nios2eds/bin/gnu/h-i686-mingw32/bin/../lib/gcc/nios2-elf/4.1.2/mno-hw-mul\libgcc.a(_div_sf.o)
 .debug_pubnames
                0x000003fb       0x1e c:/altera/11.1sp1/nios2eds/bin/gnu/h-i686-mingw32/bin/../lib/gcc/nios2-elf/4.1.2/mno-hw-mul\libgcc.a(_ge_sf.o)
 .debug_pubnames
                0x00000419       0x20 c:/altera/11.1sp1/nios2eds/bin/gnu/h-i686-mingw32/bin/../lib/gcc/nios2-elf/4.1.2/mno-hw-mul\libgcc.a(_sf_to_si.o)
 .debug_pubnames
                0x00000439       0x22 c:/altera/11.1sp1/nios2eds/bin/gnu/h-i686-mingw32/bin/../lib/gcc/nios2-elf/4.1.2/mno-hw-mul\libgcc.a(_thenan_sf.o)
 .debug_pubnames
                0x0000045b       0x24 c:/altera/11.1sp1/nios2eds/bin/gnu/h-i686-mingw32/bin/../lib/gcc/nios2-elf/4.1.2/mno-hw-mul\libgcc.a(_usi_to_sf.o)
 .debug_pubnames
                0x0000047f       0x2c c:/altera/11.1sp1/nios2eds/bin/gnu/h-i686-mingw32/bin/../lib/gcc/nios2-elf/4.1.2/mno-hw-mul\libgcc.a(_addsub_df.o)
 .debug_pubnames
                0x000004ab       0x1f c:/altera/11.1sp1/nios2eds/bin/gnu/h-i686-mingw32/bin/../lib/gcc/nios2-elf/4.1.2/mno-hw-mul\libgcc.a(_mul_df.o)
 .debug_pubnames
                0x000004ca       0x22 c:/altera/11.1sp1/nios2eds/bin/gnu/h-i686-mingw32/bin/../lib/gcc/nios2-elf/4.1.2/mno-hw-mul\libgcc.a(_si_to_df.o)
 .debug_pubnames
                0x000004ec       0x20 c:/altera/11.1sp1/nios2eds/bin/gnu/h-i686-mingw32/bin/../lib/gcc/nios2-elf/4.1.2/mno-hw-mul\libgcc.a(_df_to_si.o)
 .debug_pubnames
                0x0000050c       0x22 c:/altera/11.1sp1/nios2eds/bin/gnu/h-i686-mingw32/bin/../lib/gcc/nios2-elf/4.1.2/mno-hw-mul\libgcc.a(_thenan_df.o)
 .debug_pubnames
                0x0000052e       0x1f c:/altera/11.1sp1/nios2eds/bin/gnu/h-i686-mingw32/bin/../lib/gcc/nios2-elf/4.1.2/mno-hw-mul\libgcc.a(lib2-mul.o)
 .debug_pubnames
                0x0000054d       0x1f c:/altera/11.1sp1/nios2eds/bin/gnu/h-i686-mingw32/bin/../lib/gcc/nios2-elf/4.1.2/mno-hw-mul\libgcc.a(_muldi3.o)
 .debug_pubnames
                0x0000056c       0x1f c:/altera/11.1sp1/nios2eds/bin/gnu/h-i686-mingw32/bin/../lib/gcc/nios2-elf/4.1.2/mno-hw-mul\libgcc.a(_clzsi2.o)
 .debug_pubnames
                0x0000058b       0x1f c:/altera/11.1sp1/nios2eds/bin/gnu/h-i686-mingw32/bin/../lib/gcc/nios2-elf/4.1.2/mno-hw-mul\libgcc.a(_pack_sf.o)
 .debug_pubnames
                0x000005aa       0x21 c:/altera/11.1sp1/nios2eds/bin/gnu/h-i686-mingw32/bin/../lib/gcc/nios2-elf/4.1.2/mno-hw-mul\libgcc.a(_unpack_sf.o)
 .debug_pubnames
                0x000005cb       0x26 c:/altera/11.1sp1/nios2eds/bin/gnu/h-i686-mingw32/bin/../lib/gcc/nios2-elf/4.1.2/mno-hw-mul\libgcc.a(_fpcmp_parts_sf.o)
 .debug_pubnames
                0x000005f1       0x1f c:/altera/11.1sp1/nios2eds/bin/gnu/h-i686-mingw32/bin/../lib/gcc/nios2-elf/4.1.2/mno-hw-mul\libgcc.a(_pack_df.o)
 .debug_pubnames
                0x00000610       0x21 c:/altera/11.1sp1/nios2eds/bin/gnu/h-i686-mingw32/bin/../lib/gcc/nios2-elf/4.1.2/mno-hw-mul\libgcc.a(_unpack_df.o)
 .debug_pubnames
                0x00000631       0x20 c:/altera/11.1sp1/nios2eds/bin/gnu/h-i686-mingw32/bin/../lib/gcc/nios2-elf/4.1.2/mno-hw-mul\libgcc.a(_clz.o)
 .debug_pubnames
                0x00000651       0x1d c:/altera/11.1sp1/nios2eds/bin/gnu/h-i686-mingw32/bin/../lib/gcc/nios2-elf/4.1.2/../../../../nios2-elf/lib/mno-hw-mul\libsmallc.a(lib_a-memcpy.o)
 .debug_pubnames
                0x0000066e       0x2b c:/altera/11.1sp1/nios2eds/bin/gnu/h-i686-mingw32/bin/../lib/gcc/nios2-elf/4.1.2/../../../../nios2-elf/lib/mno-hw-mul\libsmallc.a(lib_a-printf.o)
 .debug_pubnames
                0x00000699       0x2d c:/altera/11.1sp1/nios2eds/bin/gnu/h-i686-mingw32/bin/../lib/gcc/nios2-elf/4.1.2/../../../../nios2-elf/lib/mno-hw-mul\libsmallc.a(lib_a-putchar.o)
 .debug_pubnames
                0x000006c6       0x27 c:/altera/11.1sp1/nios2eds/bin/gnu/h-i686-mingw32/bin/../lib/gcc/nios2-elf/4.1.2/../../../../nios2-elf/lib/mno-hw-mul\libsmallc.a(lib_a-puts.o)
 .debug_pubnames
                0x000006ed       0x1d c:/altera/11.1sp1/nios2eds/bin/gnu/h-i686-mingw32/bin/../lib/gcc/nios2-elf/4.1.2/../../../../nios2-elf/lib/mno-hw-mul\libsmallc.a(lib_a-strlen.o)
 .debug_pubnames
                0x0000070a       0x45 c:/altera/11.1sp1/nios2eds/bin/gnu/h-i686-mingw32/bin/../lib/gcc/nios2-elf/4.1.2/../../../../nios2-elf/lib/mno-hw-mul\libsmallc.a(lib_a-vfprintf.o)
 .debug_pubnames
                0x0000074f       0x2b c:/altera/11.1sp1/nios2eds/bin/gnu/h-i686-mingw32/bin/../lib/gcc/nios2-elf/4.1.2/../../../../nios2-elf/lib/mno-hw-mul\libsmallc.a(lib_a-fvwrite_small_dev.o)
 .debug_pubnames
                0x0000077a       0x39 c:/altera/11.1sp1/nios2eds/bin/gnu/h-i686-mingw32/bin/../lib/gcc/nios2-elf/4.1.2/../../../../nios2-elf/lib/mno-hw-mul\libsmallc.a(lib_a-impure.o)
 .debug_pubnames
                0x000007b3       0x27 c:/altera/11.1sp1/nios2eds/bin/gnu/h-i686-mingw32/bin/../lib/gcc/nios2-elf/4.1.2/../../../../nios2-elf/lib/mno-hw-mul\libsmallc.a(lib_a-putc.o)
 .debug_pubnames
                0x000007da       0x1f c:/altera/11.1sp1/nios2eds/bin/gnu/h-i686-mingw32/bin/../lib/gcc/nios2-elf/4.1.2/../../../../nios2-elf/lib/mno-hw-mul\libsmallc.a(lib_a-writer.o)
 .debug_pubnames
                0x000007f9       0x1c c:/altera/11.1sp1/nios2eds/bin/gnu/h-i686-mingw32/bin/../lib/gcc/nios2-elf/4.1.2/../../../../nios2-elf/lib/mno-hw-mul\libsmallc.a(lib_a-int_errno.o)
 .debug_pubnames
                0x00000815       0x48 c:/altera/11.1sp1/nios2eds/bin/gnu/h-i686-mingw32/bin/../lib/gcc/nios2-elf/4.1.2/mno-hw-mul\libgcc.a(lib2-divmod.o)
 .debug_pubnames
                0x0000085d       0x46 ../BeInMotion_bsp/\libhal_bsp.a(alt_main.o)
 .debug_pubnames
                0x000008a3       0x1b ../BeInMotion_bsp/\libhal_bsp.a(alt_open.o)
 .debug_pubnames
                0x000008be       0x1b ../BeInMotion_bsp/\libhal_bsp.a(alt_read.o)
 .debug_pubnames
                0x000008d9       0x25 ../BeInMotion_bsp/\libhal_bsp.a(alt_release_fd.o)
 .debug_pubnames
                0x000008fe       0x1d ../BeInMotion_bsp/\libhal_bsp.a(alt_usleep.o)
 .debug_pubnames
                0x0000091b       0x1c ../BeInMotion_bsp/\libhal_bsp.a(alt_write.o)
 .debug_pubnames
                0x00000937       0x34 ../BeInMotion_bsp/\libhal_bsp.a(alt_sys_init.o)
 .debug_pubnames
                0x0000096b       0x5b ../BeInMotion_bsp/\libhal_bsp.a(altera_avalon_jtag_uart_fd.o)
 .debug_pubnames
                0x000009c6       0x33 ../BeInMotion_bsp/\libhal_bsp.a(altera_avalon_jtag_uart_read.o)
 .debug_pubnames
                0x000009f9       0x34 ../BeInMotion_bsp/\libhal_bsp.a(altera_avalon_jtag_uart_write.o)
 .debug_pubnames
                0x00000a2d       0x2f ../BeInMotion_bsp/\libhal_bsp.a(altera_avalon_timer_sc.o)
 .debug_pubnames
                0x00000a5c       0x51 ../BeInMotion_bsp/\libhal_bsp.a(altera_avalon_uart_fd.o)
 .debug_pubnames
                0x00000aad       0x2e ../BeInMotion_bsp/\libhal_bsp.a(altera_avalon_uart_read.o)
 .debug_pubnames
                0x00000adb       0x2f ../BeInMotion_bsp/\libhal_bsp.a(altera_avalon_uart_write.o)
 .debug_pubnames
                0x00000b0a       0x25 ../BeInMotion_bsp/\libhal_bsp.a(alt_busy_sleep.o)
 .debug_pubnames
                0x00000b2f       0x1c ../BeInMotion_bsp/\libhal_bsp.a(alt_close.o)
 .debug_pubnames
                0x00000b4b       0x63 ../BeInMotion_bsp/\libhal_bsp.a(alt_dev.o)
 .debug_pubnames
                0x00000bae       0x2b ../BeInMotion_bsp/\libhal_bsp.a(alt_dev_llist_insert.o)
 .debug_pubnames
                0x00000bd9       0x20 ../BeInMotion_bsp/\libhal_bsp.a(alt_errno.o)
 .debug_pubnames
                0x00000bf9       0x23 ../BeInMotion_bsp/\libhal_bsp.a(alt_find_dev.o)
 .debug_pubnames
                0x00000c1c       0x24 ../BeInMotion_bsp/\libhal_bsp.a(alt_find_file.o)
 .debug_pubnames
                0x00000c40       0x21 ../BeInMotion_bsp/\libhal_bsp.a(alt_get_fd.o)
 .debug_pubnames
                0x00000c61       0x6e ../BeInMotion_bsp/\libhal_bsp.a(alt_iic.o)
 .debug_pubnames
                0x00000ccf       0x2b ../BeInMotion_bsp/\libhal_bsp.a(alt_iic_isr_register.o)
 .debug_pubnames
                0x00000cfa       0x26 ../BeInMotion_bsp/\libhal_bsp.a(alt_io_redirect.o)
 .debug_pubnames
                0x00000d20       0x32 ../BeInMotion_bsp/\libhal_bsp.a(alt_irq_handler.o)
 .debug_pubnames
                0x00000d52       0x25 ../BeInMotion_bsp/\libhal_bsp.a(alt_irq_vars.o)
 .debug_pubnames
                0x00000d77       0x68 ../BeInMotion_bsp/\libhal_bsp.a(alt_tick.o)
 .debug_pubnames
                0x00000ddf       0x31 ../BeInMotion_bsp/\libhal_bsp.a(altera_nios2_qsys_irq.o)
 .debug_pubnames
                0x00000e10       0x1b c:/altera/11.1sp1/nios2eds/bin/gnu/h-i686-mingw32/bin/../lib/gcc/nios2-elf/4.1.2/../../../../nios2-elf/lib/mno-hw-mul\libsmallc.a(lib_a-exit.o)
 .debug_pubnames
                0x00000e2b       0x1d c:/altera/11.1sp1/nios2eds/bin/gnu/h-i686-mingw32/bin/../lib/gcc/nios2-elf/4.1.2/../../../../nios2-elf/lib/mno-hw-mul\libsmallc.a(lib_a-memcmp.o)
 .debug_pubnames
                0x00000e48       0x27 c:/altera/11.1sp1/nios2eds/bin/gnu/h-i686-mingw32/bin/../lib/gcc/nios2-elf/4.1.2/../../../../nios2-elf/lib/mno-hw-mul\libsmallc.a(lib_a-__call_atexit.o)
 .debug_pubnames
                0x00000e6f       0x1c ../BeInMotion_bsp/\libhal_bsp.a(alt_exit.o)

.debug_info     0x00000000     0xfd80
 *(.debug_info .gnu.linkonce.wi.*)
 .debug_info    0x00000000       0x6e ../BeInMotion_bsp//obj/HAL/src/crt0.o
 .debug_info    0x0000006e      0x6bb obj/default/dc_motor_sync.o
 .debug_info    0x00000729       0xe8 obj/default/sls_fonts.o
 .debug_info    0x00000811      0xb70 ./\libslsgui.a(simple_graphics.o)
 .debug_info    0x00001381       0xce c:/altera/11.1sp1/nios2eds/bin/gnu/h-i686-mingw32/bin/../lib/gcc/nios2-elf/4.1.2/mno-hw-mul\libgcc.a(_fixunssfsi.o)
 .debug_info    0x0000144f      0x47f c:/altera/11.1sp1/nios2eds/bin/gnu/h-i686-mingw32/bin/../lib/gcc/nios2-elf/4.1.2/mno-hw-mul\libgcc.a(_addsub_sf.o)
 .debug_info    0x000018ce      0x3d4 c:/altera/11.1sp1/nios2eds/bin/gnu/h-i686-mingw32/bin/../lib/gcc/nios2-elf/4.1.2/mno-hw-mul\libgcc.a(_mul_sf.o)
 .debug_info    0x00001ca2      0x391 c:/altera/11.1sp1/nios2eds/bin/gnu/h-i686-mingw32/bin/../lib/gcc/nios2-elf/4.1.2/mno-hw-mul\libgcc.a(_div_sf.o)
 .debug_info    0x00002033      0x290 c:/altera/11.1sp1/nios2eds/bin/gnu/h-i686-mingw32/bin/../lib/gcc/nios2-elf/4.1.2/mno-hw-mul\libgcc.a(_ge_sf.o)
 .debug_info    0x000022c3      0x2c1 c:/altera/11.1sp1/nios2eds/bin/gnu/h-i686-mingw32/bin/../lib/gcc/nios2-elf/4.1.2/mno-hw-mul\libgcc.a(_sf_to_si.o)
 .debug_info    0x00002584      0x164 c:/altera/11.1sp1/nios2eds/bin/gnu/h-i686-mingw32/bin/../lib/gcc/nios2-elf/4.1.2/mno-hw-mul\libgcc.a(_thenan_sf.o)
 .debug_info    0x000026e8      0x213 c:/altera/11.1sp1/nios2eds/bin/gnu/h-i686-mingw32/bin/../lib/gcc/nios2-elf/4.1.2/mno-hw-mul\libgcc.a(_usi_to_sf.o)
 .debug_info    0x000028fb      0x493 c:/altera/11.1sp1/nios2eds/bin/gnu/h-i686-mingw32/bin/../lib/gcc/nios2-elf/4.1.2/mno-hw-mul\libgcc.a(_addsub_df.o)
 .debug_info    0x00002d8e      0x488 c:/altera/11.1sp1/nios2eds/bin/gnu/h-i686-mingw32/bin/../lib/gcc/nios2-elf/4.1.2/mno-hw-mul\libgcc.a(_mul_df.o)
 .debug_info    0x00003216      0x218 c:/altera/11.1sp1/nios2eds/bin/gnu/h-i686-mingw32/bin/../lib/gcc/nios2-elf/4.1.2/mno-hw-mul\libgcc.a(_si_to_df.o)
 .debug_info    0x0000342e      0x2cd c:/altera/11.1sp1/nios2eds/bin/gnu/h-i686-mingw32/bin/../lib/gcc/nios2-elf/4.1.2/mno-hw-mul\libgcc.a(_df_to_si.o)
 .debug_info    0x000036fb      0x164 c:/altera/11.1sp1/nios2eds/bin/gnu/h-i686-mingw32/bin/../lib/gcc/nios2-elf/4.1.2/mno-hw-mul\libgcc.a(_thenan_df.o)
 .debug_info    0x0000385f       0xf3 c:/altera/11.1sp1/nios2eds/bin/gnu/h-i686-mingw32/bin/../lib/gcc/nios2-elf/4.1.2/mno-hw-mul\libgcc.a(lib2-mul.o)
 .debug_info    0x00003952      0x210 c:/altera/11.1sp1/nios2eds/bin/gnu/h-i686-mingw32/bin/../lib/gcc/nios2-elf/4.1.2/mno-hw-mul\libgcc.a(_muldi3.o)
 .debug_info    0x00003b62      0x130 c:/altera/11.1sp1/nios2eds/bin/gnu/h-i686-mingw32/bin/../lib/gcc/nios2-elf/4.1.2/mno-hw-mul\libgcc.a(_clzsi2.o)
 .debug_info    0x00003c92      0x2f2 c:/altera/11.1sp1/nios2eds/bin/gnu/h-i686-mingw32/bin/../lib/gcc/nios2-elf/4.1.2/mno-hw-mul\libgcc.a(_pack_sf.o)
 .debug_info    0x00003f84      0x25a c:/altera/11.1sp1/nios2eds/bin/gnu/h-i686-mingw32/bin/../lib/gcc/nios2-elf/4.1.2/mno-hw-mul\libgcc.a(_unpack_sf.o)
 .debug_info    0x000041de      0x21f c:/altera/11.1sp1/nios2eds/bin/gnu/h-i686-mingw32/bin/../lib/gcc/nios2-elf/4.1.2/mno-hw-mul\libgcc.a(_fpcmp_parts_sf.o)
 .debug_info    0x000043fd      0x2fc c:/altera/11.1sp1/nios2eds/bin/gnu/h-i686-mingw32/bin/../lib/gcc/nios2-elf/4.1.2/mno-hw-mul\libgcc.a(_pack_df.o)
 .debug_info    0x000046f9      0x268 c:/altera/11.1sp1/nios2eds/bin/gnu/h-i686-mingw32/bin/../lib/gcc/nios2-elf/4.1.2/mno-hw-mul\libgcc.a(_unpack_df.o)
 .debug_info    0x00004961       0xc9 c:/altera/11.1sp1/nios2eds/bin/gnu/h-i686-mingw32/bin/../lib/gcc/nios2-elf/4.1.2/mno-hw-mul\libgcc.a(_clz.o)
 .debug_info    0x00004a2a       0xc2 c:/altera/11.1sp1/nios2eds/bin/gnu/h-i686-mingw32/bin/../lib/gcc/nios2-elf/4.1.2/../../../../nios2-elf/lib/mno-hw-mul\libsmallc.a(lib_a-memcpy.o)
 .debug_info    0x00004aec      0x6c8 c:/altera/11.1sp1/nios2eds/bin/gnu/h-i686-mingw32/bin/../lib/gcc/nios2-elf/4.1.2/../../../../nios2-elf/lib/mno-hw-mul\libsmallc.a(lib_a-printf.o)
 .debug_info    0x000051b4      0x66b c:/altera/11.1sp1/nios2eds/bin/gnu/h-i686-mingw32/bin/../lib/gcc/nios2-elf/4.1.2/../../../../nios2-elf/lib/mno-hw-mul\libsmallc.a(lib_a-putchar.o)
 .debug_info    0x0000581f      0x685 c:/altera/11.1sp1/nios2eds/bin/gnu/h-i686-mingw32/bin/../lib/gcc/nios2-elf/4.1.2/../../../../nios2-elf/lib/mno-hw-mul\libsmallc.a(lib_a-puts.o)
 .debug_info    0x00005ea4       0xc2 c:/altera/11.1sp1/nios2eds/bin/gnu/h-i686-mingw32/bin/../lib/gcc/nios2-elf/4.1.2/../../../../nios2-elf/lib/mno-hw-mul\libsmallc.a(lib_a-strlen.o)
 .debug_info    0x00005f66      0x94c c:/altera/11.1sp1/nios2eds/bin/gnu/h-i686-mingw32/bin/../lib/gcc/nios2-elf/4.1.2/../../../../nios2-elf/lib/mno-hw-mul\libsmallc.a(lib_a-vfprintf.o)
 .debug_info    0x000068b2      0x68e c:/altera/11.1sp1/nios2eds/bin/gnu/h-i686-mingw32/bin/../lib/gcc/nios2-elf/4.1.2/../../../../nios2-elf/lib/mno-hw-mul\libsmallc.a(lib_a-fvwrite_small_dev.o)
 .debug_info    0x00006f40      0x636 c:/altera/11.1sp1/nios2eds/bin/gnu/h-i686-mingw32/bin/../lib/gcc/nios2-elf/4.1.2/../../../../nios2-elf/lib/mno-hw-mul\libsmallc.a(lib_a-impure.o)
 .debug_info    0x00007576      0x6b8 c:/altera/11.1sp1/nios2eds/bin/gnu/h-i686-mingw32/bin/../lib/gcc/nios2-elf/4.1.2/../../../../nios2-elf/lib/mno-hw-mul\libsmallc.a(lib_a-putc.o)
 .debug_info    0x00007c2e      0x68c c:/altera/11.1sp1/nios2eds/bin/gnu/h-i686-mingw32/bin/../lib/gcc/nios2-elf/4.1.2/../../../../nios2-elf/lib/mno-hw-mul\libsmallc.a(lib_a-writer.o)
 .debug_info    0x000082ba       0x8c c:/altera/11.1sp1/nios2eds/bin/gnu/h-i686-mingw32/bin/../lib/gcc/nios2-elf/4.1.2/../../../../nios2-elf/lib/mno-hw-mul\libsmallc.a(lib_a-int_errno.o)
 .debug_info    0x00008346      0x21c c:/altera/11.1sp1/nios2eds/bin/gnu/h-i686-mingw32/bin/../lib/gcc/nios2-elf/4.1.2/mno-hw-mul\libgcc.a(lib2-divmod.o)
 .debug_info    0x00008562      0x214 ../BeInMotion_bsp/\libhal_bsp.a(alt_main.o)
 .debug_info    0x00008776      0x514 ../BeInMotion_bsp/\libhal_bsp.a(alt_open.o)
 .debug_info    0x00008c8a      0x679 ../BeInMotion_bsp/\libhal_bsp.a(alt_read.o)
 .debug_info    0x00009303      0x3e1 ../BeInMotion_bsp/\libhal_bsp.a(alt_release_fd.o)
 .debug_info    0x000096e4      0x157 ../BeInMotion_bsp/\libhal_bsp.a(alt_usleep.o)
 .debug_info    0x0000983b      0x682 ../BeInMotion_bsp/\libhal_bsp.a(alt_write.o)
 .debug_info    0x00009ebd      0x691 ../BeInMotion_bsp/\libhal_bsp.a(alt_sys_init.o)
 .debug_info    0x0000a54e      0x5a8 ../BeInMotion_bsp/\libhal_bsp.a(altera_avalon_jtag_uart_fd.o)
 .debug_info    0x0000aaf6      0x2f8 ../BeInMotion_bsp/\libhal_bsp.a(altera_avalon_jtag_uart_read.o)
 .debug_info    0x0000adee      0x2d5 ../BeInMotion_bsp/\libhal_bsp.a(altera_avalon_jtag_uart_write.o)
 .debug_info    0x0000b0c3      0x37a ../BeInMotion_bsp/\libhal_bsp.a(altera_avalon_timer_sc.o)
 .debug_info    0x0000b43d      0x53d ../BeInMotion_bsp/\libhal_bsp.a(altera_avalon_uart_fd.o)
 .debug_info    0x0000b97a      0x2d1 ../BeInMotion_bsp/\libhal_bsp.a(altera_avalon_uart_read.o)
 .debug_info    0x0000bc4b      0x2e8 ../BeInMotion_bsp/\libhal_bsp.a(altera_avalon_uart_write.o)
 .debug_info    0x0000bf33      0x19a ../BeInMotion_bsp/\libhal_bsp.a(alt_busy_sleep.o)
 .debug_info    0x0000c0cd      0x456 ../BeInMotion_bsp/\libhal_bsp.a(alt_close.o)
 .debug_info    0x0000c523      0x66e ../BeInMotion_bsp/\libhal_bsp.a(alt_dev.o)
 .debug_info    0x0000cb91      0x2a6 ../BeInMotion_bsp/\libhal_bsp.a(alt_dev_llist_insert.o)
 .debug_info    0x0000ce37      0x153 ../BeInMotion_bsp/\libhal_bsp.a(alt_errno.o)
 .debug_info    0x0000cf8a      0x407 ../BeInMotion_bsp/\libhal_bsp.a(alt_find_dev.o)
 .debug_info    0x0000d391      0x40e ../BeInMotion_bsp/\libhal_bsp.a(alt_find_file.o)
 .debug_info    0x0000d79f      0x44f ../BeInMotion_bsp/\libhal_bsp.a(alt_get_fd.o)
 .debug_info    0x0000dbee      0x467 ../BeInMotion_bsp/\libhal_bsp.a(alt_iic.o)
 .debug_info    0x0000e055      0x303 ../BeInMotion_bsp/\libhal_bsp.a(alt_iic_isr_register.o)
 .debug_info    0x0000e358      0x684 ../BeInMotion_bsp/\libhal_bsp.a(alt_io_redirect.o)
 .debug_info    0x0000e9dc       0x73 ../BeInMotion_bsp/\libhal_bsp.a(alt_irq_entry.o)
 .debug_info    0x0000ea4f      0x264 ../BeInMotion_bsp/\libhal_bsp.a(alt_irq_handler.o)
 .debug_info    0x0000ecb3      0x136 ../BeInMotion_bsp/\libhal_bsp.a(alt_irq_vars.o)
 .debug_info    0x0000ede9      0x3ed ../BeInMotion_bsp/\libhal_bsp.a(alt_tick.o)
 .debug_info    0x0000f1d6      0x152 ../BeInMotion_bsp/\libhal_bsp.a(altera_nios2_qsys_irq.o)
 .debug_info    0x0000f328       0x79 ../BeInMotion_bsp/\libhal_bsp.a(alt_exception_entry.o)
 .debug_info    0x0000f3a1       0x9f c:/altera/11.1sp1/nios2eds/bin/gnu/h-i686-mingw32/bin/../lib/gcc/nios2-elf/4.1.2/../../../../nios2-elf/lib/mno-hw-mul\libsmallc.a(lib_a-exit.o)
 .debug_info    0x0000f440       0xef c:/altera/11.1sp1/nios2eds/bin/gnu/h-i686-mingw32/bin/../lib/gcc/nios2-elf/4.1.2/../../../../nios2-elf/lib/mno-hw-mul\libsmallc.a(lib_a-memcmp.o)
 .debug_info    0x0000f52f      0x6d5 c:/altera/11.1sp1/nios2eds/bin/gnu/h-i686-mingw32/bin/../lib/gcc/nios2-elf/4.1.2/../../../../nios2-elf/lib/mno-hw-mul\libsmallc.a(lib_a-__call_atexit.o)
 .debug_info    0x0000fc04      0x17c ../BeInMotion_bsp/\libhal_bsp.a(alt_exit.o)

.debug_abbrev   0x00000000     0x488b
 *(.debug_abbrev)
 .debug_abbrev  0x00000000       0x14 ../BeInMotion_bsp//obj/HAL/src/crt0.o
 .debug_abbrev  0x00000014      0x157 obj/default/dc_motor_sync.o
 .debug_abbrev  0x0000016b       0x4b obj/default/sls_fonts.o
 .debug_abbrev  0x000001b6      0x11f ./\libslsgui.a(simple_graphics.o)
 .debug_abbrev  0x000002d5       0x5d c:/altera/11.1sp1/nios2eds/bin/gnu/h-i686-mingw32/bin/../lib/gcc/nios2-elf/4.1.2/mno-hw-mul\libgcc.a(_fixunssfsi.o)
 .debug_abbrev  0x00000332      0x1e1 c:/altera/11.1sp1/nios2eds/bin/gnu/h-i686-mingw32/bin/../lib/gcc/nios2-elf/4.1.2/mno-hw-mul\libgcc.a(_addsub_sf.o)
 .debug_abbrev  0x00000513      0x206 c:/altera/11.1sp1/nios2eds/bin/gnu/h-i686-mingw32/bin/../lib/gcc/nios2-elf/4.1.2/mno-hw-mul\libgcc.a(_mul_sf.o)
 .debug_abbrev  0x00000719      0x1e5 c:/altera/11.1sp1/nios2eds/bin/gnu/h-i686-mingw32/bin/../lib/gcc/nios2-elf/4.1.2/mno-hw-mul\libgcc.a(_div_sf.o)
 .debug_abbrev  0x000008fe      0x151 c:/altera/11.1sp1/nios2eds/bin/gnu/h-i686-mingw32/bin/../lib/gcc/nios2-elf/4.1.2/mno-hw-mul\libgcc.a(_ge_sf.o)
 .debug_abbrev  0x00000a4f      0x176 c:/altera/11.1sp1/nios2eds/bin/gnu/h-i686-mingw32/bin/../lib/gcc/nios2-elf/4.1.2/mno-hw-mul\libgcc.a(_sf_to_si.o)
 .debug_abbrev  0x00000bc5       0xba c:/altera/11.1sp1/nios2eds/bin/gnu/h-i686-mingw32/bin/../lib/gcc/nios2-elf/4.1.2/mno-hw-mul\libgcc.a(_thenan_sf.o)
 .debug_abbrev  0x00000c7f      0x155 c:/altera/11.1sp1/nios2eds/bin/gnu/h-i686-mingw32/bin/../lib/gcc/nios2-elf/4.1.2/mno-hw-mul\libgcc.a(_usi_to_sf.o)
 .debug_abbrev  0x00000dd4      0x1d2 c:/altera/11.1sp1/nios2eds/bin/gnu/h-i686-mingw32/bin/../lib/gcc/nios2-elf/4.1.2/mno-hw-mul\libgcc.a(_addsub_df.o)
 .debug_abbrev  0x00000fa6      0x204 c:/altera/11.1sp1/nios2eds/bin/gnu/h-i686-mingw32/bin/../lib/gcc/nios2-elf/4.1.2/mno-hw-mul\libgcc.a(_mul_df.o)
 .debug_abbrev  0x000011aa      0x13f c:/altera/11.1sp1/nios2eds/bin/gnu/h-i686-mingw32/bin/../lib/gcc/nios2-elf/4.1.2/mno-hw-mul\libgcc.a(_si_to_df.o)
 .debug_abbrev  0x000012e9      0x176 c:/altera/11.1sp1/nios2eds/bin/gnu/h-i686-mingw32/bin/../lib/gcc/nios2-elf/4.1.2/mno-hw-mul\libgcc.a(_df_to_si.o)
 .debug_abbrev  0x0000145f       0xba c:/altera/11.1sp1/nios2eds/bin/gnu/h-i686-mingw32/bin/../lib/gcc/nios2-elf/4.1.2/mno-hw-mul\libgcc.a(_thenan_df.o)
 .debug_abbrev  0x00001519       0x7b c:/altera/11.1sp1/nios2eds/bin/gnu/h-i686-mingw32/bin/../lib/gcc/nios2-elf/4.1.2/mno-hw-mul\libgcc.a(lib2-mul.o)
 .debug_abbrev  0x00001594       0xfb c:/altera/11.1sp1/nios2eds/bin/gnu/h-i686-mingw32/bin/../lib/gcc/nios2-elf/4.1.2/mno-hw-mul\libgcc.a(_muldi3.o)
 .debug_abbrev  0x0000168f       0xb9 c:/altera/11.1sp1/nios2eds/bin/gnu/h-i686-mingw32/bin/../lib/gcc/nios2-elf/4.1.2/mno-hw-mul\libgcc.a(_clzsi2.o)
 .debug_abbrev  0x00001748      0x1aa c:/altera/11.1sp1/nios2eds/bin/gnu/h-i686-mingw32/bin/../lib/gcc/nios2-elf/4.1.2/mno-hw-mul\libgcc.a(_pack_sf.o)
 .debug_abbrev  0x000018f2      0x158 c:/altera/11.1sp1/nios2eds/bin/gnu/h-i686-mingw32/bin/../lib/gcc/nios2-elf/4.1.2/mno-hw-mul\libgcc.a(_unpack_sf.o)
 .debug_abbrev  0x00001a4a      0x132 c:/altera/11.1sp1/nios2eds/bin/gnu/h-i686-mingw32/bin/../lib/gcc/nios2-elf/4.1.2/mno-hw-mul\libgcc.a(_fpcmp_parts_sf.o)
 .debug_abbrev  0x00001b7c      0x1b1 c:/altera/11.1sp1/nios2eds/bin/gnu/h-i686-mingw32/bin/../lib/gcc/nios2-elf/4.1.2/mno-hw-mul\libgcc.a(_pack_df.o)
 .debug_abbrev  0x00001d2d      0x149 c:/altera/11.1sp1/nios2eds/bin/gnu/h-i686-mingw32/bin/../lib/gcc/nios2-elf/4.1.2/mno-hw-mul\libgcc.a(_unpack_df.o)
 .debug_abbrev  0x00001e76       0x61 c:/altera/11.1sp1/nios2eds/bin/gnu/h-i686-mingw32/bin/../lib/gcc/nios2-elf/4.1.2/mno-hw-mul\libgcc.a(_clz.o)
 .debug_abbrev  0x00001ed7       0x9d c:/altera/11.1sp1/nios2eds/bin/gnu/h-i686-mingw32/bin/../lib/gcc/nios2-elf/4.1.2/../../../../nios2-elf/lib/mno-hw-mul\libsmallc.a(lib_a-memcpy.o)
 .debug_abbrev  0x00001f74      0x179 c:/altera/11.1sp1/nios2eds/bin/gnu/h-i686-mingw32/bin/../lib/gcc/nios2-elf/4.1.2/../../../../nios2-elf/lib/mno-hw-mul\libsmallc.a(lib_a-printf.o)
 .debug_abbrev  0x000020ed      0x158 c:/altera/11.1sp1/nios2eds/bin/gnu/h-i686-mingw32/bin/../lib/gcc/nios2-elf/4.1.2/../../../../nios2-elf/lib/mno-hw-mul\libsmallc.a(lib_a-putchar.o)
 .debug_abbrev  0x00002245      0x180 c:/altera/11.1sp1/nios2eds/bin/gnu/h-i686-mingw32/bin/../lib/gcc/nios2-elf/4.1.2/../../../../nios2-elf/lib/mno-hw-mul\libsmallc.a(lib_a-puts.o)
 .debug_abbrev  0x000023c5       0x7a c:/altera/11.1sp1/nios2eds/bin/gnu/h-i686-mingw32/bin/../lib/gcc/nios2-elf/4.1.2/../../../../nios2-elf/lib/mno-hw-mul\libsmallc.a(lib_a-strlen.o)
 .debug_abbrev  0x0000243f      0x247 c:/altera/11.1sp1/nios2eds/bin/gnu/h-i686-mingw32/bin/../lib/gcc/nios2-elf/4.1.2/../../../../nios2-elf/lib/mno-hw-mul\libsmallc.a(lib_a-vfprintf.o)
 .debug_abbrev  0x00002686      0x179 c:/altera/11.1sp1/nios2eds/bin/gnu/h-i686-mingw32/bin/../lib/gcc/nios2-elf/4.1.2/../../../../nios2-elf/lib/mno-hw-mul\libsmallc.a(lib_a-fvwrite_small_dev.o)
 .debug_abbrev  0x000027ff      0x13f c:/altera/11.1sp1/nios2eds/bin/gnu/h-i686-mingw32/bin/../lib/gcc/nios2-elf/4.1.2/../../../../nios2-elf/lib/mno-hw-mul\libsmallc.a(lib_a-impure.o)
 .debug_abbrev  0x0000293e      0x167 c:/altera/11.1sp1/nios2eds/bin/gnu/h-i686-mingw32/bin/../lib/gcc/nios2-elf/4.1.2/../../../../nios2-elf/lib/mno-hw-mul\libsmallc.a(lib_a-putc.o)
 .debug_abbrev  0x00002aa5      0x16c c:/altera/11.1sp1/nios2eds/bin/gnu/h-i686-mingw32/bin/../lib/gcc/nios2-elf/4.1.2/../../../../nios2-elf/lib/mno-hw-mul\libsmallc.a(lib_a-writer.o)
 .debug_abbrev  0x00002c11       0x3b c:/altera/11.1sp1/nios2eds/bin/gnu/h-i686-mingw32/bin/../lib/gcc/nios2-elf/4.1.2/../../../../nios2-elf/lib/mno-hw-mul\libsmallc.a(lib_a-int_errno.o)
 .debug_abbrev  0x00002c4c       0xe0 c:/altera/11.1sp1/nios2eds/bin/gnu/h-i686-mingw32/bin/../lib/gcc/nios2-elf/4.1.2/mno-hw-mul\libgcc.a(lib2-divmod.o)
 .debug_abbrev  0x00002d2c       0xb7 ../BeInMotion_bsp/\libhal_bsp.a(alt_main.o)
 .debug_abbrev  0x00002de3      0x112 ../BeInMotion_bsp/\libhal_bsp.a(alt_open.o)
 .debug_abbrev  0x00002ef5       0xfb ../BeInMotion_bsp/\libhal_bsp.a(alt_read.o)
 .debug_abbrev  0x00002ff0       0xc1 ../BeInMotion_bsp/\libhal_bsp.a(alt_release_fd.o)
 .debug_abbrev  0x000030b1       0x5d ../BeInMotion_bsp/\libhal_bsp.a(alt_usleep.o)
 .debug_abbrev  0x0000310e      0x100 ../BeInMotion_bsp/\libhal_bsp.a(alt_write.o)
 .debug_abbrev  0x0000320e      0x121 ../BeInMotion_bsp/\libhal_bsp.a(alt_sys_init.o)
 .debug_abbrev  0x0000332f       0xcb ../BeInMotion_bsp/\libhal_bsp.a(altera_avalon_jtag_uart_fd.o)
 .debug_abbrev  0x000033fa       0xb6 ../BeInMotion_bsp/\libhal_bsp.a(altera_avalon_jtag_uart_read.o)
 .debug_abbrev  0x000034b0       0xb4 ../BeInMotion_bsp/\libhal_bsp.a(altera_avalon_jtag_uart_write.o)
 .debug_abbrev  0x00003564      0x137 ../BeInMotion_bsp/\libhal_bsp.a(altera_avalon_timer_sc.o)
 .debug_abbrev  0x0000369b       0xcf ../BeInMotion_bsp/\libhal_bsp.a(altera_avalon_uart_fd.o)
 .debug_abbrev  0x0000376a       0xc4 ../BeInMotion_bsp/\libhal_bsp.a(altera_avalon_uart_read.o)
 .debug_abbrev  0x0000382e       0xcb ../BeInMotion_bsp/\libhal_bsp.a(altera_avalon_uart_write.o)
 .debug_abbrev  0x000038f9       0x6c ../BeInMotion_bsp/\libhal_bsp.a(alt_busy_sleep.o)
 .debug_abbrev  0x00003965       0xfb ../BeInMotion_bsp/\libhal_bsp.a(alt_close.o)
 .debug_abbrev  0x00003a60       0xc7 ../BeInMotion_bsp/\libhal_bsp.a(alt_dev.o)
 .debug_abbrev  0x00003b27       0xf6 ../BeInMotion_bsp/\libhal_bsp.a(alt_dev_llist_insert.o)
 .debug_abbrev  0x00003c1d       0x5e ../BeInMotion_bsp/\libhal_bsp.a(alt_errno.o)
 .debug_abbrev  0x00003c7b       0xcf ../BeInMotion_bsp/\libhal_bsp.a(alt_find_dev.o)
 .debug_abbrev  0x00003d4a       0xcf ../BeInMotion_bsp/\libhal_bsp.a(alt_find_file.o)
 .debug_abbrev  0x00003e19       0xfb ../BeInMotion_bsp/\libhal_bsp.a(alt_get_fd.o)
 .debug_abbrev  0x00003f14      0x134 ../BeInMotion_bsp/\libhal_bsp.a(alt_iic.o)
 .debug_abbrev  0x00004048      0x14e ../BeInMotion_bsp/\libhal_bsp.a(alt_iic_isr_register.o)
 .debug_abbrev  0x00004196       0xf0 ../BeInMotion_bsp/\libhal_bsp.a(alt_io_redirect.o)
 .debug_abbrev  0x00004286       0x12 ../BeInMotion_bsp/\libhal_bsp.a(alt_irq_entry.o)
 .debug_abbrev  0x00004298      0x10c ../BeInMotion_bsp/\libhal_bsp.a(alt_irq_handler.o)
 .debug_abbrev  0x000043a4       0x44 ../BeInMotion_bsp/\libhal_bsp.a(alt_irq_vars.o)
 .debug_abbrev  0x000043e8      0x150 ../BeInMotion_bsp/\libhal_bsp.a(alt_tick.o)