Archive member included because of file (symbol)

./\libslsgui.a(simple_graphics.o)
                              obj/default/dc_motor_sync.o (LCD_init)
c:/altera/11.1sp1/nios2eds/bin/gnu/h-i686-mingw32/bin/../lib/gcc/nios2-elf/4.1.2/mno-hw-mul\libgcc.a(_fixunssfsi.o)
                              ./\libslsgui.a(simple_graphics.o) (__fixunssfsi)
c:/altera/11.1sp1/nios2eds/bin/gnu/h-i686-mingw32/bin/../lib/gcc/nios2-elf/4.1.2/mno-hw-mul\libgcc.a(_addsub_sf.o)
                              c:/altera/11.1sp1/nios2eds/bin/gnu/h-i686-mingw32/bin/../lib/gcc/nios2-elf/4.1.2/mno-hw-mul\libgcc.a(_fixunssfsi.o) (__subsf3)
c:/altera/11.1sp1/nios2eds/bin/gnu/h-i686-mingw32/bin/../lib/gcc/nios2-elf/4.1.2/mno-hw-mul\libgcc.a(_mul_sf.o)
                              ./\libslsgui.a(simple_graphics.o) (__mulsf3)
c:/altera/11.1sp1/nios2eds/bin/gnu/h-i686-mingw32/bin/../lib/gcc/nios2-elf/4.1.2/mno-hw-mul\libgcc.a(_div_sf.o)
                              ./\libslsgui.a(simple_graphics.o) (__divsf3)
c:/altera/11.1sp1/nios2eds/bin/gnu/h-i686-mingw32/bin/../lib/gcc/nios2-elf/4.1.2/mno-hw-mul\libgcc.a(_ge_sf.o)
                              c:/altera/11.1sp1/nios2eds/bin/gnu/h-i686-mingw32/bin/../lib/gcc/nios2-elf/4.1.2/mno-hw-mul\libgcc.a(_fixunssfsi.o) (__gesf2)
c:/altera/11.1sp1/nios2eds/bin/gnu/h-i686-mingw32/bin/../lib/gcc/nios2-elf/4.1.2/mno-hw-mul\libgcc.a(_sf_to_si.o)
                              c:/altera/11.1sp1/nios2eds/bin/gnu/h-i686-mingw32/bin/../lib/gcc/nios2-elf/4.1.2/mno-hw-mul\libgcc.a(_fixunssfsi.o) (__fixsfsi)
c:/altera/11.1sp1/nios2eds/bin/gnu/h-i686-mingw32/bin/../lib/gcc/nios2-elf/4.1.2/mno-hw-mul\libgcc.a(_thenan_sf.o)
                              c:/altera/11.1sp1/nios2eds/bin/gnu/h-i686-mingw32/bin/../lib/gcc/nios2-elf/4.1.2/mno-hw-mul\libgcc.a(_addsub_sf.o) (__thenan_sf)
c:/altera/11.1sp1/nios2eds/bin/gnu/h-i686-mingw32/bin/../lib/gcc/nios2-elf/4.1.2/mno-hw-mul\libgcc.a(_usi_to_sf.o)
                              ./\libslsgui.a(simple_graphics.o) (__floatunsisf)
c:/altera/11.1sp1/nios2eds/bin/gnu/h-i686-mingw32/bin/../lib/gcc/nios2-elf/4.1.2/mno-hw-mul\libgcc.a(_addsub_df.o)
                              obj/default/dc_motor_sync.o (__adddf3)
c:/altera/11.1sp1/nios2eds/bin/gnu/h-i686-mingw32/bin/../lib/gcc/nios2-elf/4.1.2/mno-hw-mul\libgcc.a(_mul_df.o)
                              obj/default/dc_motor_sync.o (__muldf3)
c:/altera/11.1sp1/nios2eds/bin/gnu/h-i686-mingw32/bin/../lib/gcc/nios2-elf/4.1.2/mno-hw-mul\libgcc.a(_si_to_df.o)
                              obj/default/dc_motor_sync.o (__floatsidf)
c:/altera/11.1sp1/nios2eds/bin/gnu/h-i686-mingw32/bin/../lib/gcc/nios2-elf/4.1.2/mno-hw-mul\libgcc.a(_df_to_si.o)
                              obj/default/dc_motor_sync.o (__fixdfsi)
c:/altera/11.1sp1/nios2eds/bin/gnu/h-i686-mingw32/bin/../lib/gcc/nios2-elf/4.1.2/mno-hw-mul\libgcc.a(_thenan_df.o)
                              c:/altera/11.1sp1/nios2eds/bin/gnu/h-i686-mingw32/bin/../lib/gcc/nios2-elf/4.1.2/mno-hw-mul\libgcc.a(_addsub_df.o) (__thenan_df)
c:/altera/11.1sp1/nios2eds/bin/gnu/h-i686-mingw32/bin/../lib/gcc/nios2-elf/4.1.2/mno-hw-mul\libgcc.a(lib2-mul.o)
                              obj/default/dc_motor_sync.o (__mulsi3)
c:/altera/11.1sp1/nios2eds/bin/gnu/h-i686-mingw32/bin/../lib/gcc/nios2-elf/4.1.2/mno-hw-mul\libgcc.a(_muldi3.o)
                              c:/altera/11.1sp1/nios2eds/bin/gnu/h-i686-mingw32/bin/../lib/gcc/nios2-elf/4.1.2/mno-hw-mul\libgcc.a(_mul_sf.o) (__muldi3)
c:/altera/11.1sp1/nios2eds/bin/gnu/h-i686-mingw32/bin/../lib/gcc/nios2-elf/4.1.2/mno-hw-mul\libgcc.a(_clzsi2.o)
                              c:/altera/11.1sp1/nios2eds/bin/gnu/h-i686-mingw32/bin/../lib/gcc/nios2-elf/4.1.2/mno-hw-mul\libgcc.a(_usi_to_sf.o) (__clzsi2)
c:/altera/11.1sp1/nios2eds/bin/gnu/h-i686-mingw32/bin/../lib/gcc/nios2-elf/4.1.2/mno-hw-mul\libgcc.a(_pack_sf.o)
                              c:/altera/11.1sp1/nios2eds/bin/gnu/h-i686-mingw32/bin/../lib/gcc/nios2-elf/4.1.2/mno-hw-mul\libgcc.a(_addsub_sf.o) (__pack_f)
c:/altera/11.1sp1/nios2eds/bin/gnu/h-i686-mingw32/bin/../lib/gcc/nios2-elf/4.1.2/mno-hw-mul\libgcc.a(_unpack_sf.o)
                              c:/altera/11.1sp1/nios2eds/bin/gnu/h-i686-mingw32/bin/../lib/gcc/nios2-elf/4.1.2/mno-hw-mul\libgcc.a(_addsub_sf.o) (__unpack_f)
c:/altera/11.1sp1/nios2eds/bin/gnu/h-i686-mingw32/bin/../lib/gcc/nios2-elf/4.1.2/mno-hw-mul\libgcc.a(_fpcmp_parts_sf.o)
                              c:/altera/11.1sp1/nios2eds/bin/gnu/h-i686-mingw32/bin/../lib/gcc/nios2-elf/4.1.2/mno-hw-mul\libgcc.a(_ge_sf.o) (__fpcmp_parts_f)
c:/altera/11.1sp1/nios2eds/bin/gnu/h-i686-mingw32/bin/../lib/gcc/nios2-elf/4.1.2/mno-hw-mul\libgcc.a(_pack_df.o)
                              c:/altera/11.1sp1/nios2eds/bin/gnu/h-i686-mingw32/bin/../lib/gcc/nios2-elf/4.1.2/mno-hw-mul\libgcc.a(_addsub_df.o) (__pack_d)
c:/altera/11.1sp1/nios2eds/bin/gnu/h-i686-mingw32/bin/../lib/gcc/nios2-elf/4.1.2/mno-hw-mul\libgcc.a(_unpack_df.o)
[...]
Memory Configuration

Name             Origin             Length             Attributes
onchip_ram_BEFORE_EXCEPTION 0x00010000         0x00000020
onchip_ram       0x00010020         0x00009420
interrupt_stack  0x00019440         0x00000400
exception_stack  0x00019840         0x00000400
reset            0x00021800         0x00000020
epcs             0x00021820         0x000007e0
*default*        0x00000000         0xffffffff

Linker script and memory map

LOAD ../BeInMotion_bsp//obj/HAL/src/crt0.o
LOAD obj/default/dc_motor_sync.o
LOAD obj/default/sls_fonts.o
LOAD ./\libslsgui.a
LOAD c:/altera/11.1sp1/nios2eds/bin/gnu/h-i686-mingw32/bin/../lib/gcc/nios2-elf/4.1.2/../../../../nios2-elf/lib/mno-hw-mul\libstdc++.a
LOAD c:/altera/11.1sp1/nios2eds/bin/gnu/h-i686-mingw32/bin/../lib/gcc/nios2-elf/4.1.2/../../../../nios2-elf/lib/mno-hw-mul\libm.a
LOAD c:/altera/11.1sp1/nios2eds/bin/gnu/h-i686-mingw32/bin/../lib/gcc/nios2-elf/4.1.2/mno-hw-mul\libgcc.a
START GROUP
LOAD c:/altera/11.1sp1/nios2eds/bin/gnu/h-i686-mingw32/bin/../lib/gcc/nios2-elf/4.1.2/../../../../nios2-elf/lib/mno-hw-mul\libsmallc.a
LOAD c:/altera/11.1sp1/nios2eds/bin/gnu/h-i686-mingw32/bin/../lib/gcc/nios2-elf/4.1.2/mno-hw-mul\libgcc.a
LOAD ../BeInMotion_bsp/\libhal_bsp.a
END GROUP
LOAD c:/altera/11.1sp1/nios2eds/bin/gnu/h-i686-mingw32/bin/../lib/gcc/nios2-elf/4.1.2/mno-hw-mul\libgcc.a
                0x00010000                __alt_mem_onchip_ram = 0x10000
                0x00021800                __alt_mem_epcs = 0x21800

.entry          0x00021800        0x0
 *(.entry)
 .entry         0x00021800        0x0 ../BeInMotion_bsp//obj/HAL/src/crt0.o
                0x00021800                __reset

.exceptions     0x00010020      0x1a0
                0x00010020                PROVIDE (__ram_exceptions_start, ABSOLUTE (.))
                0x00010020                . = ALIGN (0x20)
 *(.irq)
 *(.exceptions.entry.label)
 .exceptions.entry.label
                0x00010020        0x0 ../BeInMotion_bsp/\libhal_bsp.a(alt_irq_entry.o)
                0x00010020                alt_irq_entry
 .exceptions.entry.label
                0x00010020        0x0 ../BeInMotion_bsp/\libhal_bsp.a(alt_exception_entry.o)
                0x00010020                alt_exception
 *(.exceptions.entry.user)
 *(.exceptions.entry)
 .exceptions.entry
                0x00010020       0x60 ../BeInMotion_bsp/\libhal_bsp.a(alt_exception_entry.o)
 *(.exceptions.irqtest.user)
 *(.exceptions.irqtest)
 .exceptions.irqtest
                0x00010080       0x10 ../BeInMotion_bsp/\libhal_bsp.a(alt_irq_entry.o)
 *(.exceptions.irqhandler.user)
 *(.exceptions.irqhandler)
 .exceptions.irqhandler
                0x00010090        0x4 ../BeInMotion_bsp/\libhal_bsp.a(alt_irq_entry.o)
 *(.exceptions.irqreturn.user)
 *(.exceptions.irqreturn)
 .exceptions.irqreturn
                0x00010094        0x4 ../BeInMotion_bsp/\libhal_bsp.a(alt_irq_entry.o)
 *(.exceptions.notirq.label)
 .exceptions.notirq.label
                0x00010098        0x0 ../BeInMotion_bsp/\libhal_bsp.a(alt_irq_entry.o)
 *(.exceptions.notirq.user)
 *(.exceptions.notirq)
 .exceptions.notirq
                0x00010098        0x8 ../BeInMotion_bsp/\libhal_bsp.a(alt_exception_entry.o)
 *(.exceptions.soft.user)
 *(.exceptions.soft)
 *(.exceptions.unknown.user)
 *(.exceptions.unknown)
 .exceptions.unknown
                0x000100a0        0x4 ../BeInMotion_bsp/\libhal_bsp.a(alt_exception_entry.o)
 *(.exceptions.exit.label)
 .exceptions.exit.label
                0x000100a4        0x0 ../BeInMotion_bsp/\libhal_bsp.a(alt_irq_entry.o)
 .exceptions.exit.label
                0x000100a4        0x0 ../BeInMotion_bsp/\libhal_bsp.a(alt_exception_entry.o)
 *(.exceptions.exit.user)
 *(.exceptions.exit)
 .exceptions.exit
                0x000100a4       0x54 ../BeInMotion_bsp/\libhal_bsp.a(alt_exception_entry.o)
 *(.exceptions)
 .exceptions    0x000100f8       0xc8 ../BeInMotion_bsp/\libhal_bsp.a(alt_irq_handler.o)
                0x000100f8                alt_irq_handler
                0x000101c0                PROVIDE (__ram_exceptions_end, ABSOLUTE (.))
                0x00010020                PROVIDE (__flash_exceptions_start, LOADADDR (.exceptions))

.text           0x000101c0     0x77b8
                0x000101c0                PROVIDE (stext, ABSOLUTE (.))
 *(.interp)
 *(.hash)
 *(.dynsym)
 *(.dynstr)
 *(.gnu.version)
 *(.gnu.version_d)
 *(.gnu.version_r)
 *(.rel.init)
 *(.rela.init)
 *(.rel.text .rel.text.* .rel.gnu.linkonce.t.*)
 *(.rela.text .rela.text.* .rela.gnu.linkonce.t.*)
 *(.rel.fini)
 *(.rela.fini)
 *(.rel.rodata .rel.rodata.* .rel.gnu.linkonce.r.*)
 *(.rela.rodata .rela.rodata.* .rela.gnu.linkonce.r.*)
 *(.rel.data .rel.data.* .rel.gnu.linkonce.d.*)
 *(.rela.data .rela.data.* .rela.gnu.linkonce.d.*)
 *(.rel.tdata .rel.tdata.* .rel.gnu.linkonce.td.*)
 *(.rela.tdata .rela.tdata.* .rela.gnu.linkonce.td.*)
 *(.rel.tbss .rel.tbss.* .rel.gnu.linkonce.tb.*)
 *(.rela.tbss .rela.tbss.* .rela.gnu.linkonce.tb.*)
 *(.rel.ctors)
 *(.rela.ctors)
 *(.rel.dtors)
 *(.rela.dtors)
 *(.rel.got)
 *(.rela.got)
 *(.rel.sdata .rel.sdata.* .rel.gnu.linkonce.s.*)
 *(.rela.sdata .rela.sdata.* .rela.gnu.linkonce.s.*)
 *(.rel.sbss .rel.sbss.* .rel.gnu.linkonce.sb.*)
 *(.rela.sbss .rela.sbss.* .rela.gnu.linkonce.sb.*)
 *(.rel.sdata2 .rel.sdata2.* .rel.gnu.linkonce.s2.*)
 *(.rela.sdata2 .rela.sdata2.* .rela.gnu.linkonce.s2.*)
 *(.rel.sbss2 .rel.sbss2.* .rel.gnu.linkonce.sb2.*)
 *(.rela.sbss2 .rela.sbss2.* .rela.gnu.linkonce.sb2.*)
 *(.rel.bss .rel.bss.* .rel.gnu.linkonce.b.*)
 *(.rela.bss .rela.bss.* .rela.gnu.linkonce.b.*)
 *(.rel.plt)
 *(.rela.plt)
 *(.rel.dyn)
 *(.init)
 *(.plt)
 *(.text .stub .text.* .gnu.linkonce.t.*)
 .text          0x000101c0       0x38 ../BeInMotion_bsp//obj/HAL/src/crt0.o
                0x000101c0                _start
 .text          0x000101f8     0x10e8 obj/default/dc_motor_sync.o
                0x000101f8                pid_controller_hw
                0x00010354                pid_controller_sw
                0x000105e0                isr_dc_m2
                0x0001062c                isr_dc_m1
                0x00010678                turn_left
                0x000108c8                turn_right
                0x00010b18                move_fwd
                0x00010d44                move_bwd
                0x00010fb0                main
 .text          0x000112e0        0x0 obj/default/sls_fonts.o
 .text          0x000112e0     0x1fec ./\libslsgui.a(simple_graphics.o)
                0x000112e0                LCD_init
                0x00011730                LCD_draw_line
                0x000117dc                LCD_print_string
                0x00011948                LCD_draw_box
                0x00011a5c                LCD_print_char
                0x00011b44                LCD_set_pixel
                0x00011c64                LCD_get_pixel
                0x00011db0                LCD_paint_block
                0x00011f28                LCD_draw_horiz_line
                0x00012088                LCD_merge_colors
                0x00012178                LCD_draw_sloped_line
                0x000123ec                LCD_draw_circle
                0x00012534                LCD_circle_points
                0x00012978                LCD_draw_round_corner_box
                0x00012cd4                LCD_round_corner_points
 .text          0x000132cc       0x70 c:/altera/11.1sp1/nios2eds/bin/gnu/h-i686-mingw32/bin/../lib/gcc/nios2-elf/4.1.2/mno-hw-mul\libgcc.a(_fixunssfsi.o)
                0x000132cc                __fixunssfsi
 .text          0x0001333c      0x2b8 c:/altera/11.1sp1/nios2eds/bin/gnu/h-i686-mingw32/bin/../lib/gcc/nios2-elf/4.1.2/mno-hw-mul\libgcc.a(_addsub_sf.o)
                0x00013520                __subsf3
                0x00013590                __addsf3
 .text          0x000135f4      0x1e0 c:/altera/11.1sp1/nios2eds/bin/gnu/h-i686-mingw32/bin/../lib/gcc/nios2-elf/4.1.2/mno-hw-mul\libgcc.a(_mul_sf.o)
                0x000135f4                __mulsf3
 .text          0x000137d4      0x174 c:/altera/11.1sp1/nios2eds/bin/gnu/h-i686-mingw32/bin/../lib/gcc/nios2-elf/4.1.2/mno-hw-mul\libgcc.a(_div_sf.o)
                0x000137d4                __divsf3
 .text          0x00013948       0x78 c:/altera/11.1sp1/nios2eds/bin/gnu/h-i686-mingw32/bin/../lib/gcc/nios2-elf/4.1.2/mno-hw-mul\libgcc.a(_ge_sf.o)
                0x00013948                __gesf2
 .text          0x000139c0       0x94 c:/altera/11.1sp1/nios2eds/bin/gnu/h-i686-mingw32/bin/../lib/gcc/nios2-elf/4.1.2/mno-hw-mul\libgcc.a(_sf_to_si.o)
                0x000139c0                __fixsfsi
 .text          0x00013a54        0x0 c:/altera/11.1sp1/nios2eds/bin/gnu/h-i686-mingw32/bin/../lib/gcc/nios2-elf/4.1.2/mno-hw-mul\libgcc.a(_thenan_sf.o)
 .text          0x00013a54       0xc0 c:/altera/11.1sp1/nios2eds/bin/gnu/h-i686-mingw32/bin/../lib/gcc/nios2-elf/4.1.2/mno-hw-mul\libgcc.a(_usi_to_sf.o)
                0x00013a54                __floatunsisf
 .text          0x00013b14      0x504 c:/altera/11.1sp1/nios2eds/bin/gnu/h-i686-mingw32/bin/../lib/gcc/nios2-elf/4.1.2/mno-hw-mul\libgcc.a(_addsub_df.o)
                0x00013f24                __subdf3
                0x00013fa4                __adddf3
 .text          0x00014018      0x3c4 c:/altera/11.1sp1/nios2eds/bin/gnu/h-i686-mingw32/bin/../lib/gcc/nios2-elf/4.1.2/mno-hw-mul\libgcc.a(_mul_df.o)
                0x00014018                __muldf3
 .text          0x000143dc       0xf8 c:/altera/11.1sp1/nios2eds/bin/gnu/h-i686-mingw32/bin/../lib/gcc/nios2-elf/4.1.2/mno-hw-mul\libgcc.a(_si_to_df.o)
                0x000143dc                __floatsidf
 .text          0x000144d4       0xd8 c:/altera/11.1sp1/nios2eds/bin/gnu/h-i686-mingw32/bin/../lib/gcc/nios2-elf/4.1.2/mno-hw-mul\libgcc.a(_df_to_si.o)
                0x000144d4                __fixdfsi
 .text          0x000145ac        0x0 c:/altera/11.1sp1/nios2eds/bin/gnu/h-i686-mingw32/bin/../lib/gcc/nios2-elf/4.1.2/mno-hw-mul\libgcc.a(_thenan_df.o)
 .text          0x000145ac       0x38 c:/altera/11.1sp1/nios2eds/bin/gnu/h-i686-mingw32/bin/../lib/gcc/nios2-elf/4.1.2/mno-hw-mul\libgcc.a(lib2-mul.o)
                0x000145ac                __mulsi3
 .text          0x000145e4      0x124 c:/altera/11.1sp1/nios2eds/bin/gnu/h-i686-mingw32/bin/../lib/gcc/nios2-elf/4.1.2/mno-hw-mul\libgcc.a(_muldi3.o)
                0x000145e4                __muldi3
 .text          0x00014708       0x80 c:/altera/11.1sp1/nios2eds/bin/gnu/h-i686-mingw32/bin/../lib/gcc/nios2-elf/4.1.2/mno-hw-mul\libgcc.a(_clzsi2.o)
                0x00014708                __clzsi2
 .text          0x00014788      0x160 c:/altera/11.1sp1/nios2eds/bin/gnu/h-i686-mingw32/bin/../lib/gcc/nios2-elf/4.1.2/mno-hw-mul\libgcc.a(_pack_sf.o)
                0x00014788                __pack_f
 .text          0x000148e8       0xc8 c:/altera/11.1sp1/nios2eds/bin/gnu/h-i686-mingw32/bin/../lib/gcc/nios2-elf/4.1.2/mno-hw-mul\libgcc.a(_unpack_sf.o)
                0x000148e8                __unpack_f
 .text          0x000149b0       0xa8 c:/altera/11.1sp1/nios2eds/bin/gnu/h-i686-mingw32/bin/../lib/gcc/nios2-elf/4.1.2/mno-hw-mul\libgcc.a(_fpcmp_parts_sf.o)
                0x000149b0                __fpcmp_parts_f
 .text          0x00014a58      0x314 c:/altera/11.1sp1/nios2eds/bin/gnu/h-i686-mingw32/bin/../lib/gcc/nios2-elf/4.1.2/mno-hw-mul\libgcc.a(_pack_df.o)
                0x00014a58                __pack_d
 .text          0x00014d6c      0x138 c:/altera/11.1sp1/nios2eds/bin/gnu/h-i686-mingw32/bin/../lib/gcc/nios2-elf/4.1.2/mno-hw-mul\libgcc.a(_unpack_df.o)
                0x00014d6c                __unpack_d
 .text          0x00014ea4        0x0 c:/altera/11.1sp1/nios2eds/bin/gnu/h-i686-mingw32/bin/../lib/gcc/nios2-elf/4.1.2/mno-hw-mul\libgcc.a(_clz.o)
 .text          0x00014ea4        0x0 c:/altera/11.1sp1/nios2eds/bin/gnu/h-i686-mingw32/bin/../lib/gcc/nios2-elf/4.1.2/../../../../nios2-elf/lib/mno-hw-mul\libsmallc.a(lib_a-ctype_.o)
 .text          0x00014ea4        0x0 c:/altera/11.1sp1/nios2eds/bin/gnu/h-i686-mingw32/bin/../lib/gcc/nios2-elf/4.1.2/../../../../nios2-elf/lib/mno-hw-mul\libsmallc.a(lib_a-impure.o)
 .text          0x00014ea4       0x98 c:/altera/11.1sp1/nios2eds/bin/gnu/h-i686-mingw32/bin/../lib/gcc/nios2-elf/4.1.2/../../../../nios2-elf/lib/mno-hw-mul\libsmallc.a(lib_a-printf.o)
                0x00014ea4                printf
                0x00014ef8                _printf_r
 .text          0x00014f3c       0xe4 c:/altera/11.1sp1/nios2eds/bin/gnu/h-i686-mingw32/bin/../lib/gcc/nios2-elf/4.1.2/../../../../nios2-elf/lib/mno-hw-mul\libsmallc.a(lib_a-putc.o)
                0x00014f3c                putc
                0x00014fac                _putc_r
 .text          0x00015020       0xa4 c:/altera/11.1sp1/nios2eds/bin/gnu/h-i686-mingw32/bin/../lib/gcc/nios2-elf/4.1.2/../../../../nios2-elf/lib/mno-hw-mul\libsmallc.a(lib_a-puts.o)
                0x00015020                _puts_r
                0x000150b0                puts
 .text          0x000150c4       0x20 c:/altera/11.1sp1/nios2eds/bin/gnu/h-i686-mingw32/bin/../lib/gcc/nios2-elf/4.1.2/../../../../nios2-elf/lib/mno-hw-mul\libsmallc.a(lib_a-strlen.o)
                0x000150c4                strlen
 .text          0x000150e4      0x6a4 c:/altera/11.1sp1/nios2eds/bin/gnu/h-i686-mingw32/bin/../lib/gcc/nios2-elf/4.1.2/../../../../nios2-elf/lib/mno-hw-mul\libsmallc.a(lib_a-vfprintf.o)
                0x00015164                ___vfprintf_internal_r
                0x00015764                __vfprintf_internal
 .text          0x00015788       0xbc c:/altera/11.1sp1/nios2eds/bin/gnu/h-i686-mingw32/bin/../lib/gcc/nios2-elf/4.1.2/../../../../nios2-elf/lib/mno-hw-mul\libsmallc.a(lib_a-fvwrite_small_dev.o)
                0x00015788                __sfvwrite_small_dev
 .text          0x00015844       0x78 c:/altera/11.1sp1/nios2eds/bin/gnu/h-i686-mingw32/bin/../lib/gcc/nios2-elf/4.1.2/../../../../nios2-elf/lib/mno-hw-mul\libsmallc.a(lib_a-writer.o)
                0x00015844                _write_r
 .text          0x000158bc        0x0 c:/altera/11.1sp1/nios2eds/bin/gnu/h-i686-mingw32/bin/../lib/gcc/nios2-elf/4.1.2/../../../../nios2-elf/lib/mno-hw-mul\libsmallc.a(lib_a-int_errno.o)
 .text          0x000158bc      0x14c c:/altera/11.1sp1/nios2eds/bin/gnu/h-i686-mingw32/bin/../lib/gcc/nios2-elf/4.1.2/mno-hw-mul\libgcc.a(lib2-divmod.o)
                0x00015938                __divsi3
                0x00015998                __modsi3
                0x000159f8                __udivsi3
                0x00015a00                __umodsi3
 .text          0x00015a08      0x160 ../BeInMotion_bsp/\libhal_bsp.a(alt_close.o)
                0x00015a08                close
 .text          0x00015b68       0x2c ../BeInMotion_bsp/\libhal_bsp.a(alt_dev.o)
 .text          0x00015b94        0x0 ../BeInMotion_bsp/\libhal_bsp.a(alt_errno.o)
 .text          0x00015b94       0x6c ../BeInMotion_bsp/\libhal_bsp.a(alt_main.o)
                0x00015b94                alt_main
 .text          0x00015c00      0x2e4 ../BeInMotion_bsp/\libhal_bsp.a(alt_open.o)
                0x00015cf8                open
 .text          0x00015ee4      0x184 ../BeInMotion_bsp/\libhal_bsp.a(alt_read.o)
                0x00015ee4                read
 .text          0x00016068       0x78 ../BeInMotion_bsp/\libhal_bsp.a(alt_release_fd.o)
                0x00016068                alt_release_fd
 .text          0x000160e0       0x30 ../BeInMotion_bsp/\libhal_bsp.a(alt_usleep.o)
                0x000160e0                usleep
 .text          0x00016110      0x184 ../BeInMotion_bsp/\libhal_bsp.a(alt_write.o)
                0x00016110                write
 .text          0x00016294       0xc0 ../BeInMotion_bsp/\libhal_bsp.a(alt_sys_init.o)
                0x00016294                alt_irq_init
                0x000162c8                alt_sys_init
 .text          0x00016354       0xb0 ../BeInMotion_bsp/\libhal_bsp.a(altera_avalon_jtag_uart_fd.o)
                0x00016354                altera_avalon_jtag_uart_read_fd
                0x000163ac                altera_avalon_jtag_uart_write_fd
 .text          0x00016404      0x104 ../BeInMotion_bsp/\libhal_bsp.a(altera_avalon_jtag_uart_read.o)
                0x00016404                altera_avalon_jtag_uart_read
 .text          0x00016508       0xa4 ../BeInMotion_bsp/\libhal_bsp.a(altera_avalon_jtag_uart_write.o)
                0x00016508                altera_avalon_jtag_uart_write
 .text          0x000165ac      0x100 ../BeInMotion_bsp/\libhal_bsp.a(altera_avalon_timer_sc.o)
                0x0001661c                alt_avalon_timer_sc_init
 .text          0x000166ac       0xb0 ../BeInMotion_bsp/\libhal_bsp.a(altera_avalon_uart_fd.o)
                0x000166ac                altera_avalon_uart_read_fd
                0x00016704                altera_avalon_uart_write_fd
 .text          0x0001675c      0x130 ../BeInMotion_bsp/\libhal_bsp.a(altera_avalon_uart_read.o)
                0x0001675c                altera_avalon_uart_read
 .text          0x0001688c      0x150 ../BeInMotion_bsp/\libhal_bsp.a(altera_avalon_uart_write.o)
                0x0001688c                altera_avalon_uart_write
 .text          0x000169dc      0x15c ../BeInMotion_bsp/\libhal_bsp.a(alt_busy_sleep.o)
                0x000169dc                alt_busy_sleep
 .text          0x00016b38      0x114 ../BeInMotion_bsp/\libhal_bsp.a(alt_dev_llist_insert.o)
                0x00016b38                alt_dev_llist_insert
 .text          0x00016c4c       0x64 ../BeInMotion_bsp/\libhal_bsp.a(alt_do_ctors.o)
                0x00016c4c                _do_ctors
 .text          0x00016cb0       0x64 ../BeInMotion_bsp/\libhal_bsp.a(alt_do_dtors.o)
                0x00016cb0                _do_dtors
 .text          0x00016d14       0x94 ../BeInMotion_bsp/\libhal_bsp.a(alt_find_dev.o)
                0x00016d14                alt_find_dev
 .text          0x00016da8      0x120 ../BeInMotion_bsp/\libhal_bsp.a(alt_find_file.o)
                0x00016da8                alt_find_file
 .text          0x00016ec8       0xd0 ../BeInMotion_bsp/\libhal_bsp.a(alt_get_fd.o)
                0x00016ec8                alt_get_fd
 .text          0x00016f98      0x1d4 ../BeInMotion_bsp/\libhal_bsp.a(alt_iic.o)
                0x00016f98                alt_ic_isr_register
                0x00016fe8                alt_ic_irq_enable
                0x00017084                alt_ic_irq_disable
                0x00017124                alt_ic_irq_enabled
 .text          0x0001716c       0xf8 ../BeInMotion_bsp/\libhal_bsp.a(alt_iic_isr_register.o)
                0x0001716c                alt_iic_isr_register
 .text          0x00017264      0x150 ../BeInMotion_bsp/\libhal_bsp.a(alt_io_redirect.o)
                0x0001733c                alt_io_redirect
 .text          0x000173b4        0x0 ../BeInMotion_bsp/\libhal_bsp.a(alt_irq_entry.o)
 .text          0x000173b4        0x0 ../BeInMotion_bsp/\libhal_bsp.a(alt_irq_handler.o)
 .text          0x000173b4        0x0 ../BeInMotion_bsp/\libhal_bsp.a(alt_irq_vars.o)
 .text          0x000173b4      0x1a4 ../BeInMotion_bsp/\libhal_bsp.a(alt_tick.o)
                0x000173b4                alt_alarm_stop
                0x0001744c                alt_tick
 .text          0x00017558       0x20 ../BeInMotion_bsp/\libhal_bsp.a(altera_nios2_qsys_irq.o)
                0x00017558                altera_nios2_qsys_irq_init
 .text          0x00017578        0x0 ../BeInMotion_bsp/\libhal_bsp.a(alt_exception_entry.o)
 .text          0x00017578       0x14 c:/altera/11.1sp1/nios2eds/bin/gnu/h-i686-mingw32/bin/../lib/gcc/nios2-elf/4.1.2/../../../../nios2-elf/lib/mno-hw-mul\libsmallc.a(lib_a-atexit.o)
                0x00017578                atexit
 .text          0x0001758c       0x20 c:/altera/11.1sp1/nios2eds/bin/gnu/h-i686-mingw32/bin/../lib/gcc/nios2-elf/4.1.2/../../../../nios2-elf/lib/mno-hw-mul\libsmallc.a(lib_a-exit.o)
                0x0001758c                exit
 .text          0x000175ac       0x3c c:/altera/11.1sp1/nios2eds/bin/gnu/h-i686-mingw32/bin/../lib/gcc/nios2-elf/4.1.2/../../../../nios2-elf/lib/mno-hw-mul\libsmallc.a(lib_a-memcmp.o)
                0x000175ac                memcmp
 .text          0x000175e8      0x16c c:/altera/11.1sp1/nios2eds/bin/gnu/h-i686-mingw32/bin/../lib/gcc/nios2-elf/4.1.2/../../../../nios2-elf/lib/mno-hw-mul\libsmallc.a(lib_a-__atexit.o)
                0x000175e8                __register_exitproc
 .text          0x00017754      0x1c0 c:/altera/11.1sp1/nios2eds/bin/gnu/h-i686-mingw32/bin/../lib/gcc/nios2-elf/4.1.2/../../../../nios2-elf/lib/mno-hw-mul\libsmallc.a(lib_a-__call_atexit.o)
                0x00017758                __call_exitprocs
 .text          0x00017914       0x60 ../BeInMotion_bsp/\libhal_bsp.a(alt_exit.o)
                0x00017954                _exit
 *(.gnu.warning.*)
 *(.fini)
                0x00017974                PROVIDE (__etext, ABSOLUTE (.))
                0x00017974                PROVIDE (_etext, ABSOLUTE (.))
                0x00017974                PROVIDE (etext, ABSOLUTE (.))
 *(.eh_frame_hdr)
                0x00017974                . = ALIGN (0x4)
                0x00017974                PROVIDE (__preinit_array_start, ABSOLUTE (.))
 *(.preinit_array)
                0x00017974                PROVIDE (__preinit_array_end, ABSOLUTE (.))
                0x00017974                PROVIDE (__init_array_start, ABSOLUTE (.))
 *(.init_array)
                0x00017974                PROVIDE (__init_array_end, ABSOLUTE (.))
                0x00017974                PROVIDE (__fini_array_start, ABSOLUTE (.))
 *(.fini_array)
                0x00017974                PROVIDE (__fini_array_end, ABSOLUTE (.))
 *(.eh_frame)
 *(.gcc_except_table)
 *(.dynamic)
                0x00017974                PROVIDE (__CTOR_LIST__, ABSOLUTE (.))
 *(.ctors)
 *(SORT(.ctors.*))
 .ctors.65535   0x00017974        0x4 c:/altera/11.1sp1/nios2eds/bin/gnu/h-i686-mingw32/bin/../lib/gcc/nios2-elf/4.1.2/../../../../nios2-elf/lib/mno-hw-mul\libsmallc.a(lib_a-__call_atexit.o)
                0x00017978                PROVIDE (__CTOR_END__, ABSOLUTE (.))
                0x00017978                PROVIDE (__DTOR_LIST__, ABSOLUTE (.))
 *(.dtors)
 *(SORT(.dtors.*))
                0x00017978                PROVIDE (__DTOR_END__, ABSOLUTE (.))
 *(.jcr)
                0x00017978                . = ALIGN (0x4)

.rodata         0x00017978      0x448
                0x00017978                PROVIDE (__ram_rodata_start, ABSOLUTE (.))
                0x00017978                . = ALIGN (0x4)
 *(.rodata .rodata.* .gnu.linkonce.r.*)
 .rodata        0x00017978       0x64 obj/default/dc_motor_sync.o
 .rodata        0x000179dc       0x10 c:/altera/11.1sp1/nios2eds/bin/gnu/h-i686-mingw32/bin/../lib/gcc/nios2-elf/4.1.2/mno-hw-mul\libgcc.a(_thenan_sf.o)
                0x000179dc                __thenan_sf
 .rodata        0x000179ec       0x14 c:/altera/11.1sp1/nios2eds/bin/gnu/h-i686-mingw32/bin/../lib/gcc/nios2-elf/4.1.2/mno-hw-mul\libgcc.a(_thenan_df.o)
                0x000179ec                __thenan_df
 .rodata        0x00017a00      0x100 c:/altera/11.1sp1/nios2eds/bin/gnu/h-i686-mingw32/bin/../lib/gcc/nios2-elf/4.1.2/mno-hw-mul\libgcc.a(_clz.o)
                0x00017a00                __clz_tab
 .rodata        0x00017b00      0x281 c:/altera/11.1sp1/nios2eds/bin/gnu/h-i686-mingw32/bin/../lib/gcc/nios2-elf/4.1.2/../../../../nios2-elf/lib/mno-hw-mul\libsmallc.a(lib_a-ctype_.o)
                0x00017b00                _ctype_
 *fill*         0x00017d81        0x3 00
 .rodata.str1.4
                0x00017d84        0x4 c:/altera/11.1sp1/nios2eds/bin/gnu/h-i686-mingw32/bin/../lib/gcc/nios2-elf/4.1.2/../../../../nios2-elf/lib/mno-hw-mul\libsmallc.a(lib_a-puts.o)
 .rodata        0x00017d88        0xc ../BeInMotion_bsp/\libhal_bsp.a(alt_dev.o)
 .rodata        0x00017d94       0x10 ../BeInMotion_bsp/\libhal_bsp.a(alt_main.o)
 .rodata        0x00017da4       0x1c ../BeInMotion_bsp/\libhal_bsp.a(alt_sys_init.o)
 *(.rodata1)
                0x00017dc0                . = ALIGN (0x4)
                0x00017dc0                PROVIDE (__ram_rodata_end, ABSOLUTE (.))
                0x00017978                PROVIDE (__flash_rodata_start, LOADADDR (.rodata))

.rwdata         0x00017dc0      0x730
                0x00017dc0                PROVIDE (__ram_rwdata_start, ABSOLUTE (.))
                0x00017dc0                . = ALIGN (0x4)
 *(.got.plt)
 *(.got)
 *(.data1)
 *(.data .data.* .gnu.linkonce.d.*)
 .data          0x00017dc0        0x0 ../BeInMotion_bsp//obj/HAL/src/crt0.o
 .data          0x00017dc0        0x0 obj/default/dc_motor_sync.o
 .data          0x00017dc0      0x415 obj/default/sls_fonts.o
                0x00017dc0                cour10_font_array
 .data          0x000181d5        0x0 ./\libslsgui.a(simple_graphics.o)
 .data          0x000181d5        0x0 c:/altera/11.1sp1/nios2eds/bin/gnu/h-i686-mingw32/bin/../lib/gcc/nios2-elf/4.1.2/mno-hw-mul\libgcc.a(_fixunssfsi.o)
 .data          0x000181d5        0x0 c:/altera/11.1sp1/nios2eds/bin/gnu/h-i686-mingw32/bin/../lib/gcc/nios2-elf/4.1.2/mno-hw-mul\libgcc.a(_addsub_sf.o)
 .data          0x000181d5        0x0 c:/altera/11.1sp1/nios2eds/bin/gnu/h-i686-mingw32/bin/../lib/gcc/nios2-elf/4.1.2/mno-hw-mul\libgcc.a(_mul_sf.o)
 .data          0x000181d5        0x0 c:/altera/11.1sp1/nios2eds/bin/gnu/h-i686-mingw32/bin/../lib/gcc/nios2-elf/4.1.2/mno-hw-mul\libgcc.a(_div_sf.o)
 .data          0x000181d5        0x0 c:/altera/11.1sp1/nios2eds/bin/gnu/h-i686-mingw32/bin/../lib/gcc/nios2-elf/4.1.2/mno-hw-mul\libgcc.a(_ge_sf.o)
 .data          0x000181d5        0x0 c:/altera/11.1sp1/nios2eds/bin/gnu/h-i686-mingw32/bin/../lib/gcc/nios2-elf/4.1.2/mno-hw-mul\libgcc.a(_sf_to_si.o)
 .data          0x000181d5        0x0 c:/altera/11.1sp1/nios2eds/bin/gnu/h-i686-mingw32/bin/../lib/gcc/nios2-elf/4.1.2/mno-hw-mul\libgcc.a(_thenan_sf.o)
 .data          0x000181d5        0x0 c:/altera/11.1sp1/nios2eds/bin/gnu/h-i686-mingw32/bin/../lib/gcc/nios2-elf/4.1.2/mno-hw-mul\libgcc.a(_usi_to_sf.o)
 .data          0x000181d5        0x0 c:/altera/11.1sp1/nios2eds/bin/gnu/h-i686-mingw32/bin/../lib/gcc/nios2-elf/4.1.2/mno-hw-mul\libgcc.a(_addsub_df.o)
 .data          0x000181d5        0x0 c:/altera/11.1sp1/nios2eds/bin/gnu/h-i686-mingw32/bin/../lib/gcc/nios2-elf/4.1.2/mno-hw-mul\libgcc.a(_mul_df.o)
 .data          0x000181d5        0x0 c:/altera/11.1sp1/nios2eds/bin/gnu/h-i686-mingw32/bin/../lib/gcc/nios2-elf/4.1.2/mno-hw-mul\libgcc.a(_si_to_df.o)
 .data          0x000181d5        0x0 c:/altera/11.1sp1/nios2eds/bin/gnu/h-i686-mingw32/bin/../lib/gcc/nios2-elf/4.1.2/mno-hw-mul\libgcc.a(_df_to_si.o)
 .data          0x000181d5        0x0 c:/altera/11.1sp1/nios2eds/bin/gnu/h-i686-mingw32/bin/../lib/gcc/nios2-elf/4.1.2/mno-hw-mul\libgcc.a(_thenan_df.o)
 .data          0x000181d5        0x0 c:/altera/11.1sp1/nios2eds/bin/gnu/h-i686-mingw32/bin/../lib/gcc/nios2-elf/4.1.2/mno-hw-mul\libgcc.a(lib2-mul.o)
 .data          0x000181d5        0x0 c:/altera/11.1sp1/nios2eds/bin/gnu/h-i686-mingw32/bin/../lib/gcc/nios2-elf/4.1.2/mno-hw-mul\libgcc.a(_muldi3.o)
 .data          0x000181d5        0x0 c:/altera/11.1sp1/nios2eds/bin/gnu/h-i686-mingw32/bin/../lib/gcc/nios2-elf/4.1.2/mno-hw-mul\libgcc.a(_clzsi2.o)
 .data          0x000181d5        0x0 c:/altera/11.1sp1/nios2eds/bin/gnu/h-i686-mingw32/bin/../lib/gcc/nios2-elf/4.1.2/mno-hw-mul\libgcc.a(_pack_sf.o)
 .data          0x000181d5        0x0 c:/altera/11.1sp1/nios2eds/bin/gnu/h-i686-mingw32/bin/../lib/gcc/nios2-elf/4.1.2/mno-hw-mul\libgcc.a(_unpack_sf.o)
 .data          0x000181d5        0x0 c:/altera/11.1sp1/nios2eds/bin/gnu/h-i686-mingw32/bin/../lib/gcc/nios2-elf/4.1.2/mno-hw-mul\libgcc.a(_fpcmp_parts_sf.o)
 .data          0x000181d5        0x0 c:/altera/11.1sp1/nios2eds/bin/gnu/h-i686-mingw32/bin/../lib/gcc/nios2-elf/4.1.2/mno-hw-mul\libgcc.a(_pack_df.o)
 .data          0x000181d5        0x0 c:/altera/11.1sp1/nios2eds/bin/gnu/h-i686-mingw32/bin/../lib/gcc/nios2-elf/4.1.2/mno-hw-mul\libgcc.a(_unpack_df.o)
 .data          0x000181d5        0x0 c:/altera/11.1sp1/nios2eds/bin/gnu/h-i686-mingw32/bin/../lib/gcc/nios2-elf/4.1.2/mno-hw-mul\libgcc.a(_clz.o)
 .data          0x000181d5        0x0 c:/altera/11.1sp1/nios2eds/bin/gnu/h-i686-mingw32/bin/../lib/gcc/nios2-elf/4.1.2/../../../../nios2-elf/lib/mno-hw-mul\libsmallc.a(lib_a-ctype_.o)
 *fill*         0x000181d5        0x3 00
 .data          0x000181d8       0xe0 c:/altera/11.1sp1/nios2eds/bin/gnu/h-i686-mingw32/bin/../lib/gcc/nios2-elf/4.1.2/../../../../nios2-elf/lib/mno-hw-mul\libsmallc.a(lib_a-impure.o)
 .data          0x000182b8        0x0 c:/altera/11.1sp1/nios2eds/bin/gnu/h-i686-mingw32/bin/../lib/gcc/nios2-elf/4.1.2/../../../../nios2-elf/lib/mno-hw-mul\libsmallc.a(lib_a-printf.o)
 .data          0x000182b8        0x0 c:/altera/11.1sp1/nios2eds/bin/gnu/h-i686-mingw32/bin/../lib/gcc/nios2-elf/4.1.2/../../../../nios2-elf/lib/mno-hw-mul\libsmallc.a(lib_a-putc.o)
 .data          0x000182b8        0x0 c:/altera/11.1sp1/nios2eds/bin/gnu/h-i686-mingw32/bin/../lib/gcc/nios2-elf/4.1.2/../../../../nios2-elf/lib/mno-hw-mul\libsmallc.a(lib_a-puts.o)
 .data          0x000182b8        0x0 c:/altera/11.1sp1/nios2eds/bin/gnu/h-i686-mingw32/bin/../lib/gcc/nios2-elf/4.1.2/../../../../nios2-elf/lib/mno-hw-mul\libsmallc.a(lib_a-strlen.o)
 .data          0x000182b8        0x0 c:/altera/11.1sp1/nios2eds/bin/gnu/h-i686-mingw32/bin/../lib/gcc/nios2-elf/4.1.2/../../../../nios2-elf/lib/mno-hw-mul\libsmallc.a(lib_a-vfprintf.o)
 .data          0x000182b8        0x0 c:/altera/11.1sp1/nios2eds/bin/gnu/h-i686-mingw32/bin/../lib/gcc/nios2-elf/4.1.2/../../../../nios2-elf/lib/mno-hw-mul\libsmallc.a(lib_a-fvwrite_small_dev.o)
 .data          0x000182b8        0x0 c:/altera/11.1sp1/nios2eds/bin/gnu/h-i686-mingw32/bin/../lib/gcc/nios2-elf/4.1.2/../../../../nios2-elf/lib/mno-hw-mul\libsmallc.a(lib_a-writer.o)
 .data          0x000182b8        0x0 c:/altera/11.1sp1/nios2eds/bin/gnu/h-i686-mingw32/bin/../lib/gcc/nios2-elf/4.1.2/../../../../nios2-elf/lib/mno-hw-mul\libsmallc.a(lib_a-int_errno.o)
 .data          0x000182b8        0x0 c:/altera/11.1sp1/nios2eds/bin/gnu/h-i686-mingw32/bin/../lib/gcc/nios2-elf/4.1.2/mno-hw-mul\libgcc.a(lib2-divmod.o)
 .data          0x000182b8        0x0 ../BeInMotion_bsp/\libhal_bsp.a(alt_close.o)
 .data          0x000182b8      0x1a8 ../BeInMotion_bsp/\libhal_bsp.a(alt_dev.o)
                0x000182b8                alt_dev_null
                0x000182e0                alt_fd_list
 .data          0x00018460        0x0 ../BeInMotion_bsp/\libhal_bsp.a(alt_errno.o)
 .data          0x00018460        0x0 ../BeInMotion_bsp/\libhal_bsp.a(alt_main.o)
 .data          0x00018460        0x0 ../BeInMotion_bsp/\libhal_bsp.a(alt_open.o)
 .data          0x00018460        0x0 ../BeInMotion_bsp/\libhal_bsp.a(alt_read.o)
 .data          0x00018460        0x0 ../BeInMotion_bsp/\libhal_bsp.a(alt_release_fd.o)
 .data          0x00018460        0x0 ../BeInMotion_bsp/\libhal_bsp.a(alt_usleep.o)
 .data          0x00018460        0x0 ../BeInMotion_bsp/\libhal_bsp.a(alt_write.o)
 .data          0x00018460       0x58 ../BeInMotion_bsp/\libhal_bsp.a(alt_sys_init.o)
 .data          0x000184b8        0x0 ../BeInMotion_bsp/\libhal_bsp.a(altera_avalon_jtag_uart_fd.o)
 .data          0x000184b8        0x0 ../BeInMotion_bsp/\libhal_bsp.a(altera_avalon_jtag_uart_read.o)
 .data          0x000184b8        0x0 ../BeInMotion_bsp/\libhal_bsp.a(altera_avalon_jtag_uart_write.o)
 .data          0x000184b8        0x0 ../BeInMotion_bsp/\libhal_bsp.a(altera_avalon_timer_sc.o)
 .data          0x000184b8        0x0 ../BeInMotion_bsp/\libhal_bsp.a(altera_avalon_uart_fd.o)
 .data          0x000184b8        0x0 ../BeInMotion_bsp/\libhal_bsp.a(altera_avalon_uart_read.o)
 .data          0x000184b8        0x0 ../BeInMotion_bsp/\libhal_bsp.a(altera_avalon_uart_write.o)
 .data          0x000184b8        0x0 ../BeInMotion_bsp/\libhal_bsp.a(alt_busy_sleep.o)
 .data          0x000184b8        0x0 ../BeInMotion_bsp/\libhal_bsp.a(alt_dev_llist_insert.o)
 .data          0x000184b8        0x0 ../BeInMotion_bsp/\libhal_bsp.a(alt_do_ctors.o)
 .data          0x000184b8        0x0 ../BeInMotion_bsp/\libhal_bsp.a(alt_do_dtors.o)
 .data          0x000184b8        0x0 ../BeInMotion_bsp/\libhal_bsp.a(alt_find_dev.o)
 .data          0x000184b8        0x0 ../BeInMotion_bsp/\libhal_bsp.a(alt_find_file.o)
 .data          0x000184b8        0x0 ../BeInMotion_bsp/\libhal_bsp.a(alt_get_fd.o)
 .data          0x000184b8        0x0 ../BeInMotion_bsp/\libhal_bsp.a(alt_iic.o)
 .data          0x000184b8        0x0 ../BeInMotion_bsp/\libhal_bsp.a(alt_iic_isr_register.o)
 .data          0x000184b8        0x0 ../BeInMotion_bsp/\libhal_bsp.a(alt_io_redirect.o)
 .data          0x000184b8        0x0 ../BeInMotion_bsp/\libhal_bsp.a(alt_irq_entry.o)
 .data          0x000184b8        0x0 ../BeInMotion_bsp/\libhal_bsp.a(alt_irq_handler.o)
 .data          0x000184b8        0x0 ../BeInMotion_bsp/\libhal_bsp.a(alt_irq_vars.o)
 .data          0x000184b8        0x0 ../BeInMotion_bsp/\libhal_bsp.a(alt_tick.o)
 .data          0x000184b8        0x0 ../BeInMotion_bsp/\libhal_bsp.a(altera_nios2_qsys_irq.o)
 .data          0x000184b8        0x0 ../BeInMotion_bsp/\libhal_bsp.a(alt_exception_entry.o)
 .data          0x000184b8        0x0 c:/altera/11.1sp1/nios2eds/bin/gnu/h-i686-mingw32/bin/../lib/gcc/nios2-elf/4.1.2/../../../../nios2-elf/lib/mno-hw-mul\libsmallc.a(lib_a-atexit.o)
 .data          0x000184b8        0x0 c:/altera/11.1sp1/nios2eds/bin/gnu/h-i686-mingw32/bin/../lib/gcc/nios2-elf/4.1.2/../../../../nios2-elf/lib/mno-hw-mul\libsmallc.a(lib_a-exit.o)
 .data          0x000184b8        0x0 c:/altera/11.1sp1/nios2eds/bin/gnu/h-i686-mingw32/bin/../lib/gcc/nios2-elf/4.1.2/../../../../nios2-elf/lib/mno-hw-mul\libsmallc.a(lib_a-memcmp.o)
 .data          0x000184b8        0x0 c:/altera/11.1sp1/nios2eds/bin/gnu/h-i686-mingw32/bin/../lib/gcc/nios2-elf/4.1.2/../../../../nios2-elf/lib/mno-hw-mul\libsmallc.a(lib_a-__atexit.o)
 .data          0x000184b8        0x0 c:/altera/11.1sp1/nios2eds/bin/gnu/h-i686-mingw32/bin/../lib/gcc/nios2-elf/4.1.2/../../../../nios2-elf/lib/mno-hw-mul\libsmallc.a(lib_a-__call_atexit.o)
 .data          0x000184b8        0x0 ../BeInMotion_bsp/\libhal_bsp.a(alt_exit.o)
                0x000204b8                _gp = ABSOLUTE ((. + 0x8000))
                0x000204b8                PROVIDE (gp, _gp)
 *(.rwdata .rwdata.*)
 *(.sdata .sdata.* .gnu.linkonce.s.*)
 .sdata         0x000184b8        0x8 obj/default/dc_motor_sync.o
                0x000184b8                dc_m1_pwm_freq
                0x000184bc                dc_m2_pwm_freq
 .sdata         0x000184c0        0x4 obj/default/sls_fonts.o
                0x000184c0                cour10_font
 .sdata         0x000184c4        0x4 c:/altera/11.1sp1/nios2eds/bin/gnu/h-i686-mingw32/bin/../lib/gcc/nios2-elf/4.1.2/../../../../nios2-elf/lib/mno-hw-mul\libsmallc.a(lib_a-ctype_.o)
                0x000184c4                __ctype_ptr
 .sdata         0x000184c8        0x8 c:/altera/11.1sp1/nios2eds/bin/gnu/h-i686-mingw32/bin/../lib/gcc/nios2-elf/4.1.2/../../../../nios2-elf/lib/mno-hw-mul\libsmallc.a(lib_a-impure.o)
                0x000184c8                _impure_ptr
                0x000184cc                _global_impure_ptr
 .sdata         0x000184d0       0x14 ../BeInMotion_bsp/\libhal_bsp.a(alt_dev.o)
                0x000184d0                alt_fs_list
                0x000184d8                alt_dev_list
                0x000184e0                alt_max_fd
 .sdata         0x000184e4        0x4 ../BeInMotion_bsp/\libhal_bsp.a(alt_errno.o)
                0x000184e4                alt_errno
 .sdata         0x000184e8        0x8 ../BeInMotion_bsp/\libhal_bsp.a(alt_tick.o)
                0x000184e8                alt_alarm_list
 *(.sdata2 .sdata2.* .gnu.linkonce.s2.*)
                0x000184f0                . = ALIGN (0x4)
                0x000184f0                _edata = ABSOLUTE (.)
                0x000184f0                PROVIDE (edata, ABSOLUTE (.))
                0x000184f0                PROVIDE (__ram_rwdata_end, ABSOLUTE (.))
                0x00017dc0                PROVIDE (__flash_rwdata_start, LOADADDR (.rwdata))

.bss            0x000184f0      0x218
                0x000184f0                __bss_start = ABSOLUTE (.)
                0x000184f0                PROVIDE (__sbss_start, ABSOLUTE (.))
                0x000184f0                PROVIDE (___sbss_start, ABSOLUTE (.))
 *(.dynsbss)
 *(.sbss .sbss.* .gnu.linkonce.sb.*)
 .sbss          0x000184f0       0x18 obj/default/dc_motor_sync.o
                0x000184f0                OutPreSat_m1
                0x000184f8                OutPreSat_m2
                0x00018500                Ui_m1
                0x00018504                Ui_m2
 .sbss          0x00018508       0x51 obj/default/dc_motor_sync.o
                0x00018508                j
                0x0001850c                Err_m1
                0x00018510                Up1_m2
                0x00018514                dc_m1_pwm_duty
                0x00018518                Ud_m2
                0x0001851c                i
                0x00018520                Up_m2
                0x00018524                wall_detect
                0x00018528                dc2_cmp
                0x0001852c                Err_m2
                0x00018530                dc_m1
                0x00018534                Up_m1
                0x00018538                dc_m2_pwm_duty
                0x0001853c                edge
                0x00018540                Ud_m1
                0x00018544                Out_pwm2
                0x00018548                dc1_cmp
                0x0001854c                Up1_m1
                0x00018550                Out_pwm1
                0x00018554                dc_m2
                0x00018558                table_edge
 *fill*         0x00018559        0x3 00
 .sbss          0x0001855c        0x4 ./\libslsgui.a(simple_graphics.o)
 .sbss          0x00018560        0x4 c:/altera/11.1sp1/nios2eds/bin/gnu/h-i686-mingw32/bin/../lib/gcc/nios2-elf/4.1.2/../../../../nios2-elf/lib/mno-hw-mul\libsmallc.a(lib_a-int_errno.o)
                0x00018560                errno
 .sbss          0x00018564        0xc ../BeInMotion_bsp/\libhal_bsp.a(alt_main.o)
                0x00018564                alt_argc
                0x00018568                alt_argv
                0x0001856c                alt_envp
 .sbss          0x00018570        0x4 ../BeInMotion_bsp/\libhal_bsp.a(alt_irq_vars.o)
                0x00018570                alt_irq_active
 .sbss          0x00018574        0x8 ../BeInMotion_bsp/\libhal_bsp.a(alt_tick.o)
                0x00018574                _alt_tick_rate
                0x00018578                _alt_nticks
 *(.sbss2 .sbss2.* .gnu.linkonce.sb2.*)
 *(.scommon)
                0x0001857c                PROVIDE (__sbss_end, ABSOLUTE (.))
                0x0001857c                PROVIDE (___sbss_end, ABSOLUTE (.))
 *(.dynbss)
 *(.bss .bss.* .gnu.linkonce.b.*)
 .bss           0x0001857c        0x0 ../BeInMotion_bsp//obj/HAL/src/crt0.o
 .bss           0x0001857c        0x0 obj/default/dc_motor_sync.o
 .bss           0x0001857c        0x0 obj/default/sls_fonts.o
 .bss           0x0001857c        0x0 ./\libslsgui.a(simple_graphics.o)
 .bss           0x0001857c        0x0 c:/altera/11.1sp1/nios2eds/bin/gnu/h-i686-mingw32/bin/../lib/gcc/nios2-elf/4.1.2/mno-hw-mul\libgcc.a(_fixunssfsi.o)
 .bss           0x0001857c        0x0 c:/altera/11.1sp1/nios2eds/bin/gnu/h-i686-mingw32/bin/../lib/gcc/nios2-elf/4.1.2/mno-hw-mul\libgcc.a(_addsub_sf.o)
 .bss           0x0001857c        0x0 c:/altera/11.1sp1/nios2eds/bin/gnu/h-i686-mingw32/bin/../lib/gcc/nios2-elf/4.1.2/mno-hw-mul\libgcc.a(_mul_sf.o)
 .bss           0x0001857c        0x0 c:/altera/11.1sp1/nios2eds/bin/gnu/h-i686-mingw32/bin/../lib/gcc/nios2-elf/4.1.2/mno-hw-mul\libgcc.a(_div_sf.o)
 .bss           0x0001857c        0x0 c:/altera/11.1sp1/nios2eds/bin/gnu/h-i686-mingw32/bin/../lib/gcc/nios2-elf/4.1.2/mno-hw-mul\libgcc.a(_ge_sf.o)
 .bss           0x0001857c        0x0 c:/altera/11.1sp1/nios2eds/bin/gnu/h-i686-mingw32/bin/../lib/gcc/nios2-elf/4.1.2/mno-hw-mul\libgcc.a(_sf_to_si.o)
 .bss           0x0001857c        0x0 c:/altera/11.1sp1/nios2eds/bin/gnu/h-i686-mingw32/bin/../lib/gcc/nios2-elf/4.1.2/mno-hw-mul\libgcc.a(_thenan_sf.o)
 .bss           0x0001857c        0x0 c:/altera/11.1sp1/nios2eds/bin/gnu/h-i686-mingw32/bin/../lib/gcc/nios2-elf/4.1.2/mno-hw-mul\libgcc.a(_usi_to_sf.o)
 .bss           0x0001857c        0x0 c:/altera/11.1sp1/nios2eds/bin/gnu/h-i686-mingw32/bin/../lib/gcc/nios2-elf/4.1.2/mno-hw-mul\libgcc.a(_addsub_df.o)
 .bss           0x0001857c        0x0 c:/altera/11.1sp1/nios2eds/bin/gnu/h-i686-mingw32/bin/../lib/gcc/nios2-elf/4.1.2/mno-hw-mul\libgcc.a(_mul_df.o)
 .bss           0x0001857c        0x0 c:/altera/11.1sp1/nios2eds/bin/gnu/h-i686-mingw32/bin/../lib/gcc/nios2-elf/4.1.2/mno-hw-mul\libgcc.a(_si_to_df.o)
 .bss           0x0001857c        0x0 c:/altera/11.1sp1/nios2eds/bin/gnu/h-i686-mingw32/bin/../lib/gcc/nios2-elf/4.1.2/mno-hw-mul\libgcc.a(_df_to_si.o)
 .bss           0x0001857c        0x0 c:/altera/11.1sp1/nios2eds/bin/gnu/h-i686-mingw32/bin/../lib/gcc/nios2-elf/4.1.2/mno-hw-mul\libgcc.a(_thenan_df.o)
 .bss           0x0001857c        0x0 c:/altera/11.1sp1/nios2eds/bin/gnu/h-i686-mingw32/bin/../lib/gcc/nios2-elf/4.1.2/mno-hw-mul\libgcc.a(lib2-mul.o)
 .bss           0x0001857c        0x0 c:/altera/11.1sp1/nios2eds/bin/gnu/h-i686-mingw32/bin/../lib/gcc/nios2-elf/4.1.2/mno-hw-mul\libgcc.a(_muldi3.o)
 .bss           0x0001857c        0x0 c:/altera/11.1sp1/nios2eds/bin/gnu/h-i686-mingw32/bin/../lib/gcc/nios2-elf/4.1.2/mno-hw-mul\libgcc.a(_clzsi2.o)
 .bss           0x0001857c        0x0 c:/altera/11.1sp1/nios2eds/bin/gnu/h-i686-mingw32/bin/../lib/gcc/nios2-elf/4.1.2/mno-hw-mul\libgcc.a(_pack_sf.o)
 .bss           0x0001857c        0x0 c:/altera/11.1sp1/nios2eds/bin/gnu/h-i686-mingw32/bin/../lib/gcc/nios2-elf/4.1.2/mno-hw-mul\libgcc.a(_unpack_sf.o)
 .bss           0x0001857c        0x0 c:/altera/11.1sp1/nios2eds/bin/gnu/h-i686-mingw32/bin/../lib/gcc/nios2-elf/4.1.2/mno-hw-mul\libgcc.a(_fpcmp_parts_sf.o)
 .bss           0x0001857c        0x0 c:/altera/11.1sp1/nios2eds/bin/gnu/h-i686-mingw32/bin/../lib/gcc/nios2-elf/4.1.2/mno-hw-mul\libgcc.a(_pack_df.o)
 .bss           0x0001857c        0x0 c:/altera/11.1sp1/nios2eds/bin/gnu/h-i686-mingw32/bin/../lib/gcc/nios2-elf/4.1.2/mno-hw-mul\libgcc.a(_unpack_df.o)
 .bss           0x0001857c        0x0 c:/altera/11.1sp1/nios2eds/bin/gnu/h-i686-mingw32/bin/../lib/gcc/nios2-elf/4.1.2/mno-hw-mul\libgcc.a(_clz.o)
 .bss           0x0001857c        0x0 c:/altera/11.1sp1/nios2eds/bin/gnu/h-i686-mingw32/bin/../lib/gcc/nios2-elf/4.1.2/../../../../nios2-elf/lib/mno-hw-mul\libsmallc.a(lib_a-ctype_.o)
 .bss           0x0001857c        0x0 c:/altera/11.1sp1/nios2eds/bin/gnu/h-i686-mingw32/bin/../lib/gcc/nios2-elf/4.1.2/../../../../nios2-elf/lib/mno-hw-mul\libsmallc.a(lib_a-impure.o)
 .bss           0x0001857c        0x0 c:/altera/11.1sp1/nios2eds/bin/gnu/h-i686-mingw32/bin/../lib/gcc/nios2-elf/4.1.2/../../../../nios2-elf/lib/mno-hw-mul\libsmallc.a(lib_a-printf.o)
 .bss           0x0001857c        0x0 c:/altera/11.1sp1/nios2eds/bin/gnu/h-i686-mingw32/bin/../lib/gcc/nios2-elf/4.1.2/../../../../nios2-elf/lib/mno-hw-mul\libsmallc.a(lib_a-putc.o)
 .bss           0x0001857c        0x0 c:/altera/11.1sp1/nios2eds/bin/gnu/h-i686-mingw32/bin/../lib/gcc/nios2-elf/4.1.2/../../../../nios2-elf/lib/mno-hw-mul\libsmallc.a(lib_a-puts.o)
 .bss           0x0001857c        0x0 c:/altera/11.1sp1/nios2eds/bin/gnu/h-i686-mingw32/bin/../lib/gcc/nios2-elf/4.1.2/../../../../nios2-elf/lib/mno-hw-mul\libsmallc.a(lib_a-strlen.o)
 .bss           0x0001857c        0x0 c:/altera/11.1sp1/nios2eds/bin/gnu/h-i686-mingw32/bin/../lib/gcc/nios2-elf/4.1.2/../../../../nios2-elf/lib/mno-hw-mul\libsmallc.a(lib_a-vfprintf.o)
 .bss           0x0001857c        0x0 c:/altera/11.1sp1/nios2eds/bin/gnu/h-i686-mingw32/bin/../lib/gcc/nios2-elf/4.1.2/../../../../nios2-elf/lib/mno-hw-mul\libsmallc.a(lib_a-fvwrite_small_dev.o)
 .bss           0x0001857c        0x0 c:/altera/11.1sp1/nios2eds/bin/gnu/h-i686-mingw32/bin/../lib/gcc/nios2-elf/4.1.2/../../../../nios2-elf/lib/mno-hw-mul\libsmallc.a(lib_a-writer.o)
 .bss           0x0001857c        0x0 c:/altera/11.1sp1/nios2eds/bin/gnu/h-i686-mingw32/bin/../lib/gcc/nios2-elf/4.1.2/../../../../nios2-elf/lib/mno-hw-mul\libsmallc.a(lib_a-int_errno.o)
 .bss           0x0001857c        0x0 c:/altera/11.1sp1/nios2eds/bin/gnu/h-i686-mingw32/bin/../lib/gcc/nios2-elf/4.1.2/mno-hw-mul\libgcc.a(lib2-divmod.o)
 .bss           0x0001857c        0x0 ../BeInMotion_bsp/\libhal_bsp.a(alt_close.o)
 .bss           0x0001857c        0x0 ../BeInMotion_bsp/\libhal_bsp.a(alt_dev.o)
 .bss           0x0001857c        0x0 ../BeInMotion_bsp/\libhal_bsp.a(alt_errno.o)
 .bss           0x0001857c        0x0 ../BeInMotion_bsp/\libhal_bsp.a(alt_main.o)
 .bss           0x0001857c        0x0 ../BeInMotion_bsp/\libhal_bsp.a(alt_open.o)
 .bss           0x0001857c        0x0 ../BeInMotion_bsp/\libhal_bsp.a(alt_read.o)
 .bss           0x0001857c        0x0 ../BeInMotion_bsp/\libhal_bsp.a(alt_release_fd.o)
 .bss           0x0001857c        0x0 ../BeInMotion_bsp/\libhal_bsp.a(alt_usleep.o)
 .bss           0x0001857c        0x0 ../BeInMotion_bsp/\libhal_bsp.a(alt_write.o)
 .bss           0x0001857c        0x0 ../BeInMotion_bsp/\libhal_bsp.a(alt_sys_init.o)
 .bss           0x0001857c        0x0 ../BeInMotion_bsp/\libhal_bsp.a(altera_avalon_jtag_uart_fd.o)
 .bss           0x0001857c        0x0 ../BeInMotion_bsp/\libhal_bsp.a(altera_avalon_jtag_uart_read.o)
 .bss           0x0001857c        0x0 ../BeInMotion_bsp/\libhal_bsp.a(altera_avalon_jtag_uart_write.o)
 .bss           0x0001857c        0x0 ../BeInMotion_bsp/\libhal_bsp.a(altera_avalon_timer_sc.o)
 .bss           0x0001857c        0x0 ../BeInMotion_bsp/\libhal_bsp.a(altera_avalon_uart_fd.o)
 .bss           0x0001857c        0x0 ../BeInMotion_bsp/\libhal_bsp.a(altera_avalon_uart_read.o)
 .bss           0x0001857c        0x0 ../BeInMotion_bsp/\libhal_bsp.a(altera_avalon_uart_write.o)
 .bss           0x0001857c        0x0 ../BeInMotion_bsp/\libhal_bsp.a(alt_busy_sleep.o)
 .bss           0x0001857c        0x0 ../BeInMotion_bsp/\libhal_bsp.a(alt_dev_llist_insert.o)
 .bss           0x0001857c        0x0 ../BeInMotion_bsp/\libhal_bsp.a(alt_do_ctors.o)
 .bss           0x0001857c        0x0 ../BeInMotion_bsp/\libhal_bsp.a(alt_do_dtors.o)
 .bss           0x0001857c        0x0 ../BeInMotion_bsp/\libhal_bsp.a(alt_find_dev.o)
 .bss           0x0001857c        0x0 ../BeInMotion_bsp/\libhal_bsp.a(alt_find_file.o)
 .bss           0x0001857c        0x0 ../BeInMotion_bsp/\libhal_bsp.a(alt_get_fd.o)
 .bss           0x0001857c        0x0 ../BeInMotion_bsp/\libhal_bsp.a(alt_iic.o)
 .bss           0x0001857c        0x0 ../BeInMotion_bsp/\libhal_bsp.a(alt_iic_isr_register.o)
 .bss           0x0001857c        0x0 ../BeInMotion_bsp/\libhal_bsp.a(alt_io_redirect.o)
 .bss           0x0001857c        0x0 ../BeInMotion_bsp/\libhal_bsp.a(alt_irq_entry.o)
 .bss           0x0001857c        0x0 ../BeInMotion_bsp/\libhal_bsp.a(alt_irq_handler.o)
 .bss           0x0001857c        0x0 ../BeInMotion_bsp/\libhal_bsp.a(alt_irq_vars.o)
 .bss           0x0001857c        0x0 ../BeInMotion_bsp/\libhal_bsp.a(alt_tick.o)
 .bss           0x0001857c        0x0 ../BeInMotion_bsp/\libhal_bsp.a(altera_nios2_qsys_irq.o)
 .bss           0x0001857c        0x0 ../BeInMotion_bsp/\libhal_bsp.a(alt_exception_entry.o)
 .bss           0x0001857c        0x0 c:/altera/11.1sp1/nios2eds/bin/gnu/h-i686-mingw32/bin/../lib/gcc/nios2-elf/4.1.2/../../../../nios2-elf/lib/mno-hw-mul\libsmallc.a(lib_a-atexit.o)
 .bss           0x0001857c        0x0 c:/altera/11.1sp1/nios2eds/bin/gnu/h-i686-mingw32/bin/../lib/gcc/nios2-elf/4.1.2/../../../../nios2-elf/lib/mno-hw-mul\libsmallc.a(lib_a-exit.o)
 .bss           0x0001857c        0x0 c:/altera/11.1sp1/nios2eds/bin/gnu/h-i686-mingw32/bin/../lib/gcc/nios2-elf/4.1.2/../../../../nios2-elf/lib/mno-hw-mul\libsmallc.a(lib_a-memcmp.o)
 .bss           0x0001857c        0x0 c:/altera/11.1sp1/nios2eds/bin/gnu/h-i686-mingw32/bin/../lib/gcc/nios2-elf/4.1.2/../../../../nios2-elf/lib/mno-hw-mul\libsmallc.a(lib_a-__atexit.o)
 .bss           0x0001857c        0x0 c:/altera/11.1sp1/nios2eds/bin/gnu/h-i686-mingw32/bin/../lib/gcc/nios2-elf/4.1.2/../../../../nios2-elf/lib/mno-hw-mul\libsmallc.a(lib_a-__call_atexit.o)
 .bss           0x0001857c        0x0 ../BeInMotion_bsp/\libhal_bsp.a(alt_exit.o)
 *(COMMON)
 COMMON         0x0001857c      0x100 ../BeInMotion_bsp/\libhal_bsp.a(alt_irq_handler.o)
                0x0001857c                alt_irq
 COMMON         0x0001867c       0x8c c:/altera/11.1sp1/nios2eds/bin/gnu/h-i686-mingw32/bin/../lib/gcc/nios2-elf/4.1.2/../../../../nios2-elf/lib/mno-hw-mul\libsmallc.a(lib_a-atexit.o)
                0x0001867c                _atexit0
                0x00018708                . = ALIGN (0x4)
                0x00018708                __bss_end = ABSOLUTE (.)

.onchip_ram     0x00018708        0x0
                0x00018708                PROVIDE (_alt_partition_onchip_ram_start, ABSOLUTE (.))
 *(.onchip_ram. onchip_ram.*)
                0x00018708                . = ALIGN (0x4)
                0x00018708                PROVIDE (_alt_partition_onchip_ram_end, ABSOLUTE (.))
                0x00018708                _end = ABSOLUTE (.)
                0x00018708                end = ABSOLUTE (.)
                0x00018708                __alt_stack_base = ABSOLUTE (.)
                0x00018708                PROVIDE (_alt_partition_onchip_ram_load_addr, LOADADDR (.onchip_ram))

.epcs           0x00021820        0x0
                0x00021820                PROVIDE (_alt_partition_epcs_start, ABSOLUTE (.))
 *(.epcs. epcs.*)
                0x00021820                . = ALIGN (0x4)
                0x00021820                PROVIDE (_alt_partition_epcs_end, ABSOLUTE (.))
                0x00021820                PROVIDE (_alt_partition_epcs_load_addr, LOADADDR (.epcs))

.stab
 *(.stab)

.stabstr
 *(.stabstr)

.stab.excl
 *(.stab.excl)

.stab.exclstr
 *(.stab.exclstr)

.stab.index
 *(.stab.index)

.stab.indexstr
 *(.stab.indexstr)

.comment        0x00000000       0x49
 *(.comment)
 .comment       0x00000000       0x26 obj/default/dc_motor_sync.o
                                 0x27 (size before relaxing)
 .comment       0x00000000       0x27 obj/default/sls_fonts.o
 .comment       0x00000026       0x23 ./\libslsgui.a(simple_graphics.o)
                                 0x24 (size before relaxing)
 .comment       0x00000000       0x27 c:/altera/11.1sp1/nios2eds/bin/gnu/h-i686-mingw32/bin/../lib/gcc/nios2-elf/4.1.2/mno-hw-mul\libgcc.a(_fixunssfsi.o)
 .comment       0x00000000       0x27 c:/altera/11.1sp1/nios2eds/bin/gnu/h-i686-mingw32/bin/../lib/gcc/nios2-elf/4.1.2/mno-hw-mul\libgcc.a(_addsub_sf.o)
 .comment       0x00000000       0x27 c:/altera/11.1sp1/nios2eds/bin/gnu/h-i686-mingw32/bin/../lib/gcc/nios2-elf/4.1.2/mno-hw-mul\libgcc.a(_mul_sf.o)
 .comment       0x00000000       0x27 c:/altera/11.1sp1/nios2eds/bin/gnu/h-i686-mingw32/bin/../lib/gcc/nios2-elf/4.1.2/mno-hw-mul\libgcc.a(_div_sf.o)
 .comment       0x00000000       0x27 c:/altera/11.1sp1/nios2eds/bin/gnu/h-i686-mingw32/bin/../lib/gcc/nios2-elf/4.1.2/mno-hw-mul\libgcc.a(_ge_sf.o)
 .comment       0x00000000       0x27 c:/altera/11.1sp1/nios2eds/bin/gnu/h-i686-mingw32/bin/../lib/gcc/nios2-elf/4.1.2/mno-hw-mul\libgcc.a(_sf_to_si.o)
 .comment       0x00000000       0x27 c:/altera/11.1sp1/nios2eds/bin/gnu/h-i686-mingw32/bin/../lib/gcc/nios2-elf/4.1.2/mno-hw-mul\libgcc.a(_thenan_sf.o)
 .comment       0x00000000       0x27 c:/altera/11.1sp1/nios2eds/bin/gnu/h-i686-mingw32/bin/../lib/gcc/nios2-elf/4.1.2/mno-hw-mul\libgcc.a(_usi_to_sf.o)
 .comment       0x00000000       0x27 c:/altera/11.1sp1/nios2eds/bin/gnu/h-i686-mingw32/bin/../lib/gcc/nios2-elf/4.1.2/mno-hw-mul\libgcc.a(_addsub_df.o)
 .comment       0x00000000       0x27 c:/altera/11.1sp1/nios2eds/bin/gnu/h-i686-mingw32/bin/../lib/gcc/nios2-elf/4.1.2/mno-hw-mul\libgcc.a(_mul_df.o)
 .comment       0x00000000       0x27 c:/altera/11.1sp1/nios2eds/bin/gnu/h-i686-mingw32/bin/../lib/gcc/nios2-elf/4.1.2/mno-hw-mul\libgcc.a(_si_to_df.o)
 .comment       0x00000000       0x27 c:/altera/11.1sp1/nios2eds/bin/gnu/h-i686-mingw32/bin/../lib/gcc/nios2-elf/4.1.2/mno-hw-mul\libgcc.a(_df_to_si.o)
 .comment       0x00000000       0x27 c:/altera/11.1sp1/nios2eds/bin/gnu/h-i686-mingw32/bin/../lib/gcc/nios2-elf/4.1.2/mno-hw-mul\libgcc.a(_thenan_df.o)
 .comment       0x00000000       0x27 c:/altera/11.1sp1/nios2eds/bin/gnu/h-i686-mingw32/bin/../lib/gcc/nios2-elf/4.1.2/mno-hw-mul\libgcc.a(lib2-mul.o)
 .comment       0x00000000       0x27 c:/altera/11.1sp1/nios2eds/bin/gnu/h-i686-mingw32/bin/../lib/gcc/nios2-elf/4.1.2/mno-hw-mul\libgcc.a(_muldi3.o)
 .comment       0x00000000       0x27 c:/altera/11.1sp1/nios2eds/bin/gnu/h-i686-mingw32/bin/../lib/gcc/nios2-elf/4.1.2/mno-hw-mul\libgcc.a(_clzsi2.o)
 .comment       0x00000000       0x27 c:/altera/11.1sp1/nios2eds/bin/gnu/h-i686-mingw32/bin/../lib/gcc/nios2-elf/4.1.2/mno-hw-mul\libgcc.a(_pack_sf.o)
 .comment       0x00000000       0x27 c:/altera/11.1sp1/nios2eds/bin/gnu/h-i686-mingw32/bin/../lib/gcc/nios2-elf/4.1.2/mno-hw-mul\libgcc.a(_unpack_sf.o)
 .comment       0x00000000       0x27 c:/altera/11.1sp1/nios2eds/bin/gnu/h-i686-mingw32/bin/../lib/gcc/nios2-elf/4.1.2/mno-hw-mul\libgcc.a(_fpcmp_parts_sf.o)
 .comment       0x00000000       0x27 c:/altera/11.1sp1/nios2eds/bin/gnu/h-i686-mingw32/bin/../lib/gcc/nios2-elf/4.1.2/mno-hw-mul\libgcc.a(_pack_df.o)
 .comment       0x00000000       0x27 c:/altera/11.1sp1/nios2eds/bin/gnu/h-i686-mingw32/bin/../lib/gcc/nios2-elf/4.1.2/mno-hw-mul\libgcc.a(_unpack_df.o)
 .comment       0x00000000       0x27 c:/altera/11.1sp1/nios2eds/bin/gnu/h-i686-mingw32/bin/../lib/gcc/nios2-elf/4.1.2/mno-hw-mul\libgcc.a(_clz.o)
 .comment       0x00000000       0x27 c:/altera/11.1sp1/nios2eds/bin/gnu/h-i686-mingw32/bin/../lib/gcc/nios2-elf/4.1.2/../../../../nios2-elf/lib/mno-hw-mul\libsmallc.a(lib_a-ctype_.o)
 .comment       0x00000000       0x27 c:/altera/11.1sp1/nios2eds/bin/gnu/h-i686-mingw32/bin/../lib/gcc/nios2-elf/4.1.2/../../../../nios2-elf/lib/mno-hw-mul\libsmallc.a(lib_a-impure.o)
 .comment       0x00000000       0x27 c:/altera/11.1sp1/nios2eds/bin/gnu/h-i686-mingw32/bin/../lib/gcc/nios2-elf/4.1.2/../../../../nios2-elf/lib/mno-hw-mul\libsmallc.a(lib_a-printf.o)
 .comment       0x00000000       0x27 c:/altera/11.1sp1/nios2eds/bin/gnu/h-i686-mingw32/bin/../lib/gcc/nios2-elf/4.1.2/../../../../nios2-elf/lib/mno-hw-mul\libsmallc.a(lib_a-putc.o)
 .comment       0x00000000       0x27 c:/altera/11.1sp1/nios2eds/bin/gnu/h-i686-mingw32/bin/../lib/gcc/nios2-elf/4.1.2/../../../../nios2-elf/lib/mno-hw-mul\libsmallc.a(lib_a-puts.o)
 .comment       0x00000000       0x27 c:/altera/11.1sp1/nios2eds/bin/gnu/h-i686-mingw32/bin/../lib/gcc/nios2-elf/4.1.2/../../../../nios2-elf/lib/mno-hw-mul\libsmallc.a(lib_a-strlen.o)
 .comment       0x00000000       0x27 c:/altera/11.1sp1/nios2eds/bin/gnu/h-i686-mingw32/bin/../lib/gcc/nios2-elf/4.1.2/../../../../nios2-elf/lib/mno-hw-mul\libsmallc.a(lib_a-vfprintf.o)
 .comment       0x00000000       0x27 c:/altera/11.1sp1/nios2eds/bin/gnu/h-i686-mingw32/bin/../lib/gcc/nios2-elf/4.1.2/../../../../nios2-elf/lib/mno-hw-mul\libsmallc.a(lib_a-fvwrite_small_dev.o)
 .comment       0x00000000       0x27 c:/altera/11.1sp1/nios2eds/bin/gnu/h-i686-mingw32/bin/../lib/gcc/nios2-elf/4.1.2/../../../../nios2-elf/lib/mno-hw-mul\libsmallc.a(lib_a-writer.o)
 .comment       0x00000000       0x27 c:/altera/11.1sp1/nios2eds/bin/gnu/h-i686-mingw32/bin/../lib/gcc/nios2-elf/4.1.2/../../../../nios2-elf/lib/mno-hw-mul\libsmallc.a(lib_a-int_errno.o)
 .comment       0x00000000       0x27 c:/altera/11.1sp1/nios2eds/bin/gnu/h-i686-mingw32/bin/../lib/gcc/nios2-elf/4.1.2/mno-hw-mul\libgcc.a(lib2-divmod.o)
 .comment       0x00000000       0x27 ../BeInMotion_bsp/\libhal_bsp.a(alt_close.o)
 .comment       0x00000000       0x27 ../BeInMotion_bsp/\libhal_bsp.a(alt_dev.o)
 .comment       0x00000000       0x27 ../BeInMotion_bsp/\libhal_bsp.a(alt_errno.o)
 .comment       0x00000000       0x27 ../BeInMotion_bsp/\libhal_bsp.a(alt_main.o)
 .comment       0x00000000       0x27 ../BeInMotion_bsp/\libhal_bsp.a(alt_open.o)
 .comment       0x00000000       0x27 ../BeInMotion_bsp/\libhal_bsp.a(alt_read.o)
 .comment       0x00000000       0x27 ../BeInMotion_bsp/\libhal_bsp.a(alt_release_fd.o)
 .comment       0x00000000       0x27 ../BeInMotion_bsp/\libhal_bsp.a(alt_usleep.o)
 .comment       0x00000000       0x27 ../BeInMotion_bsp/\libhal_bsp.a(alt_write.o)
 .comment       0x00000000       0x27 ../BeInMotion_bsp/\libhal_bsp.a(alt_sys_init.o)
 .comment       0x00000000       0x27 ../BeInMotion_bsp/\libhal_bsp.a(altera_avalon_jtag_uart_fd.o)
 .comment       0x00000000       0x27 ../BeInMotion_bsp/\libhal_bsp.a(altera_avalon_jtag_uart_read.o)
 .comment       0x00000000       0x27 ../BeInMotion_bsp/\libhal_bsp.a(altera_avalon_jtag_uart_write.o)
 .comment       0x00000000       0x27 ../BeInMotion_bsp/\libhal_bsp.a(altera_avalon_timer_sc.o)
 .comment       0x00000000       0x27 ../BeInMotion_bsp/\libhal_bsp.a(altera_avalon_uart_fd.o)
 .comment       0x00000000       0x27 ../BeInMotion_bsp/\libhal_bsp.a(altera_avalon_uart_read.o)
 .comment       0x00000000       0x27 ../BeInMotion_bsp/\libhal_bsp.a(altera_avalon_uart_write.o)
 .comment       0x00000000       0x27 ../BeInMotion_bsp/\libhal_bsp.a(alt_busy_sleep.o)
 .comment       0x00000000       0x27 ../BeInMotion_bsp/\libhal_bsp.a(alt_dev_llist_insert.o)
 .comment       0x00000000       0x27 ../BeInMotion_bsp/\libhal_bsp.a(alt_do_ctors.o)
 .comment       0x00000000       0x27 ../BeInMotion_bsp/\libhal_bsp.a(alt_do_dtors.o)
 .comment       0x00000000       0x27 ../BeInMotion_bsp/\libhal_bsp.a(alt_find_dev.o)
 .comment       0x00000000       0x27 ../BeInMotion_bsp/\libhal_bsp.a(alt_find_file.o)
 .comment       0x00000000       0x27 ../BeInMotion_bsp/\libhal_bsp.a(alt_get_fd.o)
 .comment       0x00000000       0x27 ../BeInMotion_bsp/\libhal_bsp.a(alt_iic.o)
 .comment       0x00000000       0x27 ../BeInMotion_bsp/\libhal_bsp.a(alt_iic_isr_register.o)
 .comment       0x00000000       0x27 ../BeInMotion_bsp/\libhal_bsp.a(alt_io_redirect.o)
 .comment       0x00000000       0x27 ../BeInMotion_bsp/\libhal_bsp.a(alt_irq_handler.o)
 .comment       0x00000000       0x27 ../BeInMotion_bsp/\libhal_bsp.a(alt_irq_vars.o)
 .comment       0x00000000       0x27 ../BeInMotion_bsp/\libhal_bsp.a(alt_tick.o)
 .comment       0x00000000       0x27 ../BeInMotion_bsp/\libhal_bsp.a(altera_nios2_qsys_irq.o)
 .comment       0x00000000       0x27 c:/altera/11.1sp1/nios2eds/bin/gnu/h-i686-mingw32/bin/../lib/gcc/nios2-elf/4.1.2/../../../../nios2-elf/lib/mno-hw-mul\libsmallc.a(lib_a-atexit.o)
 .comment       0x00000000       0x27 c:/altera/11.1sp1/nios2eds/bin/gnu/h-i686-mingw32/bin/../lib/gcc/nios2-elf/4.1.2/../../../../nios2-elf/lib/mno-hw-mul\libsmallc.a(lib_a-exit.o)
 .comment       0x00000000       0x27 c:/altera/11.1sp1/nios2eds/bin/gnu/h-i686-mingw32/bin/../lib/gcc/nios2-elf/4.1.2/../../../../nios2-elf/lib/mno-hw-mul\libsmallc.a(lib_a-memcmp.o)
 .comment       0x00000000       0x27 c:/altera/11.1sp1/nios2eds/bin/gnu/h-i686-mingw32/bin/../lib/gcc/nios2-elf/4.1.2/../../../../nios2-elf/lib/mno-hw-mul\libsmallc.a(lib_a-__atexit.o)
 .comment       0x00000000       0x27 c:/altera/11.1sp1/nios2eds/bin/gnu/h-i686-mingw32/bin/../lib/gcc/nios2-elf/4.1.2/../../../../nios2-elf/lib/mno-hw-mul\libsmallc.a(lib_a-__call_atexit.o)
 .comment       0x00000000       0x27 ../BeInMotion_bsp/\libhal_bsp.a(alt_exit.o)

.debug
 *(.debug)

.line
 *(.line)

.debug_srcinfo
 *(.debug_srcinfo)

.debug_sfnames
 *(.debug_sfnames)

.debug_aranges  0x00000000      0x890
 *(.debug_aranges)
 .debug_aranges
                0x00000000       0x20 ../BeInMotion_bsp//obj/HAL/src/crt0.o
 .debug_aranges
                0x00000020       0x20 obj/default/dc_motor_sync.o
 .debug_aranges
                0x00000040       0x20 ./\libslsgui.a(simple_graphics.o)
 .debug_aranges
                0x00000060       0x20 c:/altera/11.1sp1/nios2eds/bin/gnu/h-i686-mingw32/bin/../lib/gcc/nios2-elf/4.1.2/mno-hw-mul\libgcc.a(_fixunssfsi.o)
 .debug_aranges
                0x00000080       0x20 c:/altera/11.1sp1/nios2eds/bin/gnu/h-i686-mingw32/bin/../lib/gcc/nios2-elf/4.1.2/mno-hw-mul\libgcc.a(_addsub_sf.o)
 .debug_aranges
                0x000000a0       0x20 c:/altera/11.1sp1/nios2eds/bin/gnu/h-i686-mingw32/bin/../lib/gcc/nios2-elf/4.1.2/mno-hw-mul\libgcc.a(_mul_sf.o)
 .debug_aranges
                0x000000c0       0x20 c:/altera/11.1sp1/nios2eds/bin/gnu/h-i686-mingw32/bin/../lib/gcc/nios2-elf/4.1.2/mno-hw-mul\libgcc.a(_div_sf.o)
 .debug_aranges
                0x000000e0       0x20 c:/altera/11.1sp1/nios2eds/bin/gnu/h-i686-mingw32/bin/../lib/gcc/nios2-elf/4.1.2/mno-hw-mul\libgcc.a(_ge_sf.o)
 .debug_aranges
                0x00000100       0x20 c:/altera/11.1sp1/nios2eds/bin/gnu/h-i686-mingw32/bin/../lib/gcc/nios2-elf/4.1.2/mno-hw-mul\libgcc.a(_sf_to_si.o)
 .debug_aranges
                0x00000120       0x20 c:/altera/11.1sp1/nios2eds/bin/gnu/h-i686-mingw32/bin/../lib/gcc/nios2-elf/4.1.2/mno-hw-mul\libgcc.a(_usi_to_sf.o)
 .debug_aranges
                0x00000140       0x20 c:/altera/11.1sp1/nios2eds/bin/gnu/h-i686-mingw32/bin/../lib/gcc/nios2-elf/4.1.2/mno-hw-mul\libgcc.a(_addsub_df.o)
 .debug_aranges
                0x00000160       0x20 c:/altera/11.1sp1/nios2eds/bin/gnu/h-i686-mingw32/bin/../lib/gcc/nios2-elf/4.1.2/mno-hw-mul\libgcc.a(_mul_df.o)
 .debug_aranges
                0x00000180       0x20 c:/altera/11.1sp1/nios2eds/bin/gnu/h-i686-mingw32/bin/../lib/gcc/nios2-elf/4.1.2/mno-hw-mul\libgcc.a(_si_to_df.o)
 .debug_aranges
                0x000001a0       0x20 c:/altera/11.1sp1/nios2eds/bin/gnu/h-i686-mingw32/bin/../lib/gcc/nios2-elf/4.1.2/mno-hw-mul\libgcc.a(_df_to_si.o)
 .debug_aranges
                0x000001c0       0x20 c:/altera/11.1sp1/nios2eds/bin/gnu/h-i686-mingw32/bin/../lib/gcc/nios2-elf/4.1.2/mno-hw-mul\libgcc.a(lib2-mul.o)
 .debug_aranges
                0x000001e0       0x20 c:/altera/11.1sp1/nios2eds/bin/gnu/h-i686-mingw32/bin/../lib/gcc/nios2-elf/4.1.2/mno-hw-mul\libgcc.a(_muldi3.o)
 .debug_aranges
                0x00000200       0x20 c:/altera/11.1sp1/nios2eds/bin/gnu/h-i686-mingw32/bin/../lib/gcc/nios2-elf/4.1.2/mno-hw-mul\libgcc.a(_clzsi2.o)
 .debug_aranges
                0x00000220       0x20 c:/altera/11.1sp1/nios2eds/bin/gnu/h-i686-mingw32/bin/../lib/gcc/nios2-elf/4.1.2/mno-hw-mul\libgcc.a(_pack_sf.o)
 .debug_aranges
                0x00000240       0x20 c:/altera/11.1sp1/nios2eds/bin/gnu/h-i686-mingw32/bin/../lib/gcc/nios2-elf/4.1.2/mno-hw-mul\libgcc.a(_unpack_sf.o)
 .debug_aranges
                0x00000260       0x20 c:/altera/11.1sp1/nios2eds/bin/gnu/h-i686-mingw32/bin/../lib/gcc/nios2-elf/4.1.2/mno-hw-mul\libgcc.a(_fpcmp_parts_sf.o)
 .debug_aranges
                0x00000280       0x20 c:/altera/11.1sp1/nios2eds/bin/gnu/h-i686-mingw32/bin/../lib/gcc/nios2-elf/4.1.2/mno-hw-mul\libgcc.a(_pack_df.o)
 .debug_aranges
                0x000002a0       0x20 c:/altera/11.1sp1/nios2eds/bin/gnu/h-i686-mingw32/bin/../lib/gcc/nios2-elf/4.1.2/mno-hw-mul\libgcc.a(_unpack_df.o)
 .debug_aranges
                0x000002c0       0x20 c:/altera/11.1sp1/nios2eds/bin/gnu/h-i686-mingw32/bin/../lib/gcc/nios2-elf/4.1.2/../../../../nios2-elf/lib/mno-hw-mul\libsmallc.a(lib_a-printf.o)
 .debug_aranges
                0x000002e0       0x20 c:/altera/11.1sp1/nios2eds/bin/gnu/h-i686-mingw32/bin/../lib/gcc/nios2-elf/4.1.2/../../../../nios2-elf/lib/mno-hw-mul\libsmallc.a(lib_a-putc.o)
 .debug_aranges
                0x00000300       0x20 c:/altera/11.1sp1/nios2eds/bin/gnu/h-i686-mingw32/bin/../lib/gcc/nios2-elf/4.1.2/../../../../nios2-elf/lib/mno-hw-mul\libsmallc.a(lib_a-puts.o)
 .debug_aranges
                0x00000320       0x20 c:/altera/11.1sp1/nios2eds/bin/gnu/h-i686-mingw32/bin/../lib/gcc/nios2-elf/4.1.2/../../../../nios2-elf/lib/mno-hw-mul\libsmallc.a(lib_a-strlen.o)
 .debug_aranges
                0x00000340       0x20 c:/altera/11.1sp1/nios2eds/bin/gnu/h-i686-mingw32/bin/../lib/gcc/nios2-elf/4.1.2/../../../../nios2-elf/lib/mno-hw-mul\libsmallc.a(lib_a-vfprintf.o)
 .debug_aranges
                0x00000360       0x20 c:/altera/11.1sp1/nios2eds/bin/gnu/h-i686-mingw32/bin/../lib/gcc/nios2-elf/4.1.2/../../../../nios2-elf/lib/mno-hw-mul\libsmallc.a(lib_a-fvwrite_small_dev.o)
 .debug_aranges
                0x00000380       0x20 c:/altera/11.1sp1/nios2eds/bin/gnu/h-i686-mingw32/bin/../lib/gcc/nios2-elf/4.1.2/../../../../nios2-elf/lib/mno-hw-mul\libsmallc.a(lib_a-writer.o)
 .debug_aranges
                0x000003a0       0x20 c:/altera/11.1sp1/nios2eds/bin/gnu/h-i686-mingw32/bin/../lib/gcc/nios2-elf/4.1.2/mno-hw-mul\libgcc.a(lib2-divmod.o)
 .debug_aranges
                0x000003c0       0x20 ../BeInMotion_bsp/\libhal_bsp.a(alt_close.o)
 .debug_aranges
                0x000003e0       0x20 ../BeInMotion_bsp/\libhal_bsp.a(alt_dev.o)
 .debug_aranges
                0x00000400       0x20 ../BeInMotion_bsp/\libhal_bsp.a(alt_main.o)
 .debug_aranges
                0x00000420       0x20 ../BeInMotion_bsp/\libhal_bsp.a(alt_open.o)
 .debug_aranges
                0x00000440       0x20 ../BeInMotion_bsp/\libhal_bsp.a(alt_read.o)
 .debug_aranges
                0x00000460       0x20 ../BeInMotion_bsp/\libhal_bsp.a(alt_release_fd.o)
 .debug_aranges
                0x00000480       0x20 ../BeInMotion_bsp/\libhal_bsp.a(alt_usleep.o)
 .debug_aranges
                0x000004a0       0x20 ../BeInMotion_bsp/\libhal_bsp.a(alt_write.o)
 .debug_aranges
                0x000004c0       0x20 ../BeInMotion_bsp/\libhal_bsp.a(alt_sys_init.o)
 .debug_aranges
                0x000004e0       0x20 ../BeInMotion_bsp/\libhal_bsp.a(altera_avalon_jtag_uart_fd.o)
 .debug_aranges
                0x00000500       0x20 ../BeInMotion_bsp/\libhal_bsp.a(altera_avalon_jtag_uart_read.o)
 .debug_aranges
                0x00000520       0x20 ../BeInMotion_bsp/\libhal_bsp.a(altera_avalon_jtag_uart_write.o)
 .debug_aranges
                0x00000540       0x20 ../BeInMotion_bsp/\libhal_bsp.a(altera_avalon_timer_sc.o)
 .debug_aranges
                0x00000560       0x20 ../BeInMotion_bsp/\libhal_bsp.a(altera_avalon_uart_fd.o)
 .debug_aranges
                0x00000580       0x20 ../BeInMotion_bsp/\libhal_bsp.a(altera_avalon_uart_read.o)
 .debug_aranges
                0x000005a0       0x20 ../BeInMotion_bsp/\libhal_bsp.a(altera_avalon_uart_write.o)
 .debug_aranges
                0x000005c0       0x20 ../BeInMotion_bsp/\libhal_bsp.a(alt_busy_sleep.o)
 .debug_aranges
                0x000005e0       0x20 ../BeInMotion_bsp/\libhal_bsp.a(alt_dev_llist_insert.o)
 .debug_aranges
                0x00000600       0x20 ../BeInMotion_bsp/\libhal_bsp.a(alt_do_ctors.o)
 .debug_aranges
                0x00000620       0x20 ../BeInMotion_bsp/\libhal_bsp.a(alt_do_dtors.o)
 .debug_aranges
                0x00000640       0x20 ../BeInMotion_bsp/\libhal_bsp.a(alt_find_dev.o)
 .debug_aranges
                0x00000660       0x20 ../BeInMotion_bsp/\libhal_bsp.a(alt_find_file.o)
 .debug_aranges
                0x00000680       0x20 ../BeInMotion_bsp/\libhal_bsp.a(alt_get_fd.o)
 .debug_aranges
                0x000006a0       0x20 ../BeInMotion_bsp/\libhal_bsp.a(alt_iic.o)
 .debug_aranges
                0x000006c0       0x20 ../BeInMotion_bsp/\libhal_bsp.a(alt_iic_isr_register.o)
 .debug_aranges
                0x000006e0       0x20 ../BeInMotion_bsp/\libhal_bsp.a(alt_io_redirect.o)
 .debug_aranges
                0x00000700       0x30 ../BeInMotion_bsp/\libhal_bsp.a(alt_irq_entry.o)
 .debug_aranges
                0x00000730       0x28 ../BeInMotion_bsp/\libhal_bsp.a(alt_irq_handler.o)
 .debug_aranges
                0x00000758       0x20 ../BeInMotion_bsp/\libhal_bsp.a(alt_tick.o)
 .debug_aranges
                0x00000778       0x20 ../BeInMotion_bsp/\libhal_bsp.a(altera_nios2_qsys_irq.o)
 .debug_aranges
                0x00000798       0x38 ../BeInMotion_bsp/\libhal_bsp.a(alt_exception_entry.o)
 .debug_aranges
                0x000007d0       0x20 c:/altera/11.1sp1/nios2eds/bin/gnu/h-i686-mingw32/bin/../lib/gcc/nios2-elf/4.1.2/../../../../nios2-elf/lib/mno-hw-mul\libsmallc.a(lib_a-atexit.o)
 .debug_aranges
                0x000007f0       0x20 c:/altera/11.1sp1/nios2eds/bin/gnu/h-i686-mingw32/bin/../lib/gcc/nios2-elf/4.1.2/../../../../nios2-elf/lib/mno-hw-mul\libsmallc.a(lib_a-exit.o)
 .debug_aranges
                0x00000810       0x20 c:/altera/11.1sp1/nios2eds/bin/gnu/h-i686-mingw32/bin/../lib/gcc/nios2-elf/4.1.2/../../../../nios2-elf/lib/mno-hw-mul\libsmallc.a(lib_a-memcmp.o)
 .debug_aranges
                0x00000830       0x20 c:/altera/11.1sp1/nios2eds/bin/gnu/h-i686-mingw32/bin/../lib/gcc/nios2-elf/4.1.2/../../../../nios2-elf/lib/mno-hw-mul\libsmallc.a(lib_a-__atexit.o)
 .debug_aranges
                0x00000850       0x20 c:/altera/11.1sp1/nios2eds/bin/gnu/h-i686-mingw32/bin/../lib/gcc/nios2-elf/4.1.2/../../../../nios2-elf/lib/mno-hw-mul\libsmallc.a(lib_a-__call_atexit.o)
 .debug_aranges
                0x00000870       0x20 ../BeInMotion_bsp/\libhal_bsp.a(alt_exit.o)

.debug_pubnames
                0x00000000      0xf03
 *(.debug_pubnames)
 .debug_pubnames
                0x00000000      0x1ea obj/default/dc_motor_sync.o
 .debug_pubnames
                0x000001ea       0x38 obj/default/sls_fonts.o
 .debug_pubnames
                0x00000222      0x14c ./\libslsgui.a(simple_graphics.o)
 .debug_pubnames
                0x0000036e       0x23 c:/altera/11.1sp1/nios2eds/bin/gnu/h-i686-mingw32/bin/../lib/gcc/nios2-elf/4.1.2/mno-hw-mul\libgcc.a(_fixunssfsi.o)
 .debug_pubnames
                0x00000391       0x2c c:/altera/11.1sp1/nios2eds/bin/gnu/h-i686-mingw32/bin/../lib/gcc/nios2-elf/4.1.2/mno-hw-mul\libgcc.a(_addsub_sf.o)
 .debug_pubnames
                0x000003bd       0x1f c:/altera/11.1sp1/nios2eds/bin/gnu/h-i686-mingw32/bin/../lib/gcc/nios2-elf/4.1.2/mno-hw-mul\libgcc.a(_mul_sf.o)
 .debug_pubnames
                0x000003dc       0x1f c:/altera/11.1sp1/nios2eds/bin/gnu/h-i686-mingw32/bin/../lib/gcc/nios2-elf/4.1.2/mno-hw-mul\libgcc.a(_div_sf.o)
 .debug_pubnames
                0x000003fb       0x1e c:/altera/11.1sp1/nios2eds/bin/gnu/h-i686-mingw32/bin/../lib/gcc/nios2-elf/4.1.2/mno-hw-mul\libgcc.a(_ge_sf.o)
 .debug_pubnames
                0x00000419       0x20 c:/altera/11.1sp1/nios2eds/bin/gnu/h-i686-mingw32/bin/../lib/gcc/nios2-elf/4.1.2/mno-hw-mul\libgcc.a(_sf_to_si.o)
 .debug_pubnames
                0x00000439       0x22 c:/altera/11.1sp1/nios2eds/bin/gnu/h-i686-mingw32/bin/../lib/gcc/nios2-elf/4.1.2/mno-hw-mul\libgcc.a(_thenan_sf.o)
 .debug_pubnames
                0x0000045b       0x24 c:/altera/11.1sp1/nios2eds/bin/gnu/h-i686-mingw32/bin/../lib/gcc/nios2-elf/4.1.2/mno-hw-mul\libgcc.a(_usi_to_sf.o)
 .debug_pubnames
                0x0000047f       0x2c c:/altera/11.1sp1/nios2eds/bin/gnu/h-i686-mingw32/bin/../lib/gcc/nios2-elf/4.1.2/mno-hw-mul\libgcc.a(_addsub_df.o)
 .debug_pubnames
                0x000004ab       0x1f c:/altera/11.1sp1/nios2eds/bin/gnu/h-i686-mingw32/bin/../lib/gcc/nios2-elf/4.1.2/mno-hw-mul\libgcc.a(_mul_df.o)
 .debug_pubnames
                0x000004ca       0x22 c:/altera/11.1sp1/nios2eds/bin/gnu/h-i686-mingw32/bin/../lib/gcc/nios2-elf/4.1.2/mno-hw-mul\libgcc.a(_si_to_df.o)
 .debug_pubnames
                0x000004ec       0x20 c:/altera/11.1sp1/nios2eds/bin/gnu/h-i686-mingw32/bin/../lib/gcc/nios2-elf/4.1.2/mno-hw-mul\libgcc.a(_df_to_si.o)
 .debug_pubnames
                0x0000050c       0x22 c:/altera/11.1sp1/nios2eds/bin/gnu/h-i686-mingw32/bin/../lib/gcc/nios2-elf/4.1.2/mno-hw-mul\libgcc.a(_thenan_df.o)
 .debug_pubnames
                0x0000052e       0x1f c:/altera/11.1sp1/nios2eds/bin/gnu/h-i686-mingw32/bin/../lib/gcc/nios2-elf/4.1.2/mno-hw-mul\libgcc.a(lib2-mul.o)
 .debug_pubnames
                0x0000054d       0x1f c:/altera/11.1sp1/nios2eds/bin/gnu/h-i686-mingw32/bin/../lib/gcc/nios2-elf/4.1.2/mno-hw-mul\libgcc.a(_muldi3.o)
 .debug_pubnames
                0x0000056c       0x1f c:/altera/11.1sp1/nios2eds/bin/gnu/h-i686-mingw32/bin/../lib/gcc/nios2-elf/4.1.2/mno-hw-mul\libgcc.a(_clzsi2.o)
 .debug_pubnames
                0x0000058b       0x1f c:/altera/11.1sp1/nios2eds/bin/gnu/h-i686-mingw32/bin/../lib/gcc/nios2-elf/4.1.2/mno-hw-mul\libgcc.a(_pack_sf.o)
 .debug_pubnames
                0x000005aa       0x21 c:/altera/11.1sp1/nios2eds/bin/gnu/h-i686-mingw32/bin/../lib/gcc/nios2-elf/4.1.2/mno-hw-mul\libgcc.a(_unpack_sf.o)
 .debug_pubnames
                0x000005cb       0x26 c:/altera/11.1sp1/nios2eds/bin/gnu/h-i686-mingw32/bin/../lib/gcc/nios2-elf/4.1.2/mno-hw-mul\libgcc.a(_fpcmp_parts_sf.o)
 .debug_pubnames
                0x000005f1       0x1f c:/altera/11.1sp1/nios2eds/bin/gnu/h-i686-mingw32/bin/../lib/gcc/nios2-elf/4.1.2/mno-hw-mul\libgcc.a(_pack_df.o)
 .debug_pubnames
                0x00000610       0x21 c:/altera/11.1sp1/nios2eds/bin/gnu/h-i686-mingw32/bin/../lib/gcc/nios2-elf/4.1.2/mno-hw-mul\libgcc.a(_unpack_df.o)
 .debug_pubnames
                0x00000631       0x20 c:/altera/11.1sp1/nios2eds/bin/gnu/h-i686-mingw32/bin/../lib/gcc/nios2-elf/4.1.2/mno-hw-mul\libgcc.a(_clz.o)
 .debug_pubnames
                0x00000651       0x2e c:/altera/11.1sp1/nios2eds/bin/gnu/h-i686-mingw32/bin/../lib/gcc/nios2-elf/4.1.2/../../../../nios2-elf/lib/mno-hw-mul\libsmallc.a(lib_a-ctype_.o)
 .debug_pubnames
                0x0000067f       0x39 c:/altera/11.1sp1/nios2eds/bin/gnu/h-i686-mingw32/bin/../lib/gcc/nios2-elf/4.1.2/../../../../nios2-elf/lib/mno-hw-mul\libsmallc.a(lib_a-impure.o)
 .debug_pubnames
                0x000006b8       0x2b c:/altera/11.1sp1/nios2eds/bin/gnu/h-i686-mingw32/bin/../lib/gcc/nios2-elf/4.1.2/../../../../nios2-elf/lib/mno-hw-mul\libsmallc.a(lib_a-printf.o)
 .debug_pubnames
                0x000006e3       0x27 c:/altera/11.1sp1/nios2eds/bin/gnu/h-i686-mingw32/bin/../lib/gcc/nios2-elf/4.1.2/../../../../nios2-elf/lib/mno-hw-mul\libsmallc.a(lib_a-putc.o)
 .debug_pubnames
                0x0000070a       0x27 c:/altera/11.1sp1/nios2eds/bin/gnu/h-i686-mingw32/bin/../lib/gcc/nios2-elf/4.1.2/../../../../nios2-elf/lib/mno-hw-mul\libsmallc.a(lib_a-puts.o)
 .debug_pubnames
                0x00000731       0x1d c:/altera/11.1sp1/nios2eds/bin/gnu/h-i686-mingw32/bin/../lib/gcc/nios2-elf/4.1.2/../../../../nios2-elf/lib/mno-hw-mul\libsmallc.a(lib_a-strlen.o)
 .debug_pubnames
                0x0000074e       0x45 c:/altera/11.1sp1/nios2eds/bin/gnu/h-i686-mingw32/bin/../lib/gcc/nios2-elf/4.1.2/../../../../nios2-elf/lib/mno-hw-mul\libsmallc.a(lib_a-vfprintf.o)
 .debug_pubnames
                0x00000793       0x2b c:/altera/11.1sp1/nios2eds/bin/gnu/h-i686-mingw32/bin/../lib/gcc/nios2-elf/4.1.2/../../../../nios2-elf/lib/mno-hw-mul\libsmallc.a(lib_a-fvwrite_small_dev.o)
 .debug_pubnames
                0x000007be       0x1f c:/altera/11.1sp1/nios2eds/bin/gnu/h-i686-mingw32/bin/../lib/gcc/nios2-elf/4.1.2/../../../../nios2-elf/lib/mno-hw-mul\libsmallc.a(lib_a-writer.o)
 .debug_pubnames
                0x000007dd       0x1c c:/altera/11.1sp1/nios2eds/bin/gnu/h-i686-mingw32/bin/../lib/gcc/nios2-elf/4.1.2/../../../../nios2-elf/lib/mno-hw-mul\libsmallc.a(lib_a-int_errno.o)
 .debug_pubnames
                0x000007f9       0x48 c:/altera/11.1sp1/nios2eds/bin/gnu/h-i686-mingw32/bin/../lib/gcc/nios2-elf/4.1.2/mno-hw-mul\libgcc.a(lib2-divmod.o)
 .debug_pubnames
                0x00000841       0x1c ../BeInMotion_bsp/\libhal_bsp.a(alt_close.o)
 .debug_pubnames
                0x0000085d       0x63 ../BeInMotion_bsp/\libhal_bsp.a(alt_dev.o)
 .debug_pubnames
                0x000008c0       0x20 ../BeInMotion_bsp/\libhal_bsp.a(alt_errno.o)
 .debug_pubnames
                0x000008e0       0x46 ../BeInMotion_bsp/\libhal_bsp.a(alt_main.o)
 .debug_pubnames
                0x00000926       0x1b ../BeInMotion_bsp/\libhal_bsp.a(alt_open.o)
 .debug_pubnames
                0x00000941       0x1b ../BeInMotion_bsp/\libhal_bsp.a(alt_read.o)
 .debug_pubnames
                0x0000095c       0x25 ../BeInMotion_bsp/\libhal_bsp.a(alt_release_fd.o)
 .debug_pubnames
                0x00000981       0x1d ../BeInMotion_bsp/\libhal_bsp.a(alt_usleep.o)
 .debug_pubnames
                0x0000099e       0x1c ../BeInMotion_bsp/\libhal_bsp.a(alt_write.o)
 .debug_pubnames
                0x000009ba       0x34 ../BeInMotion_bsp/\libhal_bsp.a(alt_sys_init.o)
 .debug_pubnames
                0x000009ee       0x5b ../BeInMotion_bsp/\libhal_bsp.a(altera_avalon_jtag_uart_fd.o)
 .debug_pubnames
                0x00000a49       0x33 ../BeInMotion_bsp/\libhal_bsp.a(altera_avalon_jtag_uart_read.o)
 .debug_pubnames
                0x00000a7c       0x34 ../BeInMotion_bsp/\libhal_bsp.a(altera_avalon_jtag_uart_write.o)
 .debug_pubnames
                0x00000ab0       0x2f ../BeInMotion_bsp/\libhal_bsp.a(altera_avalon_timer_sc.o)
 .debug_pubnames
                0x00000adf       0x51 ../BeInMotion_bsp/\libhal_bsp.a(altera_avalon_uart_fd.o)
 .debug_pubnames
                0x00000b30       0x2e ../BeInMotion_bsp/\libhal_bsp.a(altera_avalon_uart_read.o)
 .debug_pubnames
                0x00000b5e       0x2f ../BeInMotion_bsp/\libhal_bsp.a(altera_avalon_uart_write.o)
 .debug_pubnames
                0x00000b8d       0x25 ../BeInMotion_bsp/\libhal_bsp.a(alt_busy_sleep.o)
 .debug_pubnames
                0x00000bb2       0x2b ../BeInMotion_bsp/\libhal_bsp.a(alt_dev_llist_insert.o)
 .debug_pubnames
                0x00000bdd       0x20 ../BeInMotion_bsp/\libhal_bsp.a(alt_do_ctors.o)
 .debug_pubnames
                0x00000bfd       0x20 ../BeInMotion_bsp/\libhal_bsp.a(alt_do_dtors.o)
 .debug_pubnames
                0x00000c1d       0x23 ../BeInMotion_bsp/\libhal_bsp.a(alt_find_dev.o)
 .debug_pubnames
                0x00000c40       0x24 ../BeInMotion_bsp/\libhal_bsp.a(alt_find_file.o)
 .debug_pubnames
                0x00000c64       0x21 ../BeInMotion_bsp/\libhal_bsp.a(alt_get_fd.o)
 .debug_pubnames
                0x00000c85       0x6e ../BeInMotion_bsp/\libhal_bsp.a(alt_iic.o)
 .debug_pubnames
                0x00000cf3       0x2b ../BeInMotion_bsp/\libhal_bsp.a(alt_iic_isr_register.o)
 .debug_pubnames
                0x00000d1e       0x26 ../BeInMotion_bsp/\libhal_bsp.a(alt_io_redirect.o)
 .debug_pubnames
                0x00000d44       0x32 ../BeInMotion_bsp/\libhal_bsp.a(alt_irq_handler.o)
 .debug_pubnames
                0x00000d76       0x25 ../BeInMotion_bsp/\libhal_bsp.a(alt_irq_vars.o)
 .debug_pubnames
                0x00000d9b       0x68 ../BeInMotion_bsp/\libhal_bsp.a(alt_tick.o)
 .debug_pubnames
                0x00000e03       0x31 ../BeInMotion_bsp/\libhal_bsp.a(altera_nios2_qsys_irq.o)
 .debug_pubnames
                0x00000e34       0x2a c:/altera/11.1sp1/nios2eds/bin/gnu/h-i686-mingw32/bin/../lib/gcc/nios2-elf/4.1.2/../../../../nios2-elf/lib/mno-hw-mul\libsmallc.a(lib_a-atexit.o)
 .debug_pubnames
                0x00000e5e       0x1b c:/altera/11.1sp1/nios2eds/bin/gnu/h-i686-mingw32/bin/../lib/gcc/nios2-elf/4.1.2/../../../../nios2-elf/lib/mno-hw-mul\libsmallc.a(lib_a-exit.o)
 .debug_pubnames
                0x00000e79       0x1d c:/altera/11.1sp1/nios2eds/bin/gnu/h-i686-mingw32/bin/../lib/gcc/nios2-elf/4.1.2/../../../../nios2-elf/lib/mno-hw-mul\libsmallc.a(lib_a-memcmp.o)
 .debug_pubnames
                0x00000e96       0x2a c:/altera/11.1sp1/nios2eds/bin/gnu/h-i686-mingw32/bin/../lib/gcc/nios2-elf/4.1.2/../../../../nios2-elf/lib/mno-hw-mul\libsmallc.a(lib_a-__atexit.o)
 .debug_pubnames
                0x00000ec0       0x27 c:/altera/11.1sp1/nios2eds/bin/gnu/h-i686-mingw32/bin/../lib/gcc/nios2-elf/4.1.2/../../../../nios2-elf/lib/mno-hw-mul\libsmallc.a(lib_a-__call_atexit.o)
 .debug_pubnames
                0x00000ee7       0x1c ../BeInMotion_bsp/\libhal_bsp.a(alt_exit.o)

.debug_info     0x00000000    0x10b12
 *(.debug_info .gnu.linkonce.wi.*)
 .debug_info    0x00000000       0x6e ../BeInMotion_bsp//obj/HAL/src/crt0.o
 .debug_info    0x0000006e     0x10ca obj/default/dc_motor_sync.o
 .debug_info    0x00001138       0xe8 obj/default/sls_fonts.o
 .debug_info    0x00001220      0xb70 ./\libslsgui.a(simple_graphics.o)
 .debug_info    0x00001d90       0xce c:/altera/11.1sp1/nios2eds/bin/gnu/h-i686-mingw32/bin/../lib/gcc/nios2-elf/4.1.2/mno-hw-mul\libgcc.a(_fixunssfsi.o)
 .debug_info    0x00001e5e      0x47f c:/altera/11.1sp1/nios2eds/bin/gnu/h-i686-mingw32/bin/../lib/gcc/nios2-elf/4.1.2/mno-hw-mul\libgcc.a(_addsub_sf.o)
 .debug_info    0x000022dd      0x3d4 c:/altera/11.1sp1/nios2eds/bin/gnu/h-i686-mingw32/bin/../lib/gcc/nios2-elf/4.1.2/mno-hw-mul\libgcc.a(_mul_sf.o)
 .debug_info    0x000026b1      0x391 c:/altera/11.1sp1/nios2eds/bin/gnu/h-i686-mingw32/bin/../lib/gcc/nios2-elf/4.1.2/mno-hw-mul\libgcc.a(_div_sf.o)
 .debug_info    0x00002a42      0x290 c:/altera/11.1sp1/nios2eds/bin/gnu/h-i686-mingw32/bin/../lib/gcc/nios2-elf/4.1.2/mno-hw-mul\libgcc.a(_ge_sf.o)
 .debug_info    0x00002cd2      0x2c1 c:/altera/11.1sp1/nios2eds/bin/gnu/h-i686-mingw32/bin/../lib/gcc/nios2-elf/4.1.2/mno-hw-mul\libgcc.a(_sf_to_si.o)
 .debug_info    0x00002f93      0x164 c:/altera/11.1sp1/nios2eds/bin/gnu/h-i686-mingw32/bin/../lib/gcc/nios2-elf/4.1.2/mno-hw-mul\libgcc.a(_thenan_sf.o)
 .debug_info    0x000030f7      0x213 c:/altera/11.1sp1/nios2eds/bin/gnu/h-i686-mingw32/bin/../lib/gcc/nios2-elf/4.1.2/mno-hw-mul\libgcc.a(_usi_to_sf.o)
 .debug_info    0x0000330a      0x493 c:/altera/11.1sp1/nios2eds/bin/gnu/h-i686-mingw32/bin/../lib/gcc/nios2-elf/4.1.2/mno-hw-mul\libgcc.a(_addsub_df.o)
 .debug_info    0x0000379d      0x488 c:/altera/11.1sp1/nios2eds/bin/gnu/h-i686-mingw32/bin/../lib/gcc/nios2-elf/4.1.2/mno-hw-mul\libgcc.a(_mul_df.o)
 .debug_info    0x00003c25      0x218 c:/altera/11.1sp1/nios2eds/bin/gnu/h-i686-mingw32/bin/../lib/gcc/nios2-elf/4.1.2/mno-hw-mul\libgcc.a(_si_to_df.o)
 .debug_info    0x00003e3d      0x2cd c:/altera/11.1sp1/nios2eds/bin/gnu/h-i686-mingw32/bin/../lib/gcc/nios2-elf/4.1.2/mno-hw-mul\libgcc.a(_df_to_si.o)
 .debug_info    0x0000410a      0x164 c:/altera/11.1sp1/nios2eds/bin/gnu/h-i686-mingw32/bin/../lib/gcc/nios2-elf/4.1.2/mno-hw-mul\libgcc.a(_thenan_df.o)
 .debug_info    0x0000426e       0xf3 c:/altera/11.1sp1/nios2eds/bin/gnu/h-i686-mingw32/bin/../lib/gcc/nios2-elf/4.1.2/mno-hw-mul\libgcc.a(lib2-mul.o)
 .debug_info    0x00004361      0x210 c:/altera/11.1sp1/nios2eds/bin/gnu/h-i686-mingw32/bin/../lib/gcc/nios2-elf/4.1.2/mno-hw-mul\libgcc.a(_muldi3.o)
 .debug_info    0x00004571      0x130 c:/altera/11.1sp1/nios2eds/bin/gnu/h-i686-mingw32/bin/../lib/gcc/nios2-elf/4.1.2/mno-hw-mul\libgcc.a(_clzsi2.o)
 .debug_info    0x000046a1      0x2f2 c:/altera/11.1sp1/nios2eds/bin/gnu/h-i686-mingw32/bin/../lib/gcc/nios2-elf/4.1.2/mno-hw-mul\libgcc.a(_pack_sf.o)
 .debug_info    0x00004993      0x25a c:/altera/11.1sp1/nios2eds/bin/gnu/h-i686-mingw32/bin/../lib/gcc/nios2-elf/4.1.2/mno-hw-mul\libgcc.a(_unpack_sf.o)
 .debug_info    0x00004bed      0x21f c:/altera/11.1sp1/nios2eds/bin/gnu/h-i686-mingw32/bin/../lib/gcc/nios2-elf/4.1.2/mno-hw-mul\libgcc.a(_fpcmp_parts_sf.o)
 .debug_info    0x00004e0c      0x2fc c:/altera/11.1sp1/nios2eds/bin/gnu/h-i686-mingw32/bin/../lib/gcc/nios2-elf/4.1.2/mno-hw-mul\libgcc.a(_pack_df.o)
 .debug_info    0x00005108      0x268 c:/altera/11.1sp1/nios2eds/bin/gnu/h-i686-mingw32/bin/../lib/gcc/nios2-elf/4.1.2/mno-hw-mul\libgcc.a(_unpack_df.o)
 .debug_info    0x00005370       0xc9 c:/altera/11.1sp1/nios2eds/bin/gnu/h-i686-mingw32/bin/../lib/gcc/nios2-elf/4.1.2/mno-hw-mul\libgcc.a(_clz.o)
 .debug_info    0x00005439       0xa0 c:/altera/11.1sp1/nios2eds/bin/gnu/h-i686-mingw32/bin/../lib/gcc/nios2-elf/4.1.2/../../../../nios2-elf/lib/mno-hw-mul\libsmallc.a(lib_a-ctype_.o)
 .debug_info    0x000054d9      0x636 c:/altera/11.1sp1/nios2eds/bin/gnu/h-i686-mingw32/bin/../lib/gcc/nios2-elf/4.1.2/../../../../nios2-elf/lib/mno-hw-mul\libsmallc.a(lib_a-impure.o)
 .debug_info    0x00005b0f      0x6c8 c:/altera/11.1sp1/nios2eds/bin/gnu/h-i686-mingw32/bin/../lib/gcc/nios2-elf/4.1.2/../../../../nios2-elf/lib/mno-hw-mul\libsmallc.a(lib_a-printf.o)
 .debug_info    0x000061d7      0x6b8 c:/altera/11.1sp1/nios2eds/bin/gnu/h-i686-mingw32/bin/../lib/gcc/nios2-elf/4.1.2/../../../../nios2-elf/lib/mno-hw-mul\libsmallc.a(lib_a-putc.o)
 .debug_info    0x0000688f      0x685 c:/altera/11.1sp1/nios2eds/bin/gnu/h-i686-mingw32/bin/../lib/gcc/nios2-elf/4.1.2/../../../../nios2-elf/lib/mno-hw-mul\libsmallc.a(lib_a-puts.o)
 .debug_info    0x00006f14       0xc2 c:/altera/11.1sp1/nios2eds/bin/gnu/h-i686-mingw32/bin/../lib/gcc/nios2-elf/4.1.2/../../../../nios2-elf/lib/mno-hw-mul\libsmallc.a(lib_a-strlen.o)
 .debug_info    0x00006fd6      0x94c c:/altera/11.1sp1/nios2eds/bin/gnu/h-i686-mingw32/bin/../lib/gcc/nios2-elf/4.1.2/../../../../nios2-elf/lib/mno-hw-mul\libsmallc.a(lib_a-vfprintf.o)
 .debug_info    0x00007922      0x68e c:/altera/11.1sp1/nios2eds/bin/gnu/h-i686-mingw32/bin/../lib/gcc/nios2-elf/4.1.2/../../../../nios2-elf/lib/mno-hw-mul\libsmallc.a(lib_a-fvwrite_small_dev.o)
 .debug_info    0x00007fb0      0x68c c:/altera/11.1sp1/nios2eds/bin/gnu/h-i686-mingw32/bin/../lib/gcc/nios2-elf/4.1.2/../../../../nios2-elf/lib/mno-hw-mul\libsmallc.a(lib_a-writer.o)
 .debug_info    0x0000863c       0x8c c:/altera/11.1sp1/nios2eds/bin/gnu/h-i686-mingw32/bin/../lib/gcc/nios2-elf/4.1.2/../../../../nios2-elf/lib/mno-hw-mul\libsmallc.a(lib_a-int_errno.o)
 .debug_info    0x000086c8      0x21c c:/altera/11.1sp1/nios2eds/bin/gnu/h-i686-mingw32/bin/../lib/gcc/nios2-elf/4.1.2/mno-hw-mul\libgcc.a(lib2-divmod.o)
 .debug_info    0x000088e4      0x456 ../BeInMotion_bsp/\libhal_bsp.a(alt_close.o)
 .debug_info    0x00008d3a      0x66e ../BeInMotion_bsp/\libhal_bsp.a(alt_dev.o)
 .debug_info    0x000093a8      0x153 ../BeInMotion_bsp/\libhal_bsp.a(alt_errno.o)
 .debug_info    0x000094fb      0x214 ../BeInMotion_bsp/\libhal_bsp.a(alt_main.o)
 .debug_info    0x0000970f      0x514 ../BeInMotion_bsp/\libhal_bsp.a(alt_open.o)
 .debug_info    0x00009c23      0x679 ../BeInMotion_bsp/\libhal_bsp.a(alt_read.o)
 .debug_info    0x0000a29c      0x3e1 ../BeInMotion_bsp/\libhal_bsp.a(alt_release_fd.o)
 .debug_info    0x0000a67d      0x157 ../BeInMotion_bsp/\libhal_bsp.a(alt_usleep.o)
 .debug_info    0x0000a7d4      0x682 ../BeInMotion_bsp/\libhal_bsp.a(alt_write.o)
 .debug_info    0x0000ae56      0x691 ../BeInMotion_bsp/\libhal_bsp.a(alt_sys_init.o)
 .debug_info    0x0000b4e7      0x5a8 ../BeInMotion_bsp/\libhal_bsp.a(altera_avalon_jtag_uart_fd.o)
 .debug_info    0x0000ba8f      0x2f8 ../BeInMotion_bsp/\libhal_bsp.a(altera_avalon_jtag_uart_read.o)
 .debug_info    0x0000bd87      0x2d5 ../BeInMotion_bsp/\libhal_bsp.a(altera_avalon_jtag_uart_write.o)
 .debug_info    0x0000c05c      0x37a ../BeInMotion_bsp/\libhal_bsp.a(altera_avalon_timer_sc.o)
 .debug_info    0x0000c3d6      0x53d ../BeInMotion_bsp/\libhal_bsp.a(altera_avalon_uart_fd.o)
 .debug_info    0x0000c913      0x2d1 ../BeInMotion_bsp/\libhal_bsp.a(altera_avalon_uart_read.o)
 .debug_info    0x0000cbe4      0x2e8 ../BeInMotion_bsp/\libhal_bsp.a(altera_avalon_uart_write.o)
 .debug_info    0x0000cecc      0x19a ../BeInMotion_bsp/\libhal_bsp.a(alt_busy_sleep.o)
 .debug_info    0x0000d066      0x2a6 ../BeInMotion_bsp/\libhal_bsp.a(alt_dev_llist_insert.o)
 .debug_info    0x0000d30c       0xfe ../BeInMotion_bsp/\libhal_bsp.a(alt_do_ctors.o)
 .debug_info    0x0000d40a       0xfd ../BeInMotion_bsp/\libhal_bsp.a(alt_do_dtors.o)
 .debug_info    0x0000d507      0x407 ../BeInMotion_bsp/\libhal_bsp.a(alt_find_dev.o)
 .debug_info    0x0000d90e      0x40e ../BeInMotion_bsp/\libhal_bsp.a(alt_find_file.o)
 .debug_info    0x0000dd1c      0x44f ../BeInMotion_bsp/\libhal_bsp.a(alt_get_fd.o)
 .debug_info    0x0000e16b      0x467 ../BeInMotion_bsp/\libhal_bsp.a(alt_iic.o)
 .debug_info    0x0000e5d2      0x303 ../BeInMotion_bsp/\libhal_bsp.a(alt_iic_isr_register.o)
 .debug_info    0x0000e8d5      0x684 ../BeInMotion_bsp/\libhal_bsp.a(alt_io_redirect.o)
 .debug_info    0x0000ef59       0x73 ../BeInMotion_bsp/\libhal_bsp.a(alt_irq_entry.o)
 .debug_info    0x0000efcc      0x264 ../BeInMotion_bsp/\libhal_bsp.a(alt_irq_handler.o)
 .debug_info    0x0000f230      0x136 ../BeInMotion_bsp/\libhal_bsp.a(alt_irq_vars.o)
 .debug_info    0x0000f366      0x3ed ../BeInMotion_bsp/\libhal_bsp.a(alt_tick.o)
 .debug_info    0x0000f753      0x152 ../BeInMotion_bsp/\libhal_bsp.a(altera_nios2_qsys_irq.o)
 .debug_info    0x0000f8a5       0x79 ../BeInMotion_bsp/\libhal_bsp.a(alt_exception_entry.o)
 .debug_info    0x0000f91e      0x186 c:/altera/11.1sp1/nios2eds/bin/gnu/h-i686-mingw32/bin/../lib/gcc/nios2-elf/4.1.2/../../../../nios2-elf/lib/mno-hw-mul\libsmallc.a(lib_a-atexit.o)
 .debug_info    0x0000faa4       0x9f c:/altera/11.1sp1/nios2eds/bin/gnu/h-i686-mingw32/bin/../lib/gcc/nios2-elf/4.1.2/../../../../nios2-elf/lib/mno-hw-mul\libsmallc.a(lib_a-exit.o)
 .debug_info    0x0000fb43       0xef c:/altera/11.1sp1/nios2eds/bin/gnu/h-i686-mingw32/bin/../lib/gcc/nios2-elf/4.1.2/../../../../nios2-elf/lib/mno-hw-mul\libsmallc.a(lib_a-memcmp.o)
 .debug_info    0x0000fc32      0x68f c:/altera/11.1sp1/nios2eds/bin/gnu/h-i686-mingw32/bin/../lib/gcc/nios2-elf/4.1.2/../../../../nios2-elf/lib/mno-hw-mul\libsmallc.a(lib_a-__atexit.o)
 .debug_info    0x000102c1      0x6d5 c:/altera/11.1sp1/nios2eds/bin/gnu/h-i686-mingw32/bin/../lib/gcc/nios2-elf/4.1.2/../../../../nios2-elf/lib/mno-hw-mul\libsmallc.a(lib_a-__call_atexit.o)
 .debug_info    0x00010996      0x17c ../BeInMotion_bsp/\libhal_bsp.a(alt_exit.o)

.debug_abbrev   0x00000000     0x4b42
 *(.debug_abbrev)
 .debug_abbrev  0x00000000       0x14 ../BeInMotion_bsp//obj/HAL/src/crt0.o
 .debug_abbrev  0x00000014      0x25a obj/default/dc_motor_sync.o
 .debug_abbrev  0x0000026e       0x4b obj/default/sls_fonts.o
 .debug_abbrev  0x000002b9      0x11f ./\libslsgui.a(simple_graphics.o)
 .debug_abbrev  0x000003d8       0x5d c:/altera/11.1sp1/nios2eds/bin/gnu/h-i686-mingw32/bin/../lib/gcc/nios2-elf/4.1.2/mno-hw-mul\libgcc.a(_fixunssfsi.o)
 .debug_abbrev  0x00000435      0x1e1 c:/altera/11.1sp1/nios2eds/bin/gnu/h-i686-mingw32/bin/../lib/gcc/nios2-elf/4.1.2/mno-hw-mul\libgcc.a(_addsub_sf.o)
 .debug_abbrev  0x00000616      0x206 c:/altera/11.1sp1/nios2eds/bin/gnu/h-i686-mingw32/bin/../lib/gcc/nios2-elf/4.1.2/mno-hw-mul\libgcc.a(_mul_sf.o)
 .debug_abbrev  0x0000081c      0x1e5 c:/altera/11.1sp1/nios2eds/bin/gnu/h-i686-mingw32/bin/../lib/gcc/nios2-elf/4.1.2/mno-hw-mul\libgcc.a(_div_sf.o)
 .debug_abbrev  0x00000a01      0x151 c:/altera/11.1sp1/nios2eds/bin/gnu/h-i686-mingw32/bin/../lib/gcc/nios2-elf/4.1.2/mno-hw-mul\libgcc.a(_ge_sf.o)
 .debug_abbrev  0x00000b52      0x176 c:/altera/11.1sp1/nios2eds/bin/gnu/h-i686-mingw32/bin/../lib/gcc/nios2-elf/4.1.2/mno-hw-mul\libgcc.a(_sf_to_si.o)
 .debug_abbrev  0x00000cc8       0xba c:/altera/11.1sp1/nios2eds/bin/gnu/h-i686-mingw32/bin/../lib/gcc/nios2-elf/4.1.2/mno-hw-mul\libgcc.a(_thenan_sf.o)
 .debug_abbrev  0x00000d82      0x155 c:/altera/11.1sp1/nios2eds/bin/gnu/h-i686-mingw32/bin/../lib/gcc/nios2-elf/4.1.2/mno-hw-mul\libgcc.a(_usi_to_sf.o)
 .debug_abbrev  0x00000ed7      0x1d2 c:/altera/11.1sp1/nios2eds/bin/gnu/h-i686-mingw32/bin/../lib/gcc/nios2-elf/4.1.2/mno-hw-mul\libgcc.a(_addsub_df.o)
 .debug_abbrev  0x000010a9      0x204 c:/altera/11.1sp1/nios2eds/bin/gnu/h-i686-mingw32/bin/../lib/gcc/nios2-elf/4.1.2/mno-hw-mul\libgcc.a(_mul_df.o)
 .debug_abbrev  0x000012ad      0x13f c:/altera/11.1sp1/nios2eds/bin/gnu/h-i686-mingw32/bin/../lib/gcc/nios2-elf/4.1.2/mno-hw-mul\libgcc.a(_si_to_df.o)
 .debug_abbrev  0x000013ec      0x176 c:/altera/11.1sp1/nios2eds/bin/gnu/h-i686-mingw32/bin/../lib/gcc/nios2-elf/4.1.2/mno-hw-mul\libgcc.a(_df_to_si.o)
 .debug_abbrev  0x00001562       0xba c:/altera/11.1sp1/nios2eds/bin/gnu/h-i686-mingw32/bin/../lib/gcc/nios2-elf/4.1.2/mno-hw-mul\libgcc.a(_thenan_df.o)
 .debug_abbrev  0x0000161c       0x7b c:/altera/11.1sp1/nios2eds/bin/gnu/h-i686-mingw32/bin/../lib/gcc/nios2-elf/4.1.2/mno-hw-mul\libgcc.a(lib2-mul.o)
 .debug_abbrev  0x00001697       0xfb c:/altera/11.1sp1/nios2eds/bin/gnu/h-i686-mingw32/bin/../lib/gcc/nios2-elf/4.1.2/mno-hw-mul\libgcc.a(_muldi3.o)
 .debug_abbrev  0x00001792       0xb9 c:/altera/11.1sp1/nios2eds/bin/gnu/h-i686-mingw32/bin/../lib/gcc/nios2-elf/4.1.2/mno-hw-mul\libgcc.a(_clzsi2.o)
 .debug_abbrev  0x0000184b      0x1aa c:/altera/11.1sp1/nios2eds/bin/gnu/h-i686-mingw32/bin/../lib/gcc/nios2-elf/4.1.2/mno-hw-mul\libgcc.a(_pack_sf.o)
 .debug_abbrev  0x000019f5      0x158 c:/altera/11.1sp1/nios2eds/bin/gnu/h-i686-mingw32/bin/../lib/gcc/nios2-elf/4.1.2/mno-hw-mul\libgcc.a(_unpack_sf.o)
 .debug_abbrev  0x00001b4d      0x132 c:/altera/11.1sp1/nios2eds/bin/gnu/h-i686-mingw32/bin/../lib/gcc/nios2-elf/4.1.2/mno-hw-mul\libgcc.a(_fpcmp_parts_sf.o)
 .debug_abbrev  0x00001c7f      0x1b1 c:/altera/11.1sp1/nios2eds/bin/gnu/h-i686-mingw32/bin/../lib/gcc/nios2-elf/4.1.2/mno-hw-mul\libgcc.a(_pack_df.o)
 .debug_abbrev  0x00001e30      0x149 c:/altera/11.1sp1/nios2eds/bin/gnu/h-i686-mingw32/bin/../lib/gcc/nios2-elf/4.1.2/mno-hw-mul\libgcc.a(_unpack_df.o)
 .debug_abbrev  0x00001f79       0x61 c:/altera/11.1sp1/nios2eds/bin/gnu/h-i686-mingw32/bin/../lib/gcc/nios2-elf/4.1.2/mno-hw-mul\libgcc.a(_clz.o)
 .debug_abbrev  0x00001fda       0x61 c:/altera/11.1sp1/nios2eds/bin/gnu/h-i686-mingw32/bin/../lib/gcc/nios2-elf/4.1.2/../../../../nios2-elf/lib/mno-hw-mul\libsmallc.a(lib_a-ctype_.o)
 .debug_abbrev  0x0000203b      0x13f c:/altera/11.1sp1/nios2eds/bin/gnu/h-i686-mingw32/bin/../lib/gcc/nios2-elf/4.1.2/../../../../nios2-elf/lib/mno-hw-mul\libsmallc.a(lib_a-impure.o)
 .debug_abbrev  0x0000217a      0x179 c:/altera/11.1sp1/nios2eds/bin/gnu/h-i686-mingw32/bin/../lib/gcc/nios2-elf/4.1.2/../../../../nios2-elf/lib/mno-hw-mul\libsmallc.a(lib_a-printf.o)
 .debug_abbrev  0x000022f3      0x167 c:/altera/11.1sp1/nios2eds/bin/gnu/h-i686-mingw32/bin/../lib/gcc/nios2-elf/4.1.2/../../../../nios2-elf/lib/mno-hw-mul\libsmallc.a(lib_a-putc.o)
 .debug_abbrev  0x0000245a      0x180 c:/altera/11.1sp1/nios2eds/bin/gnu/h-i686-mingw32/bin/../lib/gcc/nios2-elf/4.1.2/../../../../nios2-elf/lib/mno-hw-mul\libsmallc.a(lib_a-puts.o)
 .debug_abbrev  0x000025da       0x7a c:/altera/11.1sp1/nios2eds/bin/gnu/h-i686-mingw32/bin/../lib/gcc/nios2-elf/4.1.2/../../../../nios2-elf/lib/mno-hw-mul\libsmallc.a(lib_a-strlen.o)
 .debug_abbrev  0x00002654      0x247 c:/altera/11.1sp1/nios2eds/bin/gnu/h-i686-mingw32/bin/../lib/gcc/nios2-elf/4.1.2/../../../../nios2-elf/lib/mno-hw-mul\libsmallc.a(lib_a-vfprintf.o)
 .debug_abbrev  0x0000289b      0x179 c:/altera/11.1sp1/nios2eds/bin/gnu/h-i686-mingw32/bin/../lib/gcc/nios2-elf/4.1.2/../../../../nios2-elf/lib/mno-hw-mul\libsmallc.a(lib_a-fvwrite_small_dev.o)