------------------------------------------------------------
TimeQuest Timing Analyzer Summary
------------------------------------------------------------

Type  : Slow 1200mV 85C Model Setup 'CLK_FPGA_50M'
Slack : 6.645
TNS   : 0.000

Type  : Slow 1200mV 85C Model Setup 'st_clk'
Slack : 16.671
TNS   : 0.000

Type  : Slow 1200mV 85C Model Setup 'altera_reserved_tck'
Slack : 46.052
TNS   : 0.000

Type  : Slow 1200mV 85C Model Setup 'b2v_inst|pll|sd1|pll7|clk[0]'
Slack : 991.064
TNS   : 0.000

Type  : Slow 1200mV 85C Model Hold 'CLK_FPGA_50M'
Slack : 0.352
TNS   : 0.000

Type  : Slow 1200mV 85C Model Hold 'b2v_inst|pll|sd1|pll7|clk[0]'
Slack : 0.395
TNS   : 0.000

Type  : Slow 1200mV 85C Model Hold 'altera_reserved_tck'
Slack : 0.412
TNS   : 0.000

Type  : Slow 1200mV 85C Model Hold 'st_clk'
Slack : 0.413
TNS   : 0.000

Type  : Slow 1200mV 85C Model Recovery 'CLK_FPGA_50M'
Slack : 15.360
TNS   : 0.000

Type  : Slow 1200mV 85C Model Recovery 'st_clk'
Slack : 18.289
TNS   : 0.000

Type  : Slow 1200mV 85C Model Recovery 'altera_reserved_tck'
Slack : 48.313
TNS   : 0.000

Type  : Slow 1200mV 85C Model Recovery 'b2v_inst|pll|sd1|pll7|clk[0]'
Slack : 996.149
TNS   : 0.000

Type  : Slow 1200mV 85C Model Removal 'altera_reserved_tck'
Slack : 1.011
TNS   : 0.000

Type  : Slow 1200mV 85C Model Removal 'st_clk'
Slack : 1.063
TNS   : 0.000

Type  : Slow 1200mV 85C Model Removal 'b2v_inst|pll|sd1|pll7|clk[0]'
Slack : 2.130
TNS   : 0.000

Type  : Slow 1200mV 85C Model Removal 'CLK_FPGA_50M'
Slack : 2.304
TNS   : 0.000

Type  : Slow 1200mV 85C Model Minimum Pulse Width 'CLK_FPGA_50M'
Slack : 9.409
TNS   : 0.000

Type  : Slow 1200mV 85C Model Minimum Pulse Width 'altera_reserved_tck'
Slack : 49.547
TNS   : 0.000

Type  : Slow 1200mV 85C Model Minimum Pulse Width 'b2v_inst|pll|sd1|pll7|clk[0]'
Slack : 499.711
TNS   : 0.000

Type  : Slow 1200mV 85C Model Minimum Pulse Width 'st_clk'
Slack : 499999.785
TNS   : 0.000

Type  : Slow 1200mV 0C Model Setup 'CLK_FPGA_50M'
Slack : 7.911
TNS   : 0.000

Type  : Slow 1200mV 0C Model Setup 'st_clk'
Slack : 16.935
TNS   : 0.000

Type  : Slow 1200mV 0C Model Setup 'altera_reserved_tck'
Slack : 46.461
TNS   : 0.000

Type  : Slow 1200mV 0C Model Setup 'b2v_inst|pll|sd1|pll7|clk[0]'
Slack : 991.760
TNS   : 0.000

Type  : Slow 1200mV 0C Model Hold 'b2v_inst|pll|sd1|pll7|clk[0]'
Slack : 0.347
TNS   : 0.000

Type  : Slow 1200mV 0C Model Hold 'CLK_FPGA_50M'
Slack : 0.348
TNS   : 0.000

Type  : Slow 1200mV 0C Model Hold 'altera_reserved_tck'
Slack : 0.363
TNS   : 0.000

Type  : Slow 1200mV 0C Model Hold 'st_clk'
Slack : 0.363
TNS   : 0.000

Type  : Slow 1200mV 0C Model Recovery 'CLK_FPGA_50M'
Slack : 15.787
TNS   : 0.000

Type  : Slow 1200mV 0C Model Recovery 'st_clk'
Slack : 18.427
TNS   : 0.000

Type  : Slow 1200mV 0C Model Recovery 'altera_reserved_tck'
Slack : 48.577
TNS   : 0.000

Type  : Slow 1200mV 0C Model Recovery 'b2v_inst|pll|sd1|pll7|clk[0]'
Slack : 996.494
TNS   : 0.000

Type  : Slow 1200mV 0C Model Removal 'altera_reserved_tck'
Slack : 0.915
TNS   : 0.000

Type  : Slow 1200mV 0C Model Removal 'st_clk'
Slack : 0.931
TNS   : 0.000

Type  : Slow 1200mV 0C Model Removal 'b2v_inst|pll|sd1|pll7|clk[0]'
Slack : 1.895
TNS   : 0.000

Type  : Slow 1200mV 0C Model Removal 'CLK_FPGA_50M'
Slack : 2.062
TNS   : 0.000

Type  : Slow 1200mV 0C Model Minimum Pulse Width 'CLK_FPGA_50M'
Slack : 9.434
TNS   : 0.000

Type  : Slow 1200mV 0C Model Minimum Pulse Width 'altera_reserved_tck'
Slack : 49.480
TNS   : 0.000

Type  : Slow 1200mV 0C Model Minimum Pulse Width 'b2v_inst|pll|sd1|pll7|clk[0]'
Slack : 499.691
TNS   : 0.000

Type  : Slow 1200mV 0C Model Minimum Pulse Width 'st_clk'
Slack : 499999.775
TNS   : 0.000

Type  : Fast 1200mV 0C Model Setup 'CLK_FPGA_50M'
Slack : 13.472
TNS   : 0.000

Type  : Fast 1200mV 0C Model Setup 'st_clk'
Slack : 18.256
TNS   : 0.000

Type  : Fast 1200mV 0C Model Setup 'altera_reserved_tck'
Slack : 48.487
TNS   : 0.000

Type  : Fast 1200mV 0C Model Setup 'b2v_inst|pll|sd1|pll7|clk[0]'
Slack : 995.456
TNS   : 0.000

Type  : Fast 1200mV 0C Model Hold 'CLK_FPGA_50M'
Slack : 0.143
TNS   : 0.000

Type  : Fast 1200mV 0C Model Hold 'st_clk'
Slack : 0.179
TNS   : 0.000

Type  : Fast 1200mV 0C Model Hold 'b2v_inst|pll|sd1|pll7|clk[0]'
Slack : 0.180
TNS   : 0.000

Type  : Fast 1200mV 0C Model Hold 'altera_reserved_tck'
Slack : 0.186
TNS   : 0.000

Type  : Fast 1200mV 0C Model Recovery 'CLK_FPGA_50M'
Slack : 17.548
TNS   : 0.000

Type  : Fast 1200mV 0C Model Recovery 'st_clk'
Slack : 19.036
TNS   : 0.000

Type  : Fast 1200mV 0C Model Recovery 'altera_reserved_tck'
Slack : 49.491
TNS   : 0.000

Type  : Fast 1200mV 0C Model Recovery 'b2v_inst|pll|sd1|pll7|clk[0]'
Slack : 997.980
TNS   : 0.000

Type  : Fast 1200mV 0C Model Removal 'altera_reserved_tck'
Slack : 0.493
TNS   : 0.000

Type  : Fast 1200mV 0C Model Removal 'st_clk'
Slack : 0.513
TNS   : 0.000

Type  : Fast 1200mV 0C Model Removal 'b2v_inst|pll|sd1|pll7|clk[0]'
Slack : 1.020
TNS   : 0.000

Type  : Fast 1200mV 0C Model Removal 'CLK_FPGA_50M'
Slack : 1.184
TNS   : 0.000

Type  : Fast 1200mV 0C Model Minimum Pulse Width 'CLK_FPGA_50M'
Slack : 9.203
TNS   : 0.000

Type  : Fast 1200mV 0C Model Minimum Pulse Width 'altera_reserved_tck'
Slack : 49.311
TNS   : 0.000

Type  : Fast 1200mV 0C Model Minimum Pulse Width 'b2v_inst|pll|sd1|pll7|clk[0]'
Slack : 499.782
TNS   : 0.000

Type  : Fast 1200mV 0C Model Minimum Pulse Width 'st_clk'
Slack : 499999.781
TNS   : 0.000

------------------------------------------------------------
